Archive member included to satisfy reference by file (symbol)

/home/runner/work/fsk-energymeter/fsk-energymeter/toolchain/arm-none-eabi/bin/../lib/gcc/arm-none-eabi/13.2.1/../../../../arm-none-eabi/lib/thumb/v7e-m+fp/hard/libc_nano.a(libc_a-exit.o)
                              /home/runner/work/fsk-energymeter/fsk-energymeter/toolchain/arm-none-eabi/bin/../lib/gcc/arm-none-eabi/13.2.1/../../../../arm-none-eabi/lib/thumb/v7e-m+fp/hard/crt0.o (exit)
/home/runner/work/fsk-energymeter/fsk-energymeter/toolchain/arm-none-eabi/bin/../lib/gcc/arm-none-eabi/13.2.1/../../../../arm-none-eabi/lib/thumb/v7e-m+fp/hard/libc_nano.a(libc_a-init.o)
                              /home/runner/work/fsk-energymeter/fsk-energymeter/toolchain/arm-none-eabi/bin/../lib/gcc/arm-none-eabi/13.2.1/../../../../arm-none-eabi/lib/thumb/v7e-m+fp/hard/crt0.o (__libc_init_array)
/home/runner/work/fsk-energymeter/fsk-energymeter/toolchain/arm-none-eabi/bin/../lib/gcc/arm-none-eabi/13.2.1/../../../../arm-none-eabi/lib/thumb/v7e-m+fp/hard/libc_nano.a(libc_a-nano-vfprintf_float.o)
                              (_printf_float)
/home/runner/work/fsk-energymeter/fsk-energymeter/toolchain/arm-none-eabi/bin/../lib/gcc/arm-none-eabi/13.2.1/../../../../arm-none-eabi/lib/thumb/v7e-m+fp/hard/libc_nano.a(libc_a-printf.o)
                              build/main.o (printf)
/home/runner/work/fsk-energymeter/fsk-energymeter/toolchain/arm-none-eabi/bin/../lib/gcc/arm-none-eabi/13.2.1/../../../../arm-none-eabi/lib/thumb/v7e-m+fp/hard/libc_nano.a(libc_a-nano-vfprintf.o)
                              /home/runner/work/fsk-energymeter/fsk-energymeter/toolchain/arm-none-eabi/bin/../lib/gcc/arm-none-eabi/13.2.1/../../../../arm-none-eabi/lib/thumb/v7e-m+fp/hard/libc_nano.a(libc_a-printf.o) (_vfprintf_r)
/home/runner/work/fsk-energymeter/fsk-energymeter/toolchain/arm-none-eabi/bin/../lib/gcc/arm-none-eabi/13.2.1/../../../../arm-none-eabi/lib/thumb/v7e-m+fp/hard/libc_nano.a(libc_a-wbuf.o)
                              /home/runner/work/fsk-energymeter/fsk-energymeter/toolchain/arm-none-eabi/bin/../lib/gcc/arm-none-eabi/13.2.1/../../../../arm-none-eabi/lib/thumb/v7e-m+fp/hard/libc_nano.a(libc_a-nano-vfprintf.o) (__swbuf_r)
/home/runner/work/fsk-energymeter/fsk-energymeter/toolchain/arm-none-eabi/bin/../lib/gcc/arm-none-eabi/13.2.1/../../../../arm-none-eabi/lib/thumb/v7e-m+fp/hard/libc_nano.a(libc_a-wsetup.o)
                              /home/runner/work/fsk-energymeter/fsk-energymeter/toolchain/arm-none-eabi/bin/../lib/gcc/arm-none-eabi/13.2.1/../../../../arm-none-eabi/lib/thumb/v7e-m+fp/hard/libc_nano.a(libc_a-nano-vfprintf.o) (__swsetup_r)
/home/runner/work/fsk-energymeter/fsk-energymeter/toolchain/arm-none-eabi/bin/../lib/gcc/arm-none-eabi/13.2.1/../../../../arm-none-eabi/lib/thumb/v7e-m+fp/hard/libc_nano.a(libc_a-putchar.o)
                              build/tusb.o (putchar)
/home/runner/work/fsk-energymeter/fsk-energymeter/toolchain/arm-none-eabi/bin/../lib/gcc/arm-none-eabi/13.2.1/../../../../arm-none-eabi/lib/thumb/v7e-m+fp/hard/libc_nano.a(libc_a-nano-vfprintf_i.o)
                              /home/runner/work/fsk-energymeter/fsk-energymeter/toolchain/arm-none-eabi/bin/../lib/gcc/arm-none-eabi/13.2.1/../../../../arm-none-eabi/lib/thumb/v7e-m+fp/hard/libc_nano.a(libc_a-nano-vfprintf_float.o) (_printf_common)
/home/runner/work/fsk-energymeter/fsk-energymeter/toolchain/arm-none-eabi/bin/../lib/gcc/arm-none-eabi/13.2.1/../../../../arm-none-eabi/lib/thumb/v7e-m+fp/hard/libc_nano.a(libc_a-puts.o)
                              build/dcd_dwc2.o (puts)
/home/runner/work/fsk-energymeter/fsk-energymeter/toolchain/arm-none-eabi/bin/../lib/gcc/arm-none-eabi/13.2.1/../../../../arm-none-eabi/lib/thumb/v7e-m+fp/hard/libc_nano.a(libc_a-impure.o)
                              /home/runner/work/fsk-energymeter/fsk-energymeter/toolchain/arm-none-eabi/bin/../lib/gcc/arm-none-eabi/13.2.1/../../../../arm-none-eabi/lib/thumb/v7e-m+fp/hard/libc_nano.a(libc_a-printf.o) (_impure_ptr)
/home/runner/work/fsk-energymeter/fsk-energymeter/toolchain/arm-none-eabi/bin/../lib/gcc/arm-none-eabi/13.2.1/../../../../arm-none-eabi/lib/thumb/v7e-m+fp/hard/libc_nano.a(libc_a-fflush.o)
                              /home/runner/work/fsk-energymeter/fsk-energymeter/toolchain/arm-none-eabi/bin/../lib/gcc/arm-none-eabi/13.2.1/../../../../arm-none-eabi/lib/thumb/v7e-m+fp/hard/libc_nano.a(libc_a-wbuf.o) (_fflush_r)
/home/runner/work/fsk-energymeter/fsk-energymeter/toolchain/arm-none-eabi/bin/../lib/gcc/arm-none-eabi/13.2.1/../../../../arm-none-eabi/lib/thumb/v7e-m+fp/hard/libc_nano.a(libc_a-memchr.o)
                              /home/runner/work/fsk-energymeter/fsk-energymeter/toolchain/arm-none-eabi/bin/../lib/gcc/arm-none-eabi/13.2.1/../../../../arm-none-eabi/lib/thumb/v7e-m+fp/hard/libc_nano.a(libc_a-nano-vfprintf.o) (memchr)
[...]
Memory Configuration

Name             Origin             Length             Attributes
RAM              0x20000000         0x00010000         xrw
FLASH            0x08000000         0x00040000         xr
*default*        0x00000000         0xffffffff

Linker script and memory map

LOAD /home/runner/work/fsk-energymeter/fsk-energymeter/toolchain/arm-none-eabi/bin/../lib/gcc/arm-none-eabi/13.2.1/thumb/v7e-m+fp/hard/crti.o
LOAD /home/runner/work/fsk-energymeter/fsk-energymeter/toolchain/arm-none-eabi/bin/../lib/gcc/arm-none-eabi/13.2.1/thumb/v7e-m+fp/hard/crtbegin.o
LOAD /home/runner/work/fsk-energymeter/fsk-energymeter/toolchain/arm-none-eabi/bin/../lib/gcc/arm-none-eabi/13.2.1/../../../../arm-none-eabi/lib/thumb/v7e-m+fp/hard/crt0.o
LOAD build/main.o
LOAD build/gpio.o
LOAD build/usart.o
LOAD build/stm32f4xx_it.o
LOAD build/stm32f4xx_hal_msp.o
LOAD build/system_stm32f4xx.o
LOAD build/stm32f4xx_hal_rcc.o
LOAD build/stm32f4xx_hal_rcc_ex.o
LOAD build/stm32f4xx_hal_flash.o
LOAD build/stm32f4xx_hal_flash_ex.o
LOAD build/stm32f4xx_hal_flash_ramfunc.o
LOAD build/stm32f4xx_hal_gpio.o
LOAD build/stm32f4xx_hal_dma_ex.o
LOAD build/stm32f4xx_hal_dma.o
LOAD build/stm32f4xx_hal_pwr.o
LOAD build/stm32f4xx_hal_pwr_ex.o
LOAD build/stm32f4xx_hal_cortex.o
LOAD build/stm32f4xx_hal.o
LOAD build/stm32f4xx_hal_exti.o
LOAD build/stm32f4xx_hal_tim.o
LOAD build/stm32f4xx_hal_tim_ex.o
LOAD build/stm32f4xx_hal_uart.o
LOAD build/stm32f4xx_hal_pcd.o
LOAD build/stm32f4xx_hal_pcd_ex.o
LOAD build/stm32f4xx_ll_usb.o
LOAD build/sysmem.o
LOAD build/syscalls.o
LOAD build/typec_stm32.o
LOAD build/dcd_stm32_fsdev.o
LOAD build/dcd_dwc2.o
LOAD build/tusb_fifo.o
LOAD build/usbc.o
LOAD build/cdc_rndis_host.o
LOAD build/cdc_host.o
LOAD build/cdc_device.o
LOAD build/msc_host.o
LOAD build/msc_device.o
LOAD build/vendor_host.o
LOAD build/vendor_device.o
LOAD build/usbd_control.o
LOAD build/usbd.o
LOAD build/tusb.o
LOAD build/adc.o
LOAD build/rtc.o
LOAD build/tim.o
LOAD build/stm32f4xx_hal_adc.o
LOAD build/stm32f4xx_hal_adc_ex.o
LOAD build/stm32f4xx_ll_adc.o
LOAD build/stm32f4xx_hal_rtc.o
LOAD build/stm32f4xx_hal_rtc_ex.o
LOAD build/sdio.o
LOAD build/fatfs.o
LOAD build/stm32f4xx_ll_sdmmc.o
LOAD build/diskio.o
LOAD build/ff.o
LOAD build/ff_gen_drv.o
LOAD build/syscall.o
LOAD build/ccsbcs.o
LOAD build/stm32f4xx_hal_sd.o
LOAD build/dma.o
LOAD build/energymeter.o
LOAD build/energymeter_usb.o
LOAD build/energymeter_record.o
LOAD build/bsp_driver_sd.o
LOAD build/sd_diskio.o
LOAD build/startup_stm32f401xc.o
LOAD /home/runner/work/fsk-energymeter/fsk-energymeter/toolchain/arm-none-eabi/bin/../lib/gcc/arm-none-eabi/13.2.1/../../../../arm-none-eabi/lib/thumb/v7e-m+fp/hard/libc_nano.a
LOAD /home/runner/work/fsk-energymeter/fsk-energymeter/toolchain/arm-none-eabi/bin/../lib/gcc/arm-none-eabi/13.2.1/../../../../arm-none-eabi/lib/thumb/v7e-m+fp/hard/libm.a
LOAD /home/runner/work/fsk-energymeter/fsk-energymeter/toolchain/arm-none-eabi/bin/../lib/gcc/arm-none-eabi/13.2.1/../../../../arm-none-eabi/lib/thumb/v7e-m+fp/hard/libnosys.a
START GROUP
LOAD /home/runner/work/fsk-energymeter/fsk-energymeter/toolchain/arm-none-eabi/bin/../lib/gcc/arm-none-eabi/13.2.1/thumb/v7e-m+fp/hard/libgcc.a
LOAD /home/runner/work/fsk-energymeter/fsk-energymeter/toolchain/arm-none-eabi/bin/../lib/gcc/arm-none-eabi/13.2.1/../../../../arm-none-eabi/lib/thumb/v7e-m+fp/hard/libc_nano.a
END GROUP
START GROUP
LOAD /home/runner/work/fsk-energymeter/fsk-energymeter/toolchain/arm-none-eabi/bin/../lib/gcc/arm-none-eabi/13.2.1/thumb/v7e-m+fp/hard/libgcc.a
LOAD /home/runner/work/fsk-energymeter/fsk-energymeter/toolchain/arm-none-eabi/bin/../lib/gcc/arm-none-eabi/13.2.1/../../../../arm-none-eabi/lib/thumb/v7e-m+fp/hard/libc_nano.a
END GROUP
LOAD /home/runner/work/fsk-energymeter/fsk-energymeter/toolchain/arm-none-eabi/bin/../lib/gcc/arm-none-eabi/13.2.1/thumb/v7e-m+fp/hard/crtend.o
LOAD /home/runner/work/fsk-energymeter/fsk-energymeter/toolchain/arm-none-eabi/bin/../lib/gcc/arm-none-eabi/13.2.1/thumb/v7e-m+fp/hard/crtn.o
                0x20010000                        _estack = (ORIGIN (RAM) + LENGTH (RAM))
                0x00002000                        _Min_Heap_Size = 0x2000
                0x00001000                        _Min_Stack_Size = 0x1000

.isr_vector     0x08000000      0x194
                0x08000000                        . = ALIGN (0x4)
 *(.isr_vector)
 .isr_vector    0x08000000      0x194 build/startup_stm32f401xc.o
                0x08000000                g_pfnVectors
                0x08000194                        . = ALIGN (0x4)

.text           0x080001a0     0xe6e4
                0x080001a0                        . = ALIGN (0x4)
 *(.text)
 .text          0x080001a0       0xa0 /home/runner/work/fsk-energymeter/fsk-energymeter/toolchain/arm-none-eabi/bin/../lib/gcc/arm-none-eabi/13.2.1/../../../../arm-none-eabi/lib/thumb/v7e-m+fp/hard/libc_nano.a(libc_a-memchr.o)
                0x080001a0                memchr
 .text          0x08000240       0x10 /home/runner/work/fsk-energymeter/fsk-energymeter/toolchain/arm-none-eabi/bin/../lib/gcc/arm-none-eabi/13.2.1/../../../../arm-none-eabi/lib/thumb/v7e-m+fp/hard/libc_nano.a(libc_a-strlen.o)
                0x08000240                strlen
 .text          0x08000250      0x378 /home/runner/work/fsk-energymeter/fsk-energymeter/toolchain/arm-none-eabi/bin/../lib/gcc/arm-none-eabi/13.2.1/thumb/v7e-m+fp/hard/libgcc.a(_arm_addsubdf3.o)
                0x08000250                __aeabi_drsub
                0x08000258                __aeabi_dsub
                0x08000258                __subdf3
                0x0800025c                __adddf3
                0x0800025c                __aeabi_dadd
                0x080004d4                __aeabi_ui2d
                0x080004d4                __floatunsidf
                0x080004f4                __floatsidf
                0x080004f4                __aeabi_i2d
                0x08000518                __extendsfdf2
                0x08000518                __aeabi_f2d
                0x0800055c                __aeabi_ul2d
                0x0800055c                __floatundidf
                0x0800056c                __floatdidf
                0x0800056c                __aeabi_l2d
 .text          0x080005c8      0x424 /home/runner/work/fsk-energymeter/fsk-energymeter/toolchain/arm-none-eabi/bin/../lib/gcc/arm-none-eabi/13.2.1/thumb/v7e-m+fp/hard/libgcc.a(_arm_muldivdf3.o)
                0x080005c8                __aeabi_dmul
                0x080005c8                __muldf3
                0x0800081c                __aeabi_ddiv
                0x0800081c                __divdf3
 .text          0x080009ec      0x110 /home/runner/work/fsk-energymeter/fsk-energymeter/toolchain/arm-none-eabi/bin/../lib/gcc/arm-none-eabi/13.2.1/thumb/v7e-m+fp/hard/libgcc.a(_arm_cmpdf2.o)
                0x080009ec                __gtdf2
                0x080009ec                __gedf2
                0x080009f4                __ltdf2
                0x080009f4                __ledf2
                0x080009fc                __cmpdf2
                0x080009fc                __eqdf2
                0x080009fc                __nedf2
                0x08000a78                __aeabi_cdrcmple
                0x08000a88                __aeabi_cdcmple
                0x08000a88                __aeabi_cdcmpeq
                0x08000a98                __aeabi_dcmpeq
                0x08000aac                __aeabi_dcmplt
                0x08000ac0                __aeabi_dcmple
                0x08000ad4                __aeabi_dcmpge
                0x08000ae8                __aeabi_dcmpgt
 .text          0x08000afc       0x2c /home/runner/work/fsk-energymeter/fsk-energymeter/toolchain/arm-none-eabi/bin/../lib/gcc/arm-none-eabi/13.2.1/thumb/v7e-m+fp/hard/libgcc.a(_arm_unorddf2.o)
                0x08000afc                __aeabi_dcmpun
                0x08000afc                __unorddf2
 .text          0x08000b28       0x50 /home/runner/work/fsk-energymeter/fsk-energymeter/toolchain/arm-none-eabi/bin/../lib/gcc/arm-none-eabi/13.2.1/thumb/v7e-m+fp/hard/libgcc.a(_arm_fixdfsi.o)
                0x08000b28                __fixdfsi
                0x08000b28                __aeabi_d2iz
 .text          0x08000b78       0x30 /home/runner/work/fsk-energymeter/fsk-energymeter/toolchain/arm-none-eabi/bin/../lib/gcc/arm-none-eabi/13.2.1/thumb/v7e-m+fp/hard/libgcc.a(_aeabi_uldivmod.o)
                0x08000b78                __aeabi_uldivmod
 .text          0x08000ba8        0x4 /home/runner/work/fsk-energymeter/fsk-energymeter/toolchain/arm-none-eabi/bin/../lib/gcc/arm-none-eabi/13.2.1/thumb/v7e-m+fp/hard/libgcc.a(_dvmd_tls.o)
                0x08000ba8                __aeabi_ldiv0
                0x08000ba8                __aeabi_idiv0
 *(.text*)
 .text.deregister_tm_clones
                0x08000bac       0x1c /home/runner/work/fsk-energymeter/fsk-energymeter/toolchain/arm-none-eabi/bin/../lib/gcc/arm-none-eabi/13.2.1/thumb/v7e-m+fp/hard/crtbegin.o
 .text.register_tm_clones
                0x08000bc8       0x24 /home/runner/work/fsk-energymeter/fsk-energymeter/toolchain/arm-none-eabi/bin/../lib/gcc/arm-none-eabi/13.2.1/thumb/v7e-m+fp/hard/crtbegin.o
 .text.__do_global_dtors_aux
                0x08000bec       0x28 /home/runner/work/fsk-energymeter/fsk-energymeter/toolchain/arm-none-eabi/bin/../lib/gcc/arm-none-eabi/13.2.1/thumb/v7e-m+fp/hard/crtbegin.o
 .text.frame_dummy
                0x08000c14       0x24 /home/runner/work/fsk-energymeter/fsk-energymeter/toolchain/arm-none-eabi/bin/../lib/gcc/arm-none-eabi/13.2.1/thumb/v7e-m+fp/hard/crtbegin.o
 .text._write   0x08000c38       0x18 build/main.o
                0x08000c38                _write
 .text.Error_Handler
                0x08000c50       0x34 build/main.o
                0x08000c50                Error_Handler
 .text.SystemClock_Config
                0x08000c84       0xb0 build/main.o
                0x08000c84                SystemClock_Config
 .text.main     0x08000d34       0x30 build/main.o
                0x08000d34                main
 .text.MX_GPIO_Init
                0x08000d64       0xa8 build/gpio.o
                0x08000d64                MX_GPIO_Init
 .text.MX_USART1_UART_Init
                0x08000e0c       0x34 build/usart.o
                0x08000e0c                MX_USART1_UART_Init
 .text.HAL_UART_MspInit
                0x08000e40       0x70 build/usart.o
                0x08000e40                HAL_UART_MspInit
 .text.NMI_Handler
                0x08000eb0        0x2 build/stm32f4xx_it.o
                0x08000eb0                NMI_Handler
 *fill*         0x08000eb2        0x2 
 .text.HardFault_Handler
                0x08000eb4       0x14 build/stm32f4xx_it.o
                0x08000eb4                HardFault_Handler
 .text.MemManage_Handler
                0x08000ec8        0x2 build/stm32f4xx_it.o
                0x08000ec8                MemManage_Handler
 .text.BusFault_Handler
                0x08000eca        0x2 build/stm32f4xx_it.o
                0x08000eca                BusFault_Handler
 .text.UsageFault_Handler
                0x08000ecc        0x2 build/stm32f4xx_it.o
                0x08000ecc                UsageFault_Handler
 .text.SVC_Handler
                0x08000ece        0x2 build/stm32f4xx_it.o
                0x08000ece                SVC_Handler
 .text.DebugMon_Handler
                0x08000ed0        0x2 build/stm32f4xx_it.o
                0x08000ed0                DebugMon_Handler
 .text.PendSV_Handler
                0x08000ed2        0x2 build/stm32f4xx_it.o
                0x08000ed2                PendSV_Handler
 .text.SysTick_Handler
                0x08000ed4        0x8 build/stm32f4xx_it.o
                0x08000ed4                SysTick_Handler
 .text.ADC_IRQHandler
                0x08000edc       0x10 build/stm32f4xx_it.o
                0x08000edc                ADC_IRQHandler
 .text.SDIO_IRQHandler
                0x08000eec       0x10 build/stm32f4xx_it.o
                0x08000eec                SDIO_IRQHandler
 .text.TIM5_IRQHandler
                0x08000efc       0x10 build/stm32f4xx_it.o
                0x08000efc                TIM5_IRQHandler
 .text.DMA2_Stream0_IRQHandler
                0x08000f0c       0x10 build/stm32f4xx_it.o
                0x08000f0c                DMA2_Stream0_IRQHandler
 .text.OTG_FS_IRQHandler
                0x08000f1c        0xa build/stm32f4xx_it.o
                0x08000f1c                OTG_FS_IRQHandler
 *fill*         0x08000f26        0x2 
 .text.HAL_MspInit
                0x08000f28       0x38 build/stm32f4xx_hal_msp.o
                0x08000f28                HAL_MspInit
 .text.SystemInit
                0x08000f60       0x14 build/system_stm32f4xx.o
                0x08000f60                SystemInit
 .text.HAL_RCC_OscConfig
                0x08000f74      0x3f8 build/stm32f4xx_hal_rcc.o
                0x08000f74                HAL_RCC_OscConfig
 .text.HAL_RCC_GetSysClockFreq
                0x0800136c       0xa8 build/stm32f4xx_hal_rcc.o
                0x0800136c                HAL_RCC_GetSysClockFreq
 .text.HAL_RCC_ClockConfig
                0x08001414      0x160 build/stm32f4xx_hal_rcc.o
                0x08001414                HAL_RCC_ClockConfig
 .text.HAL_RCC_GetHCLKFreq
                0x08001574        0xc build/stm32f4xx_hal_rcc.o
                0x08001574                HAL_RCC_GetHCLKFreq
 .text.HAL_RCC_GetPCLK1Freq
                0x08001580       0x20 build/stm32f4xx_hal_rcc.o
                0x08001580                HAL_RCC_GetPCLK1Freq
 .text.HAL_RCC_GetPCLK2Freq
                0x080015a0       0x20 build/stm32f4xx_hal_rcc.o
                0x080015a0                HAL_RCC_GetPCLK2Freq
 .text.HAL_RCCEx_PeriphCLKConfig
                0x080015c0      0x16c build/stm32f4xx_hal_rcc_ex.o
                0x080015c0                HAL_RCCEx_PeriphCLKConfig
 .text.HAL_GPIO_Init
                0x0800172c      0x1c8 build/stm32f4xx_hal_gpio.o
                0x0800172c                HAL_GPIO_Init
 .text.HAL_GPIO_WritePin
                0x080018f4        0xc build/stm32f4xx_hal_gpio.o
                0x080018f4                HAL_GPIO_WritePin
 .text.HAL_GPIO_TogglePin
                0x08001900       0x12 build/stm32f4xx_hal_gpio.o
                0x08001900                HAL_GPIO_TogglePin
 .text.DMA_SetConfig
                0x08001912       0x2c build/stm32f4xx_hal_dma.o
 *fill*         0x0800193e        0x2 
 .text.DMA_CalcBaseAndBitshift
                0x08001940       0x3c build/stm32f4xx_hal_dma.o
 .text.DMA_CheckFifoParam
                0x0800197c       0x8e build/stm32f4xx_hal_dma.o
 *fill*         0x08001a0a        0x2 
 .text.HAL_DMA_Init
                0x08001a0c       0xcc build/stm32f4xx_hal_dma.o
                0x08001a0c                HAL_DMA_Init
 .text.HAL_DMA_Start_IT
                0x08001ad8       0x6a build/stm32f4xx_hal_dma.o
                0x08001ad8                HAL_DMA_Start_IT
 .text.HAL_DMA_Abort_IT
                0x08001b42       0x26 build/stm32f4xx_hal_dma.o
                0x08001b42                HAL_DMA_Abort_IT
 .text.HAL_DMA_IRQHandler
                0x08001b68      0x1dc build/stm32f4xx_hal_dma.o
                0x08001b68                HAL_DMA_IRQHandler
 .text.__NVIC_EnableIRQ
                0x08001d44       0x1c build/stm32f4xx_hal_cortex.o
 .text.__NVIC_SetPriority
                0x08001d60       0x28 build/stm32f4xx_hal_cortex.o
 .text.NVIC_EncodePriority
                0x08001d88       0x3e build/stm32f4xx_hal_cortex.o
 *fill*         0x08001dc6        0x2 
 .text.HAL_NVIC_SetPriorityGrouping
                0x08001dc8       0x24 build/stm32f4xx_hal_cortex.o
                0x08001dc8                HAL_NVIC_SetPriorityGrouping
 .text.HAL_NVIC_SetPriority
                0x08001dec       0x20 build/stm32f4xx_hal_cortex.o
                0x08001dec                HAL_NVIC_SetPriority
 .text.HAL_NVIC_EnableIRQ
                0x08001e0c        0x8 build/stm32f4xx_hal_cortex.o
                0x08001e0c                HAL_NVIC_EnableIRQ
 .text.HAL_SYSTICK_Config
                0x08001e14       0x28 build/stm32f4xx_hal_cortex.o
                0x08001e14                HAL_SYSTICK_Config
 .text.HAL_InitTick
                0x08001e3c       0x4c build/stm32f4xx_hal.o
                0x08001e3c                HAL_InitTick
 .text.HAL_Init
                0x08001e88       0x34 build/stm32f4xx_hal.o
                0x08001e88                HAL_Init
 .text.HAL_IncTick
                0x08001ebc       0x18 build/stm32f4xx_hal.o
                0x08001ebc                HAL_IncTick
 .text.HAL_GetTick
                0x08001ed4        0xc build/stm32f4xx_hal.o
                0x08001ed4                HAL_GetTick
 .text.HAL_Delay
                0x08001ee0       0x28 build/stm32f4xx_hal.o
                0x08001ee0                HAL_Delay
 .text.HAL_GetUIDw0
                0x08001f08        0xc build/stm32f4xx_hal.o
                0x08001f08                HAL_GetUIDw0
 .text.HAL_GetUIDw1
                0x08001f14        0xc build/stm32f4xx_hal.o
                0x08001f14                HAL_GetUIDw1
 .text.HAL_GetUIDw2
                0x08001f20        0xc build/stm32f4xx_hal.o
                0x08001f20                HAL_GetUIDw2
 .text.TIM_TI1_ConfigInputStage
                0x08001f2c       0x26 build/stm32f4xx_hal_tim.o
 .text.TIM_TI2_ConfigInputStage
                0x08001f52       0x28 build/stm32f4xx_hal_tim.o
 .text.TIM_ITRx_SetConfig
                0x08001f7a       0x10 build/stm32f4xx_hal_tim.o
 *fill*         0x08001f8a        0x2 
 .text.HAL_TIM_Base_Start_IT
                0x08001f8c       0x78 build/stm32f4xx_hal_tim.o
                0x08001f8c                HAL_TIM_Base_Start_IT
 .text.HAL_TIM_OC_DelayElapsedCallback
                0x08002004        0x2 build/stm32f4xx_hal_tim.o
                0x08002004                HAL_TIM_OC_DelayElapsedCallback
 .text.HAL_TIM_IC_CaptureCallback
                0x08002006        0x2 build/stm32f4xx_hal_tim.o
                0x08002006                HAL_TIM_IC_CaptureCallback
 .text.HAL_TIM_PWM_PulseFinishedCallback
                0x08002008        0x2 build/stm32f4xx_hal_tim.o
                0x08002008                HAL_TIM_PWM_PulseFinishedCallback
 .text.HAL_TIM_TriggerCallback
                0x0800200a        0x2 build/stm32f4xx_hal_tim.o
                0x0800200a                HAL_TIM_TriggerCallback
 .text.HAL_TIM_IRQHandler
                0x0800200c      0x15e build/stm32f4xx_hal_tim.o
                0x0800200c                HAL_TIM_IRQHandler
 *fill*         0x0800216a        0x2 
 .text.TIM_Base_SetConfig
                0x0800216c       0xac build/stm32f4xx_hal_tim.o
                0x0800216c                TIM_Base_SetConfig
 .text.HAL_TIM_Base_Init
                0x08002218       0x58 build/stm32f4xx_hal_tim.o
                0x08002218                HAL_TIM_Base_Init
 .text.TIM_ETR_SetConfig
                0x08002270       0x1a build/stm32f4xx_hal_tim.o
                0x08002270                TIM_ETR_SetConfig
 .text.HAL_TIM_ConfigClockSource
                0x0800228a       0xfe build/stm32f4xx_hal_tim.o
                0x0800228a                HAL_TIM_ConfigClockSource
 .text.HAL_TIMEx_MasterConfigSynchronization
                0x08002388       0x7c build/stm32f4xx_hal_tim_ex.o
                0x08002388                HAL_TIMEx_MasterConfigSynchronization
 .text.HAL_TIMEx_CommutCallback
                0x08002404        0x2 build/stm32f4xx_hal_tim_ex.o
                0x08002404                HAL_TIMEx_CommutCallback
 .text.HAL_TIMEx_BreakCallback
                0x08002406        0x2 build/stm32f4xx_hal_tim_ex.o
                0x08002406                HAL_TIMEx_BreakCallback
 .text.UART_EndRxTransfer
                0x08002408       0x5c build/stm32f4xx_hal_uart.o
 .text.UART_SetConfig
                0x08002464      0x110 build/stm32f4xx_hal_uart.o
 .text.UART_WaitOnFlagUntilTimeout
                0x08002574       0x86 build/stm32f4xx_hal_uart.o
 .text.HAL_UART_Init
                0x080025fa       0x60 build/stm32f4xx_hal_uart.o
                0x080025fa                HAL_UART_Init
 .text.HAL_UART_Transmit
                0x0800265a       0xcc build/stm32f4xx_hal_uart.o
                0x0800265a                HAL_UART_Transmit
 *fill*         0x08002726        0x2 
 .text._sbrk    0x08002728       0x48 build/sysmem.o
                0x08002728                _sbrk
 .text._getpid  0x08002770        0x4 build/syscalls.o
                0x08002770                _getpid
 .text._kill    0x08002774       0x10 build/syscalls.o
                0x08002774                _kill
 .text._exit    0x08002784        0xc build/syscalls.o
                0x08002784                _exit
 .text._read    0x08002790       0x20 build/syscalls.o
                0x08002790                _read
 .text._close   0x080027b0        0x6 build/syscalls.o
                0x080027b0                _close
 .text._fstat   0x080027b6        0xa build/syscalls.o
                0x080027b6                _fstat
 .text._isatty  0x080027c0        0x4 build/syscalls.o
                0x080027c0                _isatty
 .text._lseek   0x080027c4        0x4 build/syscalls.o
                0x080027c4                _lseek
 .text.__NVIC_EnableIRQ
                0x080027c8       0x1c build/dcd_dwc2.o
 .text.__NVIC_DisableIRQ
                0x080027e4       0x24 build/dcd_dwc2.o
 .text.dwc2_phy_update
                0x08002808       0x9c build/dcd_dwc2.o
 .text.edpt_activate
                0x080028a4       0x94 build/dcd_dwc2.o
 .text.edpt_disable
                0x08002938       0xf8 build/dcd_dwc2.o
 .text.edpt_schedule_packets
                0x08002a30      0x114 build/dcd_dwc2.o
 .text.reset_core
                0x08002b44       0x18 build/dcd_dwc2.o
 .text.phy_hs_supported
                0x08002b5c        0x4 build/dcd_dwc2.o
 .text.read_fifo_packet
                0x08002b60       0x50 build/dcd_dwc2.o
 .text.write_fifo_packet
                0x08002bb0       0x54 build/dcd_dwc2.o
 .text.phy_hs_init
                0x08002c04       0xac build/dcd_dwc2.o
 .text.phy_fs_init
                0x08002cb0       0x48 build/dcd_dwc2.o
 .text.fifo_alloc
                0x08002cf8       0xfc build/dcd_dwc2.o
 .text.bus_reset
                0x08002df4       0xe4 build/dcd_dwc2.o
 .text.handle_epout_irq
                0x08002ed8       0xfc build/dcd_dwc2.o
 .text.handle_rxflvl_irq
                0x08002fd4      0x118 build/dcd_dwc2.o
 .text.handle_epin_irq
                0x080030ec      0x158 build/dcd_dwc2.o
 .text.print_dwc2_info
                0x08003244       0x38 build/dcd_dwc2.o
                0x08003244                print_dwc2_info
 .text.check_dwc2
                0x0800327c       0x60 build/dcd_dwc2.o
 .text.dcd_int_enable
                0x080032dc       0x18 build/dcd_dwc2.o
                0x080032dc                dcd_int_enable
 .text.dcd_int_disable
                0x080032f4       0x18 build/dcd_dwc2.o
                0x080032f4                dcd_int_disable
 .text.dcd_connect
                0x0800330c       0x18 build/dcd_dwc2.o
                0x0800330c                dcd_connect
 .text.dcd_disconnect
                0x08003324       0x18 build/dcd_dwc2.o
                0x08003324                dcd_disconnect
 .text.dcd_init
                0x0800333c       0xb8 build/dcd_dwc2.o
                0x0800333c                dcd_init
 .text.dcd_sof_enable
                0x080033f4       0x2c build/dcd_dwc2.o
                0x080033f4                dcd_sof_enable
 .text.dcd_edpt_open
                0x08003420       0x48 build/dcd_dwc2.o
                0x08003420                dcd_edpt_open
 .text.dcd_edpt_close_all
                0x08003468       0xb0 build/dcd_dwc2.o
                0x08003468                dcd_edpt_close_all
 .text.dcd_edpt_xfer
                0x08003518       0x7c build/dcd_dwc2.o
                0x08003518                dcd_edpt_xfer
 .text.dcd_set_address
                0x08003594       0x28 build/dcd_dwc2.o
                0x08003594                dcd_set_address
 .text.dcd_edpt_stall
                0x080035bc        0xa build/dcd_dwc2.o
                0x080035bc                dcd_edpt_stall
 *fill*         0x080035c6        0x2 
 .text.dcd_edpt_clear_stall
                0x080035c8       0x40 build/dcd_dwc2.o
                0x080035c8                dcd_edpt_clear_stall
 .text.dcd_int_handler
                0x08003608      0x16c build/dcd_dwc2.o
                0x08003608                dcd_int_handler
 .text.advance_index
                0x08003774       0x1a build/tusb_fifo.o
 .text._tu_fifo_peek
                0x0800378e       0x62 build/tusb_fifo.o
 .text._ff_pull_const_addr
                0x080037f0       0x34 build/tusb_fifo.o
 .text._ff_pull_n
                0x08003824      0x106 build/tusb_fifo.o
 .text._tu_fifo_peek_n
                0x0800392a       0x6a build/tusb_fifo.o
 .text._tu_fifo_read_n
                0x08003994       0x30 build/tusb_fifo.o
 .text._ff_push_const_addr
                0x080039c4       0x2e build/tusb_fifo.o
 .text._ff_push_n
                0x080039f2      0x102 build/tusb_fifo.o
 .text._tu_fifo_write_n
                0x08003af4       0xce build/tusb_fifo.o
 .text.tu_fifo_config
                0x08003bc2       0x2c build/tusb_fifo.o
                0x08003bc2                tu_fifo_config
 .text.tu_fifo_count
                0x08003bee       0x28 build/tusb_fifo.o
                0x08003bee                tu_fifo_count
 .text.tu_fifo_empty
                0x08003c16       0x12 build/tusb_fifo.o
                0x08003c16                tu_fifo_empty
 .text.tu_fifo_full
                0x08003c28       0x28 build/tusb_fifo.o
                0x08003c28                tu_fifo_full
 .text.tu_fifo_remaining
                0x08003c50       0x2c build/tusb_fifo.o
                0x08003c50                tu_fifo_remaining
 .text.tu_fifo_read
                0x08003c7c       0x24 build/tusb_fifo.o
                0x08003c7c                tu_fifo_read
 .text.tu_fifo_read_n
                0x08003ca0        0xa build/tusb_fifo.o
                0x08003ca0                tu_fifo_read_n
 .text.tu_fifo_read_n_const_addr_full_words
                0x08003caa        0xa build/tusb_fifo.o
                0x08003caa                tu_fifo_read_n_const_addr_full_words
 .text.tu_fifo_write
                0x08003cb4       0x46 build/tusb_fifo.o
                0x08003cb4                tu_fifo_write
 .text.tu_fifo_write_n
                0x08003cfa        0xa build/tusb_fifo.o
                0x08003cfa                tu_fifo_write_n
 .text.tu_fifo_write_n_const_addr_full_words
                0x08003d04        0xa build/tusb_fifo.o
                0x08003d04                tu_fifo_write_n_const_addr_full_words
 .text.tu_fifo_clear
                0x08003d0e        0xa build/tusb_fifo.o
                0x08003d0e                tu_fifo_clear
 .text.tu_fifo_set_overwritable
                0x08003d18        0xc build/tusb_fifo.o
                0x08003d18                tu_fifo_set_overwritable
 .text._prep_out_transaction
                0x08003d24       0x6a build/cdc_device.o
 *fill*         0x08003d8e        0x2 
 .text.tud_cdc_n_available
                0x08003d90       0x1c build/cdc_device.o
                0x08003d90                tud_cdc_n_available
 .text.tud_cdc_n_read
                0x08003dac       0x38 build/cdc_device.o
                0x08003dac                tud_cdc_n_read
 .text.tud_cdc_n_read_flush
                0x08003de4       0x24 build/cdc_device.o
                0x08003de4                tud_cdc_n_read_flush
 .text.tud_cdc_n_write_flush
                0x08003e08       0xcc build/cdc_device.o
                0x08003e08                tud_cdc_n_write_flush
 .text.tud_cdc_n_write
                0x08003ed4       0x48 build/cdc_device.o
                0x08003ed4                tud_cdc_n_write
 .text.cdcd_init
                0x08003f1c       0x78 build/cdc_device.o
                0x08003f1c                cdcd_init
 .text.cdcd_deinit
                0x08003f94        0x4 build/cdc_device.o
                0x08003f94                cdcd_deinit
 .text.cdcd_reset
                0x08003f98       0x80 build/cdc_device.o
                0x08003f98                cdcd_reset
 .text.cdcd_open
                0x08004018      0x11c build/cdc_device.o
                0x08004018                cdcd_open
 .text.cdcd_control_xfer_cb
                0x08004134      0x148 build/cdc_device.o
                0x08004134                cdcd_control_xfer_cb
 .text.cdcd_xfer_cb
                0x0800427c      0x138 build/cdc_device.o
                0x0800427c                cdcd_xfer_cb
 .text.proc_bot_reset
                0x080043b4       0x18 build/msc_device.o
 .text.send_csw
                0x080043cc       0x20 build/msc_device.o
 .text.tu_lookup_find
                0x080043ec       0x3c build/msc_device.o
 .text.rdwr10_validate_cmd
                0x08004428       0x84 build/msc_device.o
                0x08004428                rdwr10_validate_cmd
 .text.tud_msc_set_sense
                0x080044ac       0x18 build/msc_device.o
                0x080044ac                tud_msc_set_sense
 .text.proc_builtin_scsi
                0x080044c4      0x34c build/msc_device.o
 .text.fail_scsi_op
                0x08004810       0x50 build/msc_device.o
 .text.proc_read10_cmd
                0x08004860       0xcc build/msc_device.o
 .text.proc_write10_cmd
                0x0800492c       0x7c build/msc_device.o
 .text.proc_write10_new_data
                0x080049a8       0xc8 build/msc_device.o
 .text.mscd_init
                0x08004a70       0x14 build/msc_device.o
                0x08004a70                mscd_init
 .text.mscd_reset
                0x08004a84       0x14 build/msc_device.o
                0x08004a84                mscd_reset
 .text.mscd_open
                0x08004a98       0xd4 build/msc_device.o
                0x08004a98                mscd_open
 .text.mscd_control_xfer_cb
                0x08004b6c      0x178 build/msc_device.o
                0x08004b6c                mscd_control_xfer_cb
 .text.mscd_xfer_cb
                0x08004ce4      0x3d8 build/msc_device.o
                0x08004ce4                mscd_xfer_cb
 .text._status_stage_xact
                0x080050bc       0x1a build/usbd_control.o
 *fill*         0x080050d6        0x2 
 .text._data_stage_xact
                0x080050d8       0x5c build/usbd_control.o
 .text.dcd_edpt0_status_complete
                0x08005134        0x2 build/usbd_control.o
                0x08005134                dcd_edpt0_status_complete
 *fill*         0x08005136        0x2 
 .text.tud_control_status
                0x08005138       0x28 build/usbd_control.o
                0x08005138                tud_control_status
 .text.tud_control_xfer
                0x08005160       0xac build/usbd_control.o
                0x08005160                tud_control_xfer
 .text.usbd_control_reset
                0x0800520c       0x14 build/usbd_control.o
                0x0800520c                usbd_control_reset
 .text.usbd_control_set_complete_callback
                0x08005220        0xc build/usbd_control.o
                0x08005220                usbd_control_set_complete_callback
 .text.usbd_control_set_request
                0x0800522c       0x1c build/usbd_control.o
                0x0800522c                usbd_control_set_request
 .text.usbd_control_xfer_cb
                0x08005248      0x120 build/usbd_control.o
                0x08005248                usbd_control_xfer_cb
 .text.tud_vendor_control_xfer_cb
                0x08005368        0x4 build/usbd.o
                0x08005368                tud_vendor_control_xfer_cb
 .text.configuration_reset
                0x0800536c       0x8c build/usbd.o
 .text.usbd_int_set
                0x080053f8       0x1c build/usbd.o
                0x080053f8                usbd_int_set
 .text.tu_print_buf
                0x08005414       0x28 build/usbd.o
 .text.usbd_reset
                0x0800543c        0xc build/usbd.o
 .text.invoke_class_control
                0x08005448       0x28 build/usbd.o
 .text.process_set_config
                0x08005470      0x1dc build/usbd.o
 .text.tud_event_hook_cb
                0x0800564c        0x2 build/usbd.o
                0x0800564c                tud_event_hook_cb
 .text.tud_sof_cb
                0x0800564e        0x2 build/usbd.o
                0x0800564e                tud_sof_cb
 .text.tud_descriptor_bos_cb
                0x08005650        0x4 build/usbd.o
                0x08005650                tud_descriptor_bos_cb
 .text.tud_descriptor_device_qualifier_cb
                0x08005654        0x4 build/usbd.o
                0x08005654                tud_descriptor_device_qualifier_cb
 .text.tud_descriptor_other_speed_configuration_cb
                0x08005658        0x4 build/usbd.o
                0x08005658                tud_descriptor_other_speed_configuration_cb
 .text.process_get_descriptor
                0x0800565c      0x140 build/usbd.o
 .text.usbd_driver_print_control_complete_name
                0x0800579c       0x50 build/usbd.o
                0x0800579c                usbd_driver_print_control_complete_name
 .text.tud_mounted
                0x080057ec       0x10 build/usbd.o
                0x080057ec                tud_mounted
 .text.tud_suspended
                0x080057fc       0x10 build/usbd.o
                0x080057fc                tud_suspended
 .text.tud_inited
                0x0800580c       0x10 build/usbd.o
                0x0800580c                tud_inited
 .text.tud_init
                0x0800581c      0x118 build/usbd.o
                0x0800581c                tud_init
 .text.dcd_event_handler
                0x08005934      0x204 build/usbd.o
                0x08005934                dcd_event_handler
 .text.usbd_edpt_open
                0x08005b38       0x7c build/usbd.o
                0x08005b38                usbd_edpt_open
 .text.usbd_open_edpt_pair
                0x08005bb4       0xa4 build/usbd.o
                0x08005bb4                usbd_open_edpt_pair
 .text.usbd_edpt_claim
                0x08005c58       0x20 build/usbd.o
                0x08005c58                usbd_edpt_claim
 .text.usbd_edpt_release
                0x08005c78       0x20 build/usbd.o
                0x08005c78                usbd_edpt_release
 .text.usbd_edpt_xfer
                0x08005c98       0xcc build/usbd.o
                0x08005c98                usbd_edpt_xfer
 .text.usbd_edpt_busy
                0x08005d64       0x1c build/usbd.o
                0x08005d64                usbd_edpt_busy
 .text.usbd_edpt_stall
                0x08005d80       0x4c build/usbd.o
                0x08005d80                usbd_edpt_stall
 .text.usbd_edpt_clear_stall
                0x08005dcc       0x4c build/usbd.o
                0x08005dcc                usbd_edpt_clear_stall
 .text.usbd_edpt_stalled
                0x08005e18       0x1c build/usbd.o
                0x08005e18                usbd_edpt_stalled
 .text.process_control_request
                0x08005e34      0x468 build/usbd.o
 .text.tud_task_ext
                0x0800629c      0x2e0 build/usbd.o
                0x0800629c                tud_task_ext
 .text.dump_str_line
                0x0800657c       0x40 build/tusb.o
 .text.tusb_init
                0x080065bc       0x34 build/tusb.o
                0x080065bc                tusb_init
 .text.tu_edpt_claim
                0x080065f0       0x3a build/tusb.o
                0x080065f0                tu_edpt_claim
 .text.tu_edpt_release
                0x0800662a       0x26 build/tusb.o
                0x0800662a                tu_edpt_release
 .text.tu_edpt_validate
                0x08006650       0xf0 build/tusb.o
                0x08006650                tu_edpt_validate
 .text.tu_edpt_bind_driver
                0x08006740       0x40 build/tusb.o
                0x08006740                tu_edpt_bind_driver
 .text.tu_print_mem
                0x08006780       0xc8 build/tusb.o
                0x08006780                tu_print_mem
 .text.MX_ADC1_Init
                0x08006848       0xf0 build/adc.o
                0x08006848                MX_ADC1_Init
 .text.HAL_ADC_MspInit
                0x08006938       0xbc build/adc.o
                0x08006938                HAL_ADC_MspInit
 .text.MX_RTC_Init
                0x080069f4       0xac build/rtc.o
                0x080069f4                MX_RTC_Init
 .text.HAL_RTC_MspInit
                0x08006aa0       0x48 build/rtc.o
                0x08006aa0                HAL_RTC_MspInit
 .text.MX_TIM5_Init
                0x08006ae8       0x70 build/tim.o
                0x08006ae8                MX_TIM5_Init
 .text.HAL_TIM_Base_MspInit
                0x08006b58       0x40 build/tim.o
                0x08006b58                HAL_TIM_Base_MspInit
 .text.ADC_Init
                0x08006b98      0x134 build/stm32f4xx_hal_adc.o
 .text.HAL_ADC_Init
                0x08006ccc       0x56 build/stm32f4xx_hal_adc.o
                0x08006ccc                HAL_ADC_Init
 *fill*         0x08006d22        0x2 
 .text.HAL_ADC_Start_DMA
                0x08006d24      0x164 build/stm32f4xx_hal_adc.o
                0x08006d24                HAL_ADC_Start_DMA
 .text.HAL_ADC_ConvHalfCpltCallback
                0x08006e88        0x2 build/stm32f4xx_hal_adc.o
                0x08006e88                HAL_ADC_ConvHalfCpltCallback
 .text.ADC_DMAHalfConvCplt
                0x08006e8a        0xa build/stm32f4xx_hal_adc.o
 .text.HAL_ADC_LevelOutOfWindowCallback
                0x08006e94        0x2 build/stm32f4xx_hal_adc.o
                0x08006e94                HAL_ADC_LevelOutOfWindowCallback
 .text.HAL_ADC_ErrorCallback
                0x08006e96        0x2 build/stm32f4xx_hal_adc.o
                0x08006e96                HAL_ADC_ErrorCallback
 .text.HAL_ADC_IRQHandler
                0x08006e98      0x142 build/stm32f4xx_hal_adc.o
                0x08006e98                HAL_ADC_IRQHandler
 .text.ADC_DMAError
                0x08006fda       0x16 build/stm32f4xx_hal_adc.o
 .text.ADC_DMAConvCplt
                0x08006ff0       0x72 build/stm32f4xx_hal_adc.o
 *fill*         0x08007062        0x2 
 .text.HAL_ADC_ConfigChannel
                0x08007064      0x194 build/stm32f4xx_hal_adc.o
                0x08007064                HAL_ADC_ConfigChannel
 .text.HAL_ADCEx_InjectedConvCpltCallback
                0x080071f8        0x2 build/stm32f4xx_hal_adc_ex.o
                0x080071f8                HAL_ADCEx_InjectedConvCpltCallback
 *fill*         0x080071fa        0x2 
 .text.HAL_RTC_WaitForSynchro
                0x080071fc       0x34 build/stm32f4xx_hal_rtc.o
                0x080071fc                HAL_RTC_WaitForSynchro
 .text.RTC_EnterInitMode
                0x08007230       0x46 build/stm32f4xx_hal_rtc.o
                0x08007230                RTC_EnterInitMode
 .text.RTC_ExitInitMode
                0x08007276       0x2a build/stm32f4xx_hal_rtc.o
                0x08007276                RTC_ExitInitMode
 .text.HAL_RTC_Init
                0x080072a0       0x9e build/stm32f4xx_hal_rtc.o
                0x080072a0                HAL_RTC_Init
 .text.RTC_ByteToBcd2
                0x0800733e       0x16 build/stm32f4xx_hal_rtc.o
                0x0800733e                RTC_ByteToBcd2
 .text.HAL_RTC_SetTime
                0x08007354       0xc0 build/stm32f4xx_hal_rtc.o
                0x08007354                HAL_RTC_SetTime
 .text.HAL_RTC_SetDate
                0x08007414       0x9c build/stm32f4xx_hal_rtc.o
                0x08007414                HAL_RTC_SetDate
 .text.RTC_Bcd2ToByte
                0x080074b0       0x12 build/stm32f4xx_hal_rtc.o
                0x080074b0                RTC_Bcd2ToByte
 .text.HAL_RTC_GetTime
                0x080074c2       0x4c build/stm32f4xx_hal_rtc.o
                0x080074c2                HAL_RTC_GetTime
 .text.HAL_RTC_GetDate
                0x0800750e       0x3c build/stm32f4xx_hal_rtc.o
                0x0800750e                HAL_RTC_GetDate
 .text.HAL_RTCEx_BKUPWrite
                0x0800754a        0xa build/stm32f4xx_hal_rtc_ex.o
                0x0800754a                HAL_RTCEx_BKUPWrite
 .text.HAL_RTCEx_BKUPRead
                0x08007554        0xa build/stm32f4xx_hal_rtc_ex.o
                0x08007554                HAL_RTCEx_BKUPRead
 *fill*         0x0800755e        0x2 
 .text.MX_SDIO_SD_Init
                0x08007560       0x24 build/sdio.o
                0x08007560                MX_SDIO_SD_Init
 .text.HAL_SD_MspInit
                0x08007584       0xd8 build/sdio.o
                0x08007584                HAL_SD_MspInit
 .text.MX_FATFS_Init
                0x0800765c       0x1c build/fatfs.o
                0x0800765c                MX_FATFS_Init
 .text.get_fattime
                0x08007678       0x54 build/fatfs.o
                0x08007678                get_fattime
 .text.SDMMC_GetCmdError
                0x080076cc       0x38 build/stm32f4xx_ll_sdmmc.o
 .text.SDIO_Init
                0x08007704       0x32 build/stm32f4xx_ll_sdmmc.o
                0x08007704                SDIO_Init
 .text.SDIO_ReadFIFO
                0x08007736        0x6 build/stm32f4xx_ll_sdmmc.o
                0x08007736                SDIO_ReadFIFO
 .text.SDIO_WriteFIFO
                0x0800773c        0xa build/stm32f4xx_ll_sdmmc.o
                0x0800773c                SDIO_WriteFIFO
 .text.SDIO_PowerState_ON
                0x08007746        0x8 build/stm32f4xx_ll_sdmmc.o
                0x08007746                SDIO_PowerState_ON
 .text.SDIO_GetPowerState
                0x0800774e        0x8 build/stm32f4xx_ll_sdmmc.o
                0x0800774e                SDIO_GetPowerState
 .text.SDIO_SendCommand
                0x08007756       0x20 build/stm32f4xx_ll_sdmmc.o
                0x08007756                SDIO_SendCommand
 .text.SDIO_GetCommandResponse
                0x08007776        0x6 build/stm32f4xx_ll_sdmmc.o
                0x08007776                SDIO_GetCommandResponse
 .text.SDIO_GetResponse
                0x0800777c        0x6 build/stm32f4xx_ll_sdmmc.o
                0x0800777c                SDIO_GetResponse
 .text.SDIO_ConfigData
                0x08007782       0x24 build/stm32f4xx_ll_sdmmc.o
                0x08007782                SDIO_ConfigData
 .text.SDMMC_CmdGoIdleState
                0x080077a6       0x26 build/stm32f4xx_ll_sdmmc.o
                0x080077a6                SDMMC_CmdGoIdleState
 .text.SDMMC_GetCmdResp1
                0x080077cc      0x154 build/stm32f4xx_ll_sdmmc.o
                0x080077cc                SDMMC_GetCmdResp1
 .text.SDMMC_CmdBlockLength
                0x08007920       0x30 build/stm32f4xx_ll_sdmmc.o
                0x08007920                SDMMC_CmdBlockLength
 .text.SDMMC_CmdReadSingleBlock
                0x08007950       0x30 build/stm32f4xx_ll_sdmmc.o
                0x08007950                SDMMC_CmdReadSingleBlock
 .text.SDMMC_CmdReadMultiBlock
                0x08007980       0x30 build/stm32f4xx_ll_sdmmc.o
                0x08007980                SDMMC_CmdReadMultiBlock
 .text.SDMMC_CmdWriteSingleBlock
                0x080079b0       0x30 build/stm32f4xx_ll_sdmmc.o
                0x080079b0                SDMMC_CmdWriteSingleBlock
 .text.SDMMC_CmdWriteMultiBlock
                0x080079e0       0x30 build/stm32f4xx_ll_sdmmc.o
                0x080079e0                SDMMC_CmdWriteMultiBlock
 .text.SDMMC_CmdStopTransfer
                0x08007a10       0x34 build/stm32f4xx_ll_sdmmc.o
                0x08007a10                SDMMC_CmdStopTransfer
 .text.SDMMC_CmdSelDesel
                0x08007a44       0x30 build/stm32f4xx_ll_sdmmc.o
                0x08007a44                SDMMC_CmdSelDesel
 .text.SDMMC_CmdAppCommand
                0x08007a74       0x30 build/stm32f4xx_ll_sdmmc.o
                0x08007a74                SDMMC_CmdAppCommand
 .text.SDMMC_CmdSendStatus
                0x08007aa4       0x30 build/stm32f4xx_ll_sdmmc.o
                0x08007aa4                SDMMC_CmdSendStatus
 .text.SDMMC_GetCmdResp2
                0x08007ad4       0x5c build/stm32f4xx_ll_sdmmc.o
                0x08007ad4                SDMMC_GetCmdResp2
 .text.SDMMC_CmdSendCID
                0x08007b30       0x2a build/stm32f4xx_ll_sdmmc.o
                0x08007b30                SDMMC_CmdSendCID
 .text.SDMMC_CmdSendCSD
                0x08007b5a       0x2a build/stm32f4xx_ll_sdmmc.o
                0x08007b5a                SDMMC_CmdSendCSD
 .text.SDMMC_GetCmdResp3
                0x08007b84       0x4c build/stm32f4xx_ll_sdmmc.o
                0x08007b84                SDMMC_GetCmdResp3
 .text.SDMMC_CmdAppOperCommand
                0x08007bd0       0x32 build/stm32f4xx_ll_sdmmc.o
                0x08007bd0                SDMMC_CmdAppOperCommand
 *fill*         0x08007c02        0x2 
 .text.SDMMC_GetCmdResp6
                0x08007c04       0xa0 build/stm32f4xx_ll_sdmmc.o
                0x08007c04                SDMMC_GetCmdResp6
 .text.SDMMC_CmdSetRelAdd
                0x08007ca4       0x30 build/stm32f4xx_ll_sdmmc.o
                0x08007ca4                SDMMC_CmdSetRelAdd
 .text.SDMMC_GetCmdResp7
                0x08007cd4       0x64 build/stm32f4xx_ll_sdmmc.o
                0x08007cd4                SDMMC_GetCmdResp7
 .text.SDMMC_CmdOperCond
                0x08007d38       0x2e build/stm32f4xx_ll_sdmmc.o
                0x08007d38                SDMMC_CmdOperCond
 *fill*         0x08007d66        0x2 
 .text.disk_status
                0x08007d68       0x18 build/diskio.o
                0x08007d68                disk_status
 .text.disk_initialize
                0x08007d80       0x2c build/diskio.o
                0x08007d80                disk_initialize
 .text.disk_read
                0x08007dac       0x18 build/diskio.o
                0x08007dac                disk_read
 .text.disk_write
                0x08007dc4       0x18 build/diskio.o
                0x08007dc4                disk_write
 .text.disk_ioctl
                0x08007ddc       0x18 build/diskio.o
                0x08007ddc                disk_ioctl
 .text.ld_word  0x08007df4        0xa build/ff.o
 .text.ld_dword
                0x08007dfe       0x16 build/ff.o
 .text.st_word  0x08007e14        0x8 build/ff.o
 .text.st_dword
                0x08007e1c       0x14 build/ff.o
 .text.mem_cpy  0x08007e30       0x14 build/ff.o
 .text.mem_set  0x08007e44        0xa build/ff.o
 .text.mem_cmp  0x08007e4e       0x1a build/ff.o
 .text.chk_chr  0x08007e68       0x10 build/ff.o
 .text.chk_lock
                0x08007e78       0x74 build/ff.o
 .text.enq_lock
                0x08007eec       0x20 build/ff.o
 .text.inc_lock
                0x08007f0c       0xa0 build/ff.o
 .text.clear_lock
                0x08007fac       0x3c build/ff.o
 .text.clust2sect
                0x08007fe8       0x18 build/ff.o
 .text.clmt_clust
                0x08008000       0x22 build/ff.o
 .text.ld_clust
                0x08008022       0x26 build/ff.o
 .text.st_clust
                0x08008048       0x26 build/ff.o
 *fill*         0x0800806e        0x2 
 .text.pick_lfn
                0x08008070       0x84 build/ff.o
 .text.put_lfn  0x080080f4       0x78 build/ff.o
 .text.gen_numname
                0x0800816c       0xaa build/ff.o
 .text.sum_sfn  0x08008216       0x20 build/ff.o
 *fill*         0x08008236        0x2 
 .text.get_achar
                0x08008238       0x2c build/ff.o
 .text.pattern_matching
                0x08008264       0xae build/ff.o
 .text.get_ldnumber
                0x08008312       0x54 build/ff.o
 .text.validate
                0x08008366       0x46 build/ff.o
 .text.sync_window
                0x080083ac       0x54 build/ff.o
 .text.move_window
                0x08008400       0x36 build/ff.o
 *fill*         0x08008436        0x2 
 .text.check_fs
                0x08008438       0x78 build/ff.o
 .text.find_volume
                0x080084b0      0x308 build/ff.o
 .text.put_fat  0x080087b8      0x104 build/ff.o
 .text.get_fat  0x080088bc       0xd0 build/ff.o
 .text.dir_sdi  0x0800898c       0xac build/ff.o
 .text.create_chain
                0x08008a38       0xcc build/ff.o
 .text.remove_chain
                0x08008b04       0x7e build/ff.o
 .text.dir_next
                0x08008b82      0x108 build/ff.o
 .text.dir_alloc
                0x08008c8a       0x50 build/ff.o
 .text.dir_read
                0x08008cda       0xbc build/ff.o
 .text.dir_remove
                0x08008d96       0x52 build/ff.o
 .text.create_name
                0x08008de8      0x22c build/ff.o
 .text.get_fileinfo
                0x08009014       0xee build/ff.o
 *fill*         0x08009102        0x2 
 .text.cmp_lfn  0x08009104       0xa0 build/ff.o
 .text.dir_find
                0x080091a4       0xe6 build/ff.o
 .text.follow_path
                0x0800928a       0x8c build/ff.o
 *fill*         0x08009316        0x2 
 .text.dir_register
                0x08009318      0x140 build/ff.o
 .text.sync_fs  0x08009458       0x8c build/ff.o
 .text.f_mount  0x080094e4       0x5c build/ff.o
                0x080094e4                f_mount
 .text.f_open   0x08009540      0x21c build/ff.o
                0x08009540                f_open
 .text.f_write  0x0800975c      0x1fc build/ff.o
                0x0800975c                f_write
 .text.f_sync   0x08009958       0x98 build/ff.o
                0x08009958                f_sync
 .text.f_opendir
                0x080099f0       0x8e build/ff.o
                0x080099f0                f_opendir
 .text.f_readdir
                0x08009a7e       0x4e build/ff.o
                0x08009a7e                f_readdir
 .text.f_findnext
                0x08009acc       0x2e build/ff.o
                0x08009acc                f_findnext
 .text.f_findfirst
                0x08009afa       0x1c build/ff.o
                0x08009afa                f_findfirst
 .text.f_unlink
                0x08009b16       0xbc build/ff.o
                0x08009b16                f_unlink
 *fill*         0x08009bd2        0x2 
 .text.f_setlabel
                0x08009bd4      0x158 build/ff.o
                0x08009bd4                f_setlabel
 .text.FATFS_LinkDriverEx
                0x08009d2c       0x54 build/ff_gen_drv.o
                0x08009d2c                FATFS_LinkDriverEx
 .text.FATFS_LinkDriver
                0x08009d80        0xa build/ff_gen_drv.o
                0x08009d80                FATFS_LinkDriver
 *fill*         0x08009d8a        0x2 
 .text.ff_convert
                0x08009d8c       0x3c build/ccsbcs.o
                0x08009d8c                ff_convert
 .text.ff_wtoupper
                0x08009dc8       0x9c build/ccsbcs.o
                0x08009dc8                ff_wtoupper
 .text.SD_PowerON
                0x08009e64       0xc0 build/stm32f4xx_hal_sd.o
 .text.SD_Read_IT
                0x08009f24       0x38 build/stm32f4xx_hal_sd.o
 .text.SD_Write_IT
                0x08009f5c       0x48 build/stm32f4xx_hal_sd.o
 .text.SD_SendStatus
                0x08009fa4       0x2c build/stm32f4xx_hal_sd.o
 .text.HAL_SD_ReadBlocks
                0x08009fd0      0x250 build/stm32f4xx_hal_sd.o
                0x08009fd0                HAL_SD_ReadBlocks
 .text.HAL_SD_WriteBlocks
                0x0800a220      0x20c build/stm32f4xx_hal_sd.o
                0x0800a220                HAL_SD_WriteBlocks
 .text.HAL_SD_ErrorCallback
                0x0800a42c        0x2 build/stm32f4xx_hal_sd.o
                0x0800a42c                HAL_SD_ErrorCallback
 *fill*         0x0800a42e        0x2 
 .text.HAL_SD_GetCardCSD
                0x0800a430      0x1b8 build/stm32f4xx_hal_sd.o
                0x0800a430                HAL_SD_GetCardCSD
 .text.SD_InitCard
                0x0800a5e8      0x100 build/stm32f4xx_hal_sd.o
 .text.HAL_SD_InitCard
                0x0800a6e8       0xa8 build/stm32f4xx_hal_sd.o
                0x0800a6e8                HAL_SD_InitCard
 .text.HAL_SD_Init
                0x0800a790       0x36 build/stm32f4xx_hal_sd.o
                0x0800a790                HAL_SD_Init
 .text.HAL_SD_GetCardInfo
                0x0800a7c6       0x24 build/stm32f4xx_hal_sd.o
                0x0800a7c6                HAL_SD_GetCardInfo
 .text.HAL_SD_GetCardState
                0x0800a7ea       0x22 build/stm32f4xx_hal_sd.o
                0x0800a7ea                HAL_SD_GetCardState
 .text.SD_DMATxAbort
                0x0800a80c       0x44 build/stm32f4xx_hal_sd.o
 .text.SD_DMARxAbort
                0x0800a850       0x44 build/stm32f4xx_hal_sd.o
 .text.HAL_SD_IRQHandler
                0x0800a894      0x1e0 build/stm32f4xx_hal_sd.o
                0x0800a894                HAL_SD_IRQHandler
 .text.MX_DMA_Init
                0x0800aa74       0x34 build/dma.o
                0x0800aa74                MX_DMA_Init
 .text.energymeter_init
                0x0800aaa8       0xdc build/energymeter.o
                0x0800aaa8                energymeter_init
 .text.board_usb_get_serial
                0x0800ab84       0x8c build/energymeter_usb.o
 .text.tud_descriptor_device_cb
                0x0800ac10        0x8 build/energymeter_usb.o
                0x0800ac10                tud_descriptor_device_cb
 .text.tud_descriptor_configuration_cb
                0x0800ac18        0x8 build/energymeter_usb.o
                0x0800ac18                tud_descriptor_configuration_cb
 .text.tud_descriptor_string_cb
                0x0800ac20       0x68 build/energymeter_usb.o
                0x0800ac20                tud_descriptor_string_cb
 .text.tud_mount_cb
                0x0800ac88        0x2 build/energymeter_usb.o
                0x0800ac88                tud_mount_cb
 .text.tud_umount_cb
                0x0800ac8a        0x2 build/energymeter_usb.o
                0x0800ac8a                tud_umount_cb
 .text.tud_suspend_cb
                0x0800ac8c        0x2 build/energymeter_usb.o
                0x0800ac8c                tud_suspend_cb
 .text.tud_resume_cb
                0x0800ac8e        0x2 build/energymeter_usb.o
                0x0800ac8e                tud_resume_cb
 .text.cdc_task
                0x0800ac90      0x1a0 build/energymeter_usb.o
                0x0800ac90                cdc_task
 .text.energymeter_usb
                0x0800ae30      0x114 build/energymeter_usb.o
                0x0800ae30                energymeter_usb
 .text.tud_cdc_line_state_cb
                0x0800af44        0x2 build/energymeter_usb.o
                0x0800af44                tud_cdc_line_state_cb
 .text.tud_cdc_rx_cb
                0x0800af46        0x2 build/energymeter_usb.o
                0x0800af46                tud_cdc_rx_cb
 .text.tud_msc_inquiry_cb
                0x0800af48       0x74 build/energymeter_usb.o
                0x0800af48                tud_msc_inquiry_cb
 .text.tud_msc_test_unit_ready_cb
                0x0800afbc       0x20 build/energymeter_usb.o
                0x0800afbc                tud_msc_test_unit_ready_cb
 .text.tud_msc_capacity_cb
                0x0800afdc       0x1c build/energymeter_usb.o
                0x0800afdc                tud_msc_capacity_cb
 .text.tud_msc_start_stop_cb
                0x0800aff8       0x14 build/energymeter_usb.o
                0x0800aff8                tud_msc_start_stop_cb
 .text.tud_msc_read10_cb
                0x0800b00c       0x40 build/energymeter_usb.o
                0x0800b00c                tud_msc_read10_cb
 .text.tud_msc_is_writable_cb
                0x0800b04c        0x4 build/energymeter_usb.o
                0x0800b04c                tud_msc_is_writable_cb
 .text.tud_msc_write10_cb
                0x0800b050        0x6 build/energymeter_usb.o
                0x0800b050                tud_msc_write10_cb
 .text.tud_msc_scsi_cb
                0x0800b056       0x12 build/energymeter_usb.o
                0x0800b056                tud_msc_scsi_cb
 .text.checksum
                0x0800b068       0x18 build/energymeter_record.o
 .text.energymeter_record
                0x0800b080      0x1b0 build/energymeter_record.o
                0x0800b080                energymeter_record
 .text.energymeter_calibrate
                0x0800b230       0xf8 build/energymeter_record.o
                0x0800b230                energymeter_calibrate
 .text.HAL_TIM_PeriodElapsedCallback
                0x0800b328       0x2c build/energymeter_record.o
                0x0800b328                HAL_TIM_PeriodElapsedCallback
 .text.HAL_ADC_ConvCpltCallback
                0x0800b354      0x23c build/energymeter_record.o
                0x0800b354                HAL_ADC_ConvCpltCallback
 .text.BSP_SD_ReadBlocks
                0x0800b590       0x20 build/bsp_driver_sd.o
                0x0800b590                BSP_SD_ReadBlocks
 .text.BSP_SD_WriteBlocks
                0x0800b5b0       0x20 build/bsp_driver_sd.o
                0x0800b5b0                BSP_SD_WriteBlocks
 .text.BSP_SD_GetCardState
                0x0800b5d0       0x14 build/bsp_driver_sd.o
                0x0800b5d0                BSP_SD_GetCardState
 .text.BSP_SD_GetCardInfo
                0x0800b5e4       0x10 build/bsp_driver_sd.o
                0x0800b5e4                BSP_SD_GetCardInfo
 .text.BSP_SD_AbortCallback
                0x0800b5f4        0x2 build/bsp_driver_sd.o
                0x0800b5f4                BSP_SD_AbortCallback
 .text.HAL_SD_AbortCallback
                0x0800b5f6        0x8 build/bsp_driver_sd.o
                0x0800b5f6                HAL_SD_AbortCallback
 .text.BSP_SD_WriteCpltCallback
                0x0800b5fe        0x2 build/bsp_driver_sd.o
                0x0800b5fe                BSP_SD_WriteCpltCallback
 .text.HAL_SD_TxCpltCallback
                0x0800b600        0x8 build/bsp_driver_sd.o
                0x0800b600                HAL_SD_TxCpltCallback
 .text.BSP_SD_ReadCpltCallback
                0x0800b608        0x2 build/bsp_driver_sd.o
                0x0800b608                BSP_SD_ReadCpltCallback
 .text.HAL_SD_RxCpltCallback
                0x0800b60a        0x8 build/bsp_driver_sd.o
                0x0800b60a                HAL_SD_RxCpltCallback
 .text.BSP_SD_IsDetected
                0x0800b612       0x10 build/bsp_driver_sd.o
                0x0800b612                BSP_SD_IsDetected
 *fill*         0x0800b622        0x2 
 .text.BSP_SD_Init
                0x0800b624       0x1c build/bsp_driver_sd.o
                0x0800b624                BSP_SD_Init
 .text.SD_CheckStatus
                0x0800b640       0x24 build/sd_diskio.o
 .text.SD_initialize
                0x0800b664       0x28 build/sd_diskio.o
                0x0800b664                SD_initialize
 .text.SD_status
                0x0800b68c        0x8 build/sd_diskio.o
                0x0800b68c                SD_status
 .text.SD_read  0x0800b694       0x24 build/sd_diskio.o
                0x0800b694                SD_read
 .text.SD_write
                0x0800b6b8       0x24 build/sd_diskio.o
                0x0800b6b8                SD_write
 .text.SD_ioctl
                0x0800b6dc       0x58 build/sd_diskio.o
                0x0800b6dc                SD_ioctl
 .text.Reset_Handler
                0x0800b734       0x50 build/startup_stm32f401xc.o
                0x0800b734                Reset_Handler
 .text.Default_Handler
                0x0800b784        0x2 build/startup_stm32f401xc.o
                0x0800b784                RTC_Alarm_IRQHandler
                0x0800b784                EXTI2_IRQHandler
                0x0800b784                SPI4_IRQHandler
                0x0800b784                TIM1_CC_IRQHandler
                0x0800b784                DMA2_Stream5_IRQHandler
                0x0800b784                DMA1_Stream5_IRQHandler
                0x0800b784                PVD_IRQHandler
                0x0800b784                TAMP_STAMP_IRQHandler
                0x0800b784                EXTI3_IRQHandler
                0x0800b784                TIM1_UP_TIM10_IRQHandler
                0x0800b784                I2C3_ER_IRQHandler
                0x0800b784                EXTI0_IRQHandler
                0x0800b784                I2C2_EV_IRQHandler
                0x0800b784                DMA1_Stream2_IRQHandler
                0x0800b784                FPU_IRQHandler
                0x0800b784                DMA2_Stream2_IRQHandler
                0x0800b784                SPI1_IRQHandler
                0x0800b784                TIM1_BRK_TIM9_IRQHandler
                0x0800b784                DMA2_Stream3_IRQHandler
                0x0800b784                USART6_IRQHandler
                0x0800b784                TIM4_IRQHandler
                0x0800b784                I2C1_EV_IRQHandler
                0x0800b784                DMA1_Stream6_IRQHandler
                0x0800b784                DMA1_Stream1_IRQHandler
                0x0800b784                TIM3_IRQHandler
                0x0800b784                RCC_IRQHandler
                0x0800b784                Default_Handler
                0x0800b784                EXTI15_10_IRQHandler
                0x0800b784                DMA1_Stream7_IRQHandler
                0x0800b784                DMA2_Stream7_IRQHandler
                0x0800b784                I2C3_EV_IRQHandler
                0x0800b784                EXTI9_5_IRQHandler
                0x0800b784                RTC_WKUP_IRQHandler
                0x0800b784                SPI2_IRQHandler
                0x0800b784                DMA1_Stream0_IRQHandler
                0x0800b784                EXTI4_IRQHandler
                0x0800b784                WWDG_IRQHandler
                0x0800b784                TIM2_IRQHandler
                0x0800b784                OTG_FS_WKUP_IRQHandler
                0x0800b784                TIM1_TRG_COM_TIM11_IRQHandler
                0x0800b784                EXTI1_IRQHandler
                0x0800b784                USART2_IRQHandler
                0x0800b784                I2C2_ER_IRQHandler
                0x0800b784                DMA2_Stream1_IRQHandler
                0x0800b784                FLASH_IRQHandler
                0x0800b784                DMA2_Stream4_IRQHandler
                0x0800b784                USART1_IRQHandler
                0x0800b784                SPI3_IRQHandler
                0x0800b784                DMA1_Stream4_IRQHandler
                0x0800b784                I2C1_ER_IRQHandler
                0x0800b784                DMA2_Stream6_IRQHandler
                0x0800b784                DMA1_Stream3_IRQHandler
 *fill*         0x0800b786        0x2 
 .text.__libc_init_array
                0x0800b788       0x48 /home/runner/work/fsk-energymeter/fsk-energymeter/toolchain/arm-none-eabi/bin/../lib/gcc/arm-none-eabi/13.2.1/../../../../arm-none-eabi/lib/thumb/v7e-m+fp/hard/libc_nano.a(libc_a-init.o)
                0x0800b788                __libc_init_array
 .text.__cvt    0x0800b7d0       0xca /home/runner/work/fsk-energymeter/fsk-energymeter/toolchain/arm-none-eabi/bin/../lib/gcc/arm-none-eabi/13.2.1/../../../../arm-none-eabi/lib/thumb/v7e-m+fp/hard/libc_nano.a(libc_a-nano-vfprintf_float.o)
                0x0800b7d0                __cvt
 .text.__exponent
                0x0800b89a       0x74 /home/runner/work/fsk-energymeter/fsk-energymeter/toolchain/arm-none-eabi/bin/../lib/gcc/arm-none-eabi/13.2.1/../../../../arm-none-eabi/lib/thumb/v7e-m+fp/hard/libc_nano.a(libc_a-nano-vfprintf_float.o)
                0x0800b89a                __exponent
 *fill*         0x0800b90e        0x2 
 .text._printf_float
                0x0800b910      0x454 /home/runner/work/fsk-energymeter/fsk-energymeter/toolchain/arm-none-eabi/bin/../lib/gcc/arm-none-eabi/13.2.1/../../../../arm-none-eabi/lib/thumb/v7e-m+fp/hard/libc_nano.a(libc_a-nano-vfprintf_float.o)
                0x0800b910                _printf_float
 .text.printf   0x0800bd64       0x24 /home/runner/work/fsk-energymeter/fsk-energymeter/toolchain/arm-none-eabi/bin/../lib/gcc/arm-none-eabi/13.2.1/../../../../arm-none-eabi/lib/thumb/v7e-m+fp/hard/libc_nano.a(libc_a-printf.o)
                0x0800bd64                printf
                0x0800bd64                iprintf
 .text.__sfputc_r
                0x0800bd88       0x2e /home/runner/work/fsk-energymeter/fsk-energymeter/toolchain/arm-none-eabi/bin/../lib/gcc/arm-none-eabi/13.2.1/../../../../arm-none-eabi/lib/thumb/v7e-m+fp/hard/libc_nano.a(libc_a-nano-vfprintf.o)
 .text.__sfputs_r
                0x0800bdb6       0x24 /home/runner/work/fsk-energymeter/fsk-energymeter/toolchain/arm-none-eabi/bin/../lib/gcc/arm-none-eabi/13.2.1/../../../../arm-none-eabi/lib/thumb/v7e-m+fp/hard/libc_nano.a(libc_a-nano-vfprintf.o)
                0x0800bdb6                __sfputs_r
 *fill*         0x0800bdda        0x2 
 .text._vfprintf_r
                0x0800bddc      0x230 /home/runner/work/fsk-energymeter/fsk-energymeter/toolchain/arm-none-eabi/bin/../lib/gcc/arm-none-eabi/13.2.1/../../../../arm-none-eabi/lib/thumb/v7e-m+fp/hard/libc_nano.a(libc_a-nano-vfprintf.o)
                0x0800bddc                _vfiprintf_r
                0x0800bddc                _vfprintf_r
 .text.__swbuf_r
                0x0800c00c       0x7c /home/runner/work/fsk-energymeter/fsk-energymeter/toolchain/arm-none-eabi/bin/../lib/gcc/arm-none-eabi/13.2.1/../../../../arm-none-eabi/lib/thumb/v7e-m+fp/hard/libc_nano.a(libc_a-wbuf.o)
                0x0800c00c                __swbuf_r
 .text.__swsetup_r
                0x0800c088       0xac /home/runner/work/fsk-energymeter/fsk-energymeter/toolchain/arm-none-eabi/bin/../lib/gcc/arm-none-eabi/13.2.1/../../../../arm-none-eabi/lib/thumb/v7e-m+fp/hard/libc_nano.a(libc_a-wsetup.o)
                0x0800c088                __swsetup_r
 .text.putchar  0x0800c134       0x10 /home/runner/work/fsk-energymeter/fsk-energymeter/toolchain/arm-none-eabi/bin/../lib/gcc/arm-none-eabi/13.2.1/../../../../arm-none-eabi/lib/thumb/v7e-m+fp/hard/libc_nano.a(libc_a-putchar.o)
                0x0800c134                putchar
 .text._printf_common
                0x0800c144       0xda /home/runner/work/fsk-energymeter/fsk-energymeter/toolchain/arm-none-eabi/bin/../lib/gcc/arm-none-eabi/13.2.1/../../../../arm-none-eabi/lib/thumb/v7e-m+fp/hard/libc_nano.a(libc_a-nano-vfprintf_i.o)
                0x0800c144                _printf_common
 *fill*         0x0800c21e        0x2 
 .text._printf_i
                0x0800c220      0x23c /home/runner/work/fsk-energymeter/fsk-energymeter/toolchain/arm-none-eabi/bin/../lib/gcc/arm-none-eabi/13.2.1/../../../../arm-none-eabi/lib/thumb/v7e-m+fp/hard/libc_nano.a(libc_a-nano-vfprintf_i.o)
                0x0800c220                _printf_i
 .text._puts_r  0x0800c45c       0xaa /home/runner/work/fsk-energymeter/fsk-energymeter/toolchain/arm-none-eabi/bin/../lib/gcc/arm-none-eabi/13.2.1/../../../../arm-none-eabi/lib/thumb/v7e-m+fp/hard/libc_nano.a(libc_a-puts.o)
                0x0800c45c                _puts_r
 *fill*         0x0800c506        0x2 
 .text.puts     0x0800c508       0x10 /home/runner/work/fsk-energymeter/fsk-energymeter/toolchain/arm-none-eabi/bin/../lib/gcc/arm-none-eabi/13.2.1/../../../../arm-none-eabi/lib/thumb/v7e-m+fp/hard/libc_nano.a(libc_a-puts.o)
                0x0800c508                puts
 .text.__sflush_r
                0x0800c518      0x108 /home/runner/work/fsk-energymeter/fsk-energymeter/toolchain/arm-none-eabi/bin/../lib/gcc/arm-none-eabi/13.2.1/../../../../arm-none-eabi/lib/thumb/v7e-m+fp/hard/libc_nano.a(libc_a-fflush.o)
                0x0800c518                __sflush_r
 .text._fflush_r
                0x0800c620       0x50 /home/runner/work/fsk-energymeter/fsk-energymeter/toolchain/arm-none-eabi/bin/../lib/gcc/arm-none-eabi/13.2.1/../../../../arm-none-eabi/lib/thumb/v7e-m+fp/hard/libc_nano.a(libc_a-fflush.o)
                0x0800c620                _fflush_r
 .text.memcpy   0x0800c670       0x1c /home/runner/work/fsk-energymeter/fsk-energymeter/toolchain/arm-none-eabi/bin/../lib/gcc/arm-none-eabi/13.2.1/../../../../arm-none-eabi/lib/thumb/v7e-m+fp/hard/libc_nano.a(libc_a-memcpy-stub.o)
                0x0800c670                memcpy
 .text.std      0x0800c68c       0x6c /home/runner/work/fsk-energymeter/fsk-energymeter/toolchain/arm-none-eabi/bin/../lib/gcc/arm-none-eabi/13.2.1/../../../../arm-none-eabi/lib/thumb/v7e-m+fp/hard/libc_nano.a(libc_a-findfp.o)
 .text.stdio_exit_handler
                0x0800c6f8       0x18 /home/runner/work/fsk-energymeter/fsk-energymeter/toolchain/arm-none-eabi/bin/../lib/gcc/arm-none-eabi/13.2.1/../../../../arm-none-eabi/lib/thumb/v7e-m+fp/hard/libc_nano.a(libc_a-findfp.o)
 .text.cleanup_stdio
                0x0800c710       0x40 /home/runner/work/fsk-energymeter/fsk-energymeter/toolchain/arm-none-eabi/bin/../lib/gcc/arm-none-eabi/13.2.1/../../../../arm-none-eabi/lib/thumb/v7e-m+fp/hard/libc_nano.a(libc_a-findfp.o)
 .text.global_stdio_init.part.0
                0x0800c750       0x3c /home/runner/work/fsk-energymeter/fsk-energymeter/toolchain/arm-none-eabi/bin/../lib/gcc/arm-none-eabi/13.2.1/../../../../arm-none-eabi/lib/thumb/v7e-m+fp/hard/libc_nano.a(libc_a-findfp.o)
 .text.__sfp_lock_acquire
                0x0800c78c        0xc /home/runner/work/fsk-energymeter/fsk-energymeter/toolchain/arm-none-eabi/bin/../lib/gcc/arm-none-eabi/13.2.1/../../../../arm-none-eabi/lib/thumb/v7e-m+fp/hard/libc_nano.a(libc_a-findfp.o)
                0x0800c78c                __sfp_lock_acquire
 .text.__sfp_lock_release
                0x0800c798        0xc /home/runner/work/fsk-energymeter/fsk-energymeter/toolchain/arm-none-eabi/bin/../lib/gcc/arm-none-eabi/13.2.1/../../../../arm-none-eabi/lib/thumb/v7e-m+fp/hard/libc_nano.a(libc_a-findfp.o)
                0x0800c798                __sfp_lock_release
 .text.__sinit  0x0800c7a4       0x30 /home/runner/work/fsk-energymeter/fsk-energymeter/toolchain/arm-none-eabi/bin/../lib/gcc/arm-none-eabi/13.2.1/../../../../arm-none-eabi/lib/thumb/v7e-m+fp/hard/libc_nano.a(libc_a-findfp.o)
                0x0800c7a4                __sinit
 .text.snprintf
                0x0800c7d4       0x68 /home/runner/work/fsk-energymeter/fsk-energymeter/toolchain/arm-none-eabi/bin/../lib/gcc/arm-none-eabi/13.2.1/../../../../arm-none-eabi/lib/thumb/v7e-m+fp/hard/libc_nano.a(libc_a-snprintf.o)
                0x0800c7d4                snprintf
                0x0800c7d4                sniprintf
 .text.sprintf  0x0800c83c       0x40 /home/runner/work/fsk-energymeter/fsk-energymeter/toolchain/arm-none-eabi/bin/../lib/gcc/arm-none-eabi/13.2.1/../../../../arm-none-eabi/lib/thumb/v7e-m+fp/hard/libc_nano.a(libc_a-sprintf.o)
                0x0800c83c                sprintf
                0x0800c83c                siprintf
 .text.__sread  0x0800c87c       0x22 /home/runner/work/fsk-energymeter/fsk-energymeter/toolchain/arm-none-eabi/bin/../lib/gcc/arm-none-eabi/13.2.1/../../../../arm-none-eabi/lib/thumb/v7e-m+fp/hard/libc_nano.a(libc_a-stdio.o)
                0x0800c87c                __sread
 .text.__swrite
                0x0800c89e       0x38 /home/runner/work/fsk-energymeter/fsk-energymeter/toolchain/arm-none-eabi/bin/../lib/gcc/arm-none-eabi/13.2.1/../../../../arm-none-eabi/lib/thumb/v7e-m+fp/hard/libc_nano.a(libc_a-stdio.o)
                0x0800c89e                __swrite
 .text.__sseek  0x0800c8d6       0x24 /home/runner/work/fsk-energymeter/fsk-energymeter/toolchain/arm-none-eabi/bin/../lib/gcc/arm-none-eabi/13.2.1/../../../../arm-none-eabi/lib/thumb/v7e-m+fp/hard/libc_nano.a(libc_a-stdio.o)
                0x0800c8d6                __sseek
 .text.__sclose
                0x0800c8fa        0x8 /home/runner/work/fsk-energymeter/fsk-energymeter/toolchain/arm-none-eabi/bin/../lib/gcc/arm-none-eabi/13.2.1/../../../../arm-none-eabi/lib/thumb/v7e-m+fp/hard/libc_nano.a(libc_a-stdio.o)
                0x0800c8fa                __sclose
 .text.quorem   0x0800c902      0x110 /home/runner/work/fsk-energymeter/fsk-energymeter/toolchain/arm-none-eabi/bin/../lib/gcc/arm-none-eabi/13.2.1/../../../../arm-none-eabi/lib/thumb/v7e-m+fp/hard/libc_nano.a(libc_a-dtoa.o)
 *fill*         0x0800ca12        0x6 
 .text._dtoa_r  0x0800ca18      0xb74 /home/runner/work/fsk-energymeter/fsk-energymeter/toolchain/arm-none-eabi/bin/../lib/gcc/arm-none-eabi/13.2.1/../../../../arm-none-eabi/lib/thumb/v7e-m+fp/hard/libc_nano.a(libc_a-dtoa.o)
                0x0800ca18                _dtoa_r
 .text._read_r  0x0800d58c       0x24 /home/runner/work/fsk-energymeter/fsk-energymeter/toolchain/arm-none-eabi/bin/../lib/gcc/arm-none-eabi/13.2.1/../../../../arm-none-eabi/lib/thumb/v7e-m+fp/hard/libc_nano.a(libc_a-readr.o)
                0x0800d58c                _read_r
 .text._write_r
                0x0800d5b0       0x24 /home/runner/work/fsk-energymeter/fsk-energymeter/toolchain/arm-none-eabi/bin/../lib/gcc/arm-none-eabi/13.2.1/../../../../arm-none-eabi/lib/thumb/v7e-m+fp/hard/libc_nano.a(libc_a-writer.o)
                0x0800d5b0                _write_r
 .text.__errno  0x0800d5d4        0xc /home/runner/work/fsk-energymeter/fsk-energymeter/toolchain/arm-none-eabi/bin/../lib/gcc/arm-none-eabi/13.2.1/../../../../arm-none-eabi/lib/thumb/v7e-m+fp/hard/libc_nano.a(libc_a-errno.o)
                0x0800d5d4                __errno
 .text._fwalk_sglue
                0x0800d5e0       0x3c /home/runner/work/fsk-energymeter/fsk-energymeter/toolchain/arm-none-eabi/bin/../lib/gcc/arm-none-eabi/13.2.1/../../../../arm-none-eabi/lib/thumb/v7e-m+fp/hard/libc_nano.a(libc_a-fwalk.o)
                0x0800d5e0                _fwalk_sglue
 .text.memmove  0x0800d61c       0x34 /home/runner/work/fsk-energymeter/fsk-energymeter/toolchain/arm-none-eabi/bin/../lib/gcc/arm-none-eabi/13.2.1/../../../../arm-none-eabi/lib/thumb/v7e-m+fp/hard/libc_nano.a(libc_a-memmove.o)
                0x0800d61c                memmove
 .text.memset   0x0800d650       0x10 /home/runner/work/fsk-energymeter/fsk-energymeter/toolchain/arm-none-eabi/bin/../lib/gcc/arm-none-eabi/13.2.1/../../../../arm-none-eabi/lib/thumb/v7e-m+fp/hard/libc_nano.a(libc_a-memset.o)
                0x0800d650                memset
 .text._realloc_r
                0x0800d660       0x5c /home/runner/work/fsk-energymeter/fsk-energymeter/toolchain/arm-none-eabi/bin/../lib/gcc/arm-none-eabi/13.2.1/../../../../arm-none-eabi/lib/thumb/v7e-m+fp/hard/libc_nano.a(libc_a-reallocr.o)
                0x0800d660                _realloc_r
 .text._free_r  0x0800d6bc       0x94 /home/runner/work/fsk-energymeter/fsk-energymeter/toolchain/arm-none-eabi/bin/../lib/gcc/arm-none-eabi/13.2.1/../../../../arm-none-eabi/lib/thumb/v7e-m+fp/hard/libc_nano.a(libc_a-freer.o)
                0x0800d6bc                _free_r
 .text.__retarget_lock_init_recursive
                0x0800d750        0x2 /home/runner/work/fsk-energymeter/fsk-energymeter/toolchain/arm-none-eabi/bin/../lib/gcc/arm-none-eabi/13.2.1/../../../../arm-none-eabi/lib/thumb/v7e-m+fp/hard/libc_nano.a(libc_a-lock.o)
                0x0800d750                __retarget_lock_init_recursive
 .text.__retarget_lock_acquire_recursive
                0x0800d752        0x2 /home/runner/work/fsk-energymeter/fsk-energymeter/toolchain/arm-none-eabi/bin/../lib/gcc/arm-none-eabi/13.2.1/../../../../arm-none-eabi/lib/thumb/v7e-m+fp/hard/libc_nano.a(libc_a-lock.o)
                0x0800d752                __retarget_lock_acquire_recursive
 .text.__retarget_lock_release_recursive
                0x0800d754        0x2 /home/runner/work/fsk-energymeter/fsk-energymeter/toolchain/arm-none-eabi/bin/../lib/gcc/arm-none-eabi/13.2.1/../../../../arm-none-eabi/lib/thumb/v7e-m+fp/hard/libc_nano.a(libc_a-lock.o)
                0x0800d754                __retarget_lock_release_recursive
 *fill*         0x0800d756        0x2 
 .text._localeconv_r
                0x0800d758        0x8 /home/runner/work/fsk-energymeter/fsk-energymeter/toolchain/arm-none-eabi/bin/../lib/gcc/arm-none-eabi/13.2.1/../../../../arm-none-eabi/lib/thumb/v7e-m+fp/hard/libc_nano.a(libc_a-localeconv.o)
                0x0800d758                _localeconv_r
 .text.__swhatbuf_r
                0x0800d760       0x4c /home/runner/work/fsk-energymeter/fsk-energymeter/toolchain/arm-none-eabi/bin/../lib/gcc/arm-none-eabi/13.2.1/../../../../arm-none-eabi/lib/thumb/v7e-m+fp/hard/libc_nano.a(libc_a-makebuf.o)
                0x0800d760                __swhatbuf_r
 .text.__smakebuf_r
                0x0800d7ac       0x78 /home/runner/work/fsk-energymeter/fsk-energymeter/toolchain/arm-none-eabi/bin/../lib/gcc/arm-none-eabi/13.2.1/../../../../arm-none-eabi/lib/thumb/v7e-m+fp/hard/libc_nano.a(libc_a-makebuf.o)
                0x0800d7ac                __smakebuf_r
 .text.__ssputs_r
                0x0800d824       0xb6 /home/runner/work/fsk-energymeter/fsk-energymeter/toolchain/arm-none-eabi/bin/../lib/gcc/arm-none-eabi/13.2.1/../../../../arm-none-eabi/lib/thumb/v7e-m+fp/hard/libc_nano.a(libc_a-nano-svfprintf.o)
                0x0800d824                __ssputs_r
 *fill*         0x0800d8da        0x2 
 .text._svfprintf_r
                0x0800d8dc      0x1f8 /home/runner/work/fsk-energymeter/fsk-energymeter/toolchain/arm-none-eabi/bin/../lib/gcc/arm-none-eabi/13.2.1/../../../../arm-none-eabi/lib/thumb/v7e-m+fp/hard/libc_nano.a(libc_a-nano-svfprintf.o)
                0x0800d8dc                _svfprintf_r
                0x0800d8dc                _svfiprintf_r
 .text._putc_r  0x0800dad4       0x68 /home/runner/work/fsk-energymeter/fsk-energymeter/toolchain/arm-none-eabi/bin/../lib/gcc/arm-none-eabi/13.2.1/../../../../arm-none-eabi/lib/thumb/v7e-m+fp/hard/libc_nano.a(libc_a-putc.o)
                0x0800dad4                _putc_r
 .text._close_r
                0x0800db3c       0x20 /home/runner/work/fsk-energymeter/fsk-energymeter/toolchain/arm-none-eabi/bin/../lib/gcc/arm-none-eabi/13.2.1/../../../../arm-none-eabi/lib/thumb/v7e-m+fp/hard/libc_nano.a(libc_a-closer.o)
                0x0800db3c                _close_r
 .text.malloc   0x0800db5c       0x10 /home/runner/work/fsk-energymeter/fsk-energymeter/toolchain/arm-none-eabi/bin/../lib/gcc/arm-none-eabi/13.2.1/../../../../arm-none-eabi/lib/thumb/v7e-m+fp/hard/libc_nano.a(libc_a-malloc.o)
                0x0800db5c                malloc
 .text.sbrk_aligned
                0x0800db6c       0x44 /home/runner/work/fsk-energymeter/fsk-energymeter/toolchain/arm-none-eabi/bin/../lib/gcc/arm-none-eabi/13.2.1/../../../../arm-none-eabi/lib/thumb/v7e-m+fp/hard/libc_nano.a(libc_a-mallocr.o)
 .text._malloc_r
                0x0800dbb0      0x100 /home/runner/work/fsk-energymeter/fsk-energymeter/toolchain/arm-none-eabi/bin/../lib/gcc/arm-none-eabi/13.2.1/../../../../arm-none-eabi/lib/thumb/v7e-m+fp/hard/libc_nano.a(libc_a-mallocr.o)
                0x0800dbb0                _malloc_r
 .text.__assert_func
                0x0800dcb0       0x3c /home/runner/work/fsk-energymeter/fsk-energymeter/toolchain/arm-none-eabi/bin/../lib/gcc/arm-none-eabi/13.2.1/../../../../arm-none-eabi/lib/thumb/v7e-m+fp/hard/libc_nano.a(libc_a-assert.o)
                0x0800dcb0                __assert_func
 .text._fstat_r
                0x0800dcec       0x24 /home/runner/work/fsk-energymeter/fsk-energymeter/toolchain/arm-none-eabi/bin/../lib/gcc/arm-none-eabi/13.2.1/../../../../arm-none-eabi/lib/thumb/v7e-m+fp/hard/libc_nano.a(libc_a-fstatr.o)
                0x0800dcec                _fstat_r
 .text._isatty_r
                0x0800dd10       0x20 /home/runner/work/fsk-energymeter/fsk-energymeter/toolchain/arm-none-eabi/bin/../lib/gcc/arm-none-eabi/13.2.1/../../../../arm-none-eabi/lib/thumb/v7e-m+fp/hard/libc_nano.a(libc_a-isattyr.o)
                0x0800dd10                _isatty_r
 .text._lseek_r
                0x0800dd30       0x24 /home/runner/work/fsk-energymeter/fsk-energymeter/toolchain/arm-none-eabi/bin/../lib/gcc/arm-none-eabi/13.2.1/../../../../arm-none-eabi/lib/thumb/v7e-m+fp/hard/libc_nano.a(libc_a-lseekr.o)
                0x0800dd30                _lseek_r
 .text.fprintf  0x0800dd54       0x24 /home/runner/work/fsk-energymeter/fsk-energymeter/toolchain/arm-none-eabi/bin/../lib/gcc/arm-none-eabi/13.2.1/../../../../arm-none-eabi/lib/thumb/v7e-m+fp/hard/libc_nano.a(libc_a-fprintf.o)
                0x0800dd54                fprintf
                0x0800dd54                fiprintf
 .text.__malloc_lock
                0x0800dd78        0xc /home/runner/work/fsk-energymeter/fsk-energymeter/toolchain/arm-none-eabi/bin/../lib/gcc/arm-none-eabi/13.2.1/../../../../arm-none-eabi/lib/thumb/v7e-m+fp/hard/libc_nano.a(libc_a-mlock.o)
                0x0800dd78                __malloc_lock
 .text.__malloc_unlock
                0x0800dd84        0xc /home/runner/work/fsk-energymeter/fsk-energymeter/toolchain/arm-none-eabi/bin/../lib/gcc/arm-none-eabi/13.2.1/../../../../arm-none-eabi/lib/thumb/v7e-m+fp/hard/libc_nano.a(libc_a-mlock.o)
                0x0800dd84                __malloc_unlock
 .text._Balloc  0x0800dd90       0x80 /home/runner/work/fsk-energymeter/fsk-energymeter/toolchain/arm-none-eabi/bin/../lib/gcc/arm-none-eabi/13.2.1/../../../../arm-none-eabi/lib/thumb/v7e-m+fp/hard/libc_nano.a(libc_a-mprec.o)
                0x0800dd90                _Balloc
 .text._Bfree   0x0800de10       0x44 /home/runner/work/fsk-energymeter/fsk-energymeter/toolchain/arm-none-eabi/bin/../lib/gcc/arm-none-eabi/13.2.1/../../../../arm-none-eabi/lib/thumb/v7e-m+fp/hard/libc_nano.a(libc_a-mprec.o)
                0x0800de10                _Bfree
 .text.__multadd
                0x0800de54       0x8c /home/runner/work/fsk-energymeter/fsk-energymeter/toolchain/arm-none-eabi/bin/../lib/gcc/arm-none-eabi/13.2.1/../../../../arm-none-eabi/lib/thumb/v7e-m+fp/hard/libc_nano.a(libc_a-mprec.o)
                0x0800de54                __multadd
 .text.__hi0bits
                0x0800dee0       0x3e /home/runner/work/fsk-energymeter/fsk-energymeter/toolchain/arm-none-eabi/bin/../lib/gcc/arm-none-eabi/13.2.1/../../../../arm-none-eabi/lib/thumb/v7e-m+fp/hard/libc_nano.a(libc_a-mprec.o)
                0x0800dee0                __hi0bits
 .text.__lo0bits
                0x0800df1e       0x5a /home/runner/work/fsk-energymeter/fsk-energymeter/toolchain/arm-none-eabi/bin/../lib/gcc/arm-none-eabi/13.2.1/../../../../arm-none-eabi/lib/thumb/v7e-m+fp/hard/libc_nano.a(libc_a-mprec.o)
                0x0800df1e                __lo0bits
 .text.__i2b    0x0800df78       0x2c /home/runner/work/fsk-energymeter/fsk-energymeter/toolchain/arm-none-eabi/bin/../lib/gcc/arm-none-eabi/13.2.1/../../../../arm-none-eabi/lib/thumb/v7e-m+fp/hard/libc_nano.a(libc_a-mprec.o)
                0x0800df78                __i2b
 .text.__multiply
                0x0800dfa4      0x144 /home/runner/work/fsk-energymeter/fsk-energymeter/toolchain/arm-none-eabi/bin/../lib/gcc/arm-none-eabi/13.2.1/../../../../arm-none-eabi/lib/thumb/v7e-m+fp/hard/libc_nano.a(libc_a-mprec.o)
                0x0800dfa4                __multiply
 .text.__pow5mult
                0x0800e0e8       0xb4 /home/runner/work/fsk-energymeter/fsk-energymeter/toolchain/arm-none-eabi/bin/../lib/gcc/arm-none-eabi/13.2.1/../../../../arm-none-eabi/lib/thumb/v7e-m+fp/hard/libc_nano.a(libc_a-mprec.o)
                0x0800e0e8                __pow5mult
 .text.__lshift
                0x0800e19c       0xd8 /home/runner/work/fsk-energymeter/fsk-energymeter/toolchain/arm-none-eabi/bin/../lib/gcc/arm-none-eabi/13.2.1/../../../../arm-none-eabi/lib/thumb/v7e-m+fp/hard/libc_nano.a(libc_a-mprec.o)
                0x0800e19c                __lshift
 .text.__mcmp   0x0800e274       0x36 /home/runner/work/fsk-energymeter/fsk-energymeter/toolchain/arm-none-eabi/bin/../lib/gcc/arm-none-eabi/13.2.1/../../../../arm-none-eabi/lib/thumb/v7e-m+fp/hard/libc_nano.a(libc_a-mprec.o)
                0x0800e274                __mcmp
 *fill*         0x0800e2aa        0x2 
 .text.__mdiff  0x0800e2ac      0x128 /home/runner/work/fsk-energymeter/fsk-energymeter/toolchain/arm-none-eabi/bin/../lib/gcc/arm-none-eabi/13.2.1/../../../../arm-none-eabi/lib/thumb/v7e-m+fp/hard/libc_nano.a(libc_a-mprec.o)
                0x0800e2ac                __mdiff
 .text.__d2b    0x0800e3d4       0xb0 /home/runner/work/fsk-energymeter/fsk-energymeter/toolchain/arm-none-eabi/bin/../lib/gcc/arm-none-eabi/13.2.1/../../../../arm-none-eabi/lib/thumb/v7e-m+fp/hard/libc_nano.a(libc_a-mprec.o)
                0x0800e3d4                __d2b
 .text._malloc_usable_size_r
                0x0800e484       0x10 /home/runner/work/fsk-energymeter/fsk-energymeter/toolchain/arm-none-eabi/bin/../lib/gcc/arm-none-eabi/13.2.1/../../../../arm-none-eabi/lib/thumb/v7e-m+fp/hard/libc_nano.a(libc_a-msizer.o)
                0x0800e484                _malloc_usable_size_r
 .text._calloc_r
                0x0800e494       0x28 /home/runner/work/fsk-energymeter/fsk-energymeter/toolchain/arm-none-eabi/bin/../lib/gcc/arm-none-eabi/13.2.1/../../../../arm-none-eabi/lib/thumb/v7e-m+fp/hard/libc_nano.a(libc_a-callocr.o)
                0x0800e494                _calloc_r
 .text._sbrk_r  0x0800e4bc       0x20 /home/runner/work/fsk-energymeter/fsk-energymeter/toolchain/arm-none-eabi/bin/../lib/gcc/arm-none-eabi/13.2.1/../../../../arm-none-eabi/lib/thumb/v7e-m+fp/hard/libc_nano.a(libc_a-sbrkr.o)
                0x0800e4bc                _sbrk_r
 .text.__ascii_wctomb
                0x0800e4dc       0x1a /home/runner/work/fsk-energymeter/fsk-energymeter/toolchain/arm-none-eabi/bin/../lib/gcc/arm-none-eabi/13.2.1/../../../../arm-none-eabi/lib/thumb/v7e-m+fp/hard/libc_nano.a(libc_a-wctomb_r.o)
                0x0800e4dc                __ascii_wctomb
 .text.abort    0x0800e4f6        0xe /home/runner/work/fsk-energymeter/fsk-energymeter/toolchain/arm-none-eabi/bin/../lib/gcc/arm-none-eabi/13.2.1/../../../../arm-none-eabi/lib/thumb/v7e-m+fp/hard/libc_nano.a(libc_a-abort.o)
                0x0800e4f6                abort
 .text.__ascii_mbtowc
                0x0800e504       0x24 /home/runner/work/fsk-energymeter/fsk-energymeter/toolchain/arm-none-eabi/bin/../lib/gcc/arm-none-eabi/13.2.1/../../../../arm-none-eabi/lib/thumb/v7e-m+fp/hard/libc_nano.a(libc_a-mbtowc_r.o)
                0x0800e504                __ascii_mbtowc
 .text._raise_r
                0x0800e528       0x50 /home/runner/work/fsk-energymeter/fsk-energymeter/toolchain/arm-none-eabi/bin/../lib/gcc/arm-none-eabi/13.2.1/../../../../arm-none-eabi/lib/thumb/v7e-m+fp/hard/libc_nano.a(libc_a-signal.o)
                0x0800e528                _raise_r
 .text.raise    0x0800e578       0x10 /home/runner/work/fsk-energymeter/fsk-energymeter/toolchain/arm-none-eabi/bin/../lib/gcc/arm-none-eabi/13.2.1/../../../../arm-none-eabi/lib/thumb/v7e-m+fp/hard/libc_nano.a(libc_a-signal.o)
                0x0800e578                raise
 .text._kill_r  0x0800e588       0x24 /home/runner/work/fsk-energymeter/fsk-energymeter/toolchain/arm-none-eabi/bin/../lib/gcc/arm-none-eabi/13.2.1/../../../../arm-none-eabi/lib/thumb/v7e-m+fp/hard/libc_nano.a(libc_a-signalr.o)
                0x0800e588                _kill_r
 .text._getpid_r
                0x0800e5ac        0x4 /home/runner/work/fsk-energymeter/fsk-energymeter/toolchain/arm-none-eabi/bin/../lib/gcc/arm-none-eabi/13.2.1/../../../../arm-none-eabi/lib/thumb/v7e-m+fp/hard/libc_nano.a(libc_a-signalr.o)
                0x0800e5ac                _getpid_r
 .text.__udivmoddi4
                0x0800e5b0      0x2bc /home/runner/work/fsk-energymeter/fsk-energymeter/toolchain/arm-none-eabi/bin/../lib/gcc/arm-none-eabi/13.2.1/thumb/v7e-m+fp/hard/libgcc.a(_udivmoddi4.o)
                0x0800e5b0                __udivmoddi4
 *(.glue_7)
 .glue_7        0x0800e86c        0x0 linker stubs
 *(.glue_7t)
 .glue_7t       0x0800e86c        0x0 linker stubs
 *(.eh_frame)
 .eh_frame      0x0800e86c        0x0 /home/runner/work/fsk-energymeter/fsk-energymeter/toolchain/arm-none-eabi/bin/../lib/gcc/arm-none-eabi/13.2.1/thumb/v7e-m+fp/hard/crtbegin.o
 *(.init)
 .init          0x0800e86c        0x4 /home/runner/work/fsk-energymeter/fsk-energymeter/toolchain/arm-none-eabi/bin/../lib/gcc/arm-none-eabi/13.2.1/thumb/v7e-m+fp/hard/crti.o
                0x0800e86c                _init
 .init          0x0800e870        0x8 /home/runner/work/fsk-energymeter/fsk-energymeter/toolchain/arm-none-eabi/bin/../lib/gcc/arm-none-eabi/13.2.1/thumb/v7e-m+fp/hard/crtn.o
 *(.fini)
 .fini          0x0800e878        0x4 /home/runner/work/fsk-energymeter/fsk-energymeter/toolchain/arm-none-eabi/bin/../lib/gcc/arm-none-eabi/13.2.1/thumb/v7e-m+fp/hard/crti.o
                0x0800e878                _fini
 .fini          0x0800e87c        0x8 /home/runner/work/fsk-energymeter/fsk-energymeter/toolchain/arm-none-eabi/bin/../lib/gcc/arm-none-eabi/13.2.1/thumb/v7e-m+fp/hard/crtn.o
                0x0800e884                        . = ALIGN (0x4)
                0x0800e884                        _etext = .

.vfp11_veneer   0x0800e884        0x0
 .vfp11_veneer  0x0800e884        0x0 linker stubs

.v4_bx          0x0800e884        0x0
 .v4_bx         0x0800e884        0x0 linker stubs

.iplt           0x0800e884        0x0
 .iplt          0x0800e884        0x0 /home/runner/work/fsk-energymeter/fsk-energymeter/toolchain/arm-none-eabi/bin/../lib/gcc/arm-none-eabi/13.2.1/thumb/v7e-m+fp/hard/crtbegin.o

.rodata         0x0800e888     0x15d0
                0x0800e888                        . = ALIGN (0x4)
 *(.rodata)
 *(.rodata*)
 .rodata.Error_Handler.str1.4
                0x0800e888      0xa93 build/main.o
                                 0x1b (size before relaxing)
 *fill*         0x0800f31b        0x1 
 .rodata.APBPrescTable
                0x0800f31c        0x8 build/system_stm32f4xx.o
                0x0800f31c                APBPrescTable
 .rodata.AHBPrescTable
                0x0800f324       0x10 build/system_stm32f4xx.o
                0x0800f324                AHBPrescTable
 .rodata.flagBitshiftOffset.0
                0x0800f334        0x8 build/stm32f4xx_hal_dma.o
 .rodata.phy_hs_init.str1.4
                0x0800f33c       0x36 build/dcd_dwc2.o
 .rodata.phy_fs_init.str1.4
                0x0800f33c       0x14 build/dcd_dwc2.o
 .rodata.fifo_alloc.str1.4
                0x0800f33c       0x3d build/dcd_dwc2.o
 .rodata.print_dwc2_info.str1.4
                0x0800f33c       0x4a build/dcd_dwc2.o
 .rodata.__func__.2
                0x0800f33c        0xb build/dcd_dwc2.o
 *fill*         0x0800f347        0x1 
 .rodata.__func__.3
                0x0800f348        0xe build/dcd_dwc2.o
 *fill*         0x0800f356        0x2 
 .rodata.__func__.4
                0x0800f358        0xb build/dcd_dwc2.o
 *fill*         0x0800f363        0x1 
 .rodata._dwc2_controller
                0x0800f364       0x10 build/dcd_dwc2.o
 .rodata.tud_cdc_n_write_flush.str1.4
                0x0800f374       0x17 build/cdc_device.o
 .rodata.cdcd_control_xfer_cb.str1.4
                0x0800f374       0x66 build/cdc_device.o
 .rodata.__func__.0
                0x0800f374        0xd build/cdc_device.o
 *fill*         0x0800f381        0x3 
 .rodata.__func__.1
                0x0800f384        0xa build/cdc_device.o
 *fill*         0x0800f38e        0x2 
 .rodata.__func__.2
                0x0800f390       0x16 build/cdc_device.o
 .rodata.tu_lookup_find.str1.4
                0x0800f3a6        0x8 build/msc_device.o
 .rodata.rdwr10_validate_cmd.str1.4
                0x0800f3a6       0xfc build/msc_device.o
 .rodata.proc_read10_cmd.str1.4
                0x0800f3a6       0x3b build/msc_device.o
 .rodata.proc_write10_new_data.str1.4
                0x0800f3a6       0x22 build/msc_device.o
 .rodata.mscd_control_xfer_cb.str1.4
                0x0800f3a6       0x27 build/msc_device.o
 .rodata.mscd_xfer_cb.str1.4
                0x0800f3a6      0x124 build/msc_device.o
 *fill*         0x0800f3a6        0x2 
 .rodata.__func__.0
                0x0800f3a8       0x10 build/msc_device.o
 .rodata.__func__.1
                0x0800f3b8       0x11 build/msc_device.o
 *fill*         0x0800f3c9        0x3 
 .rodata.__func__.3
                0x0800f3cc        0xd build/msc_device.o
 *fill*         0x0800f3d9        0x3 
 .rodata.__func__.4
                0x0800f3dc       0x15 build/msc_device.o
 *fill*         0x0800f3f1        0x3 
 .rodata.__func__.5
                0x0800f3f4        0xa build/msc_device.o
 *fill*         0x0800f3fe        0x2 
 .rodata._msc_scsi_cmd_table
                0x0800f400        0x8 build/msc_device.o
 .rodata.str1.4
                0x0800f408       0xb0 build/msc_device.o
 .rodata._msc_scsi_cmd_lookup
                0x0800f408       0x58 build/msc_device.o
 .rodata.tud_control_xfer.str1.4
                0x0800f460       0x17 build/usbd_control.o
 .rodata.__func__.0
                0x0800f460       0x15 build/usbd_control.o
 *fill*         0x0800f475        0x3 
 .rodata.__func__.1
                0x0800f478       0x11 build/usbd_control.o
 .rodata.configuration_reset.str1.4
                0x0800f489       0x17 build/usbd.o
 .rodata.tu_print_buf.str1.4
                0x0800f489        0xa build/usbd.o
 .rodata.invoke_class_control.str1.4
                0x0800f489       0x17 build/usbd.o
 .rodata.process_set_config.str1.4
                0x0800f489        0xe build/usbd.o
 .rodata.process_get_descriptor.str1.4
                0x0800f489       0x6b build/usbd.o
 .rodata.usbd_driver_print_control_complete_name.str1.4
                0x0800f489       0x16 build/usbd.o
 .rodata.tud_init.str1.4
                0x0800f489       0xb6 build/usbd.o
 .rodata.usbd_edpt_xfer.str1.4
                0x0800f489       0x2c build/usbd.o
 .rodata.usbd_edpt_stall.str1.4
                0x0800f489       0x14 build/usbd.o
 .rodata.usbd_edpt_clear_stall.str1.4
                0x0800f489       0x1a build/usbd.o
 .rodata.process_control_request.str1.4
                0x0800f489       0x77 build/usbd.o
 .rodata.tud_task_ext.str1.4
                0x0800f489       0xbe build/usbd.o
 *fill*         0x0800f489        0x3 
 .rodata.__func__.3
                0x0800f48c        0xf build/usbd.o
 *fill*         0x0800f49b        0x1 
 .rodata.__func__.4
                0x0800f49c        0xf build/usbd.o
 *fill*         0x0800f4ab        0x1 
 .rodata.__func__.5
                0x0800f4ac       0x14 build/usbd.o
 .rodata.__func__.6
                0x0800f4c0        0xc build/usbd.o
 .rodata.__func__.7
                0x0800f4cc       0x17 build/usbd.o
 *fill*         0x0800f4e3        0x1 
 .rodata.__func__.8
                0x0800f4e4       0x13 build/usbd.o
 *fill*         0x0800f4f7        0x1 
 .rodata.__func__.9
                0x0800f4f8       0x18 build/usbd.o
 .rodata.__func__.10
                0x0800f510       0x14 build/usbd.o
 .rodata.__func__.11
                0x0800f524        0xd build/usbd.o
 *fill*         0x0800f531        0x3 