Archive member included to satisfy reference by file (symbol)

/home/runner/work/fsk-energymeter/fsk-energymeter/toolchain/arm-none-eabi/bin/../lib/gcc/arm-none-eabi/13.2.1/../../../../arm-none-eabi/lib/thumb/v7e-m+fp/hard/libc_nano.a(libc_a-exit.o)
                              /home/runner/work/fsk-energymeter/fsk-energymeter/toolchain/arm-none-eabi/bin/../lib/gcc/arm-none-eabi/13.2.1/../../../../arm-none-eabi/lib/thumb/v7e-m+fp/hard/crt0.o (exit)
/home/runner/work/fsk-energymeter/fsk-energymeter/toolchain/arm-none-eabi/bin/../lib/gcc/arm-none-eabi/13.2.1/../../../../arm-none-eabi/lib/thumb/v7e-m+fp/hard/libc_nano.a(libc_a-init.o)
                              /home/runner/work/fsk-energymeter/fsk-energymeter/toolchain/arm-none-eabi/bin/../lib/gcc/arm-none-eabi/13.2.1/../../../../arm-none-eabi/lib/thumb/v7e-m+fp/hard/crt0.o (__libc_init_array)
/home/runner/work/fsk-energymeter/fsk-energymeter/toolchain/arm-none-eabi/bin/../lib/gcc/arm-none-eabi/13.2.1/../../../../arm-none-eabi/lib/thumb/v7e-m+fp/hard/libc_nano.a(libc_a-memcpy-stub.o)
                              build/tusb_fifo.o (memcpy)
/home/runner/work/fsk-energymeter/fsk-energymeter/toolchain/arm-none-eabi/bin/../lib/gcc/arm-none-eabi/13.2.1/../../../../arm-none-eabi/lib/thumb/v7e-m+fp/hard/libc_nano.a(libc_a-findfp.o)
                              /home/runner/work/fsk-energymeter/fsk-energymeter/toolchain/arm-none-eabi/bin/../lib/gcc/arm-none-eabi/13.2.1/../../../../arm-none-eabi/lib/thumb/v7e-m+fp/hard/libc_nano.a(libc_a-exit.o) (__stdio_exit_handler)
/home/runner/work/fsk-energymeter/fsk-energymeter/toolchain/arm-none-eabi/bin/../lib/gcc/arm-none-eabi/13.2.1/../../../../arm-none-eabi/lib/thumb/v7e-m+fp/hard/libc_nano.a(libc_a-strlen.o)
                              build/energymeter_usb.o (strlen)
/home/runner/work/fsk-energymeter/fsk-energymeter/toolchain/arm-none-eabi/bin/../lib/gcc/arm-none-eabi/13.2.1/../../../../arm-none-eabi/lib/thumb/v7e-m+fp/hard/libc_nano.a(libc_a-sprintf.o)
                              build/energymeter_record.o (sprintf)
/home/runner/work/fsk-energymeter/fsk-energymeter/toolchain/arm-none-eabi/bin/../lib/gcc/arm-none-eabi/13.2.1/../../../../arm-none-eabi/lib/thumb/v7e-m+fp/hard/libc_nano.a(libc_a-stdio.o)
                              /home/runner/work/fsk-energymeter/fsk-energymeter/toolchain/arm-none-eabi/bin/../lib/gcc/arm-none-eabi/13.2.1/../../../../arm-none-eabi/lib/thumb/v7e-m+fp/hard/libc_nano.a(libc_a-findfp.o) (__sread)
/home/runner/work/fsk-energymeter/fsk-energymeter/toolchain/arm-none-eabi/bin/../lib/gcc/arm-none-eabi/13.2.1/../../../../arm-none-eabi/lib/thumb/v7e-m+fp/hard/libc_nano.a(libc_a-readr.o)
                              /home/runner/work/fsk-energymeter/fsk-energymeter/toolchain/arm-none-eabi/bin/../lib/gcc/arm-none-eabi/13.2.1/../../../../arm-none-eabi/lib/thumb/v7e-m+fp/hard/libc_nano.a(libc_a-stdio.o) (_read_r)
/home/runner/work/fsk-energymeter/fsk-energymeter/toolchain/arm-none-eabi/bin/../lib/gcc/arm-none-eabi/13.2.1/../../../../arm-none-eabi/lib/thumb/v7e-m+fp/hard/libc_nano.a(libc_a-writer.o)
                              /home/runner/work/fsk-energymeter/fsk-energymeter/toolchain/arm-none-eabi/bin/../lib/gcc/arm-none-eabi/13.2.1/../../../../arm-none-eabi/lib/thumb/v7e-m+fp/hard/libc_nano.a(libc_a-stdio.o) (_write_r)
/home/runner/work/fsk-energymeter/fsk-energymeter/toolchain/arm-none-eabi/bin/../lib/gcc/arm-none-eabi/13.2.1/../../../../arm-none-eabi/lib/thumb/v7e-m+fp/hard/libc_nano.a(libc_a-errno.o)
                              build/sysmem.o (__errno)
/home/runner/work/fsk-energymeter/fsk-energymeter/toolchain/arm-none-eabi/bin/../lib/gcc/arm-none-eabi/13.2.1/../../../../arm-none-eabi/lib/thumb/v7e-m+fp/hard/libc_nano.a(libc_a-fwalk.o)
                              /home/runner/work/fsk-energymeter/fsk-energymeter/toolchain/arm-none-eabi/bin/../lib/gcc/arm-none-eabi/13.2.1/../../../../arm-none-eabi/lib/thumb/v7e-m+fp/hard/libc_nano.a(libc_a-findfp.o) (_fwalk_sglue)
/home/runner/work/fsk-energymeter/fsk-energymeter/toolchain/arm-none-eabi/bin/../lib/gcc/arm-none-eabi/13.2.1/../../../../arm-none-eabi/lib/thumb/v7e-m+fp/hard/libc_nano.a(libc_a-memmove.o)
                              build/msc_device.o (memmove)
/home/runner/work/fsk-energymeter/fsk-energymeter/toolchain/arm-none-eabi/bin/../lib/gcc/arm-none-eabi/13.2.1/../../../../arm-none-eabi/lib/thumb/v7e-m+fp/hard/libc_nano.a(libc_a-memset.o)
                              /home/runner/work/fsk-energymeter/fsk-energymeter/toolchain/arm-none-eabi/bin/../lib/gcc/arm-none-eabi/13.2.1/../../../../arm-none-eabi/lib/thumb/v7e-m+fp/hard/crt0.o (memset)
/home/runner/work/fsk-energymeter/fsk-energymeter/toolchain/arm-none-eabi/bin/../lib/gcc/arm-none-eabi/13.2.1/../../../../arm-none-eabi/lib/thumb/v7e-m+fp/hard/libc_nano.a(libc_a-lock.o)
[...]
Memory Configuration

Name             Origin             Length             Attributes
RAM              0x20000000         0x00010000         xrw
FLASH            0x08000000         0x00040000         xr
*default*        0x00000000         0xffffffff

Linker script and memory map

LOAD /home/runner/work/fsk-energymeter/fsk-energymeter/toolchain/arm-none-eabi/bin/../lib/gcc/arm-none-eabi/13.2.1/thumb/v7e-m+fp/hard/crti.o
LOAD /home/runner/work/fsk-energymeter/fsk-energymeter/toolchain/arm-none-eabi/bin/../lib/gcc/arm-none-eabi/13.2.1/thumb/v7e-m+fp/hard/crtbegin.o
LOAD /home/runner/work/fsk-energymeter/fsk-energymeter/toolchain/arm-none-eabi/bin/../lib/gcc/arm-none-eabi/13.2.1/../../../../arm-none-eabi/lib/thumb/v7e-m+fp/hard/crt0.o
LOAD build/main.o
LOAD build/gpio.o
LOAD build/usart.o
LOAD build/stm32f4xx_it.o
LOAD build/stm32f4xx_hal_msp.o
LOAD build/system_stm32f4xx.o
LOAD build/stm32f4xx_hal_rcc.o
LOAD build/stm32f4xx_hal_rcc_ex.o
LOAD build/stm32f4xx_hal_flash.o
LOAD build/stm32f4xx_hal_flash_ex.o
LOAD build/stm32f4xx_hal_flash_ramfunc.o
LOAD build/stm32f4xx_hal_gpio.o
LOAD build/stm32f4xx_hal_dma_ex.o
LOAD build/stm32f4xx_hal_dma.o
LOAD build/stm32f4xx_hal_pwr.o
LOAD build/stm32f4xx_hal_pwr_ex.o
LOAD build/stm32f4xx_hal_cortex.o
LOAD build/stm32f4xx_hal.o
LOAD build/stm32f4xx_hal_exti.o
LOAD build/stm32f4xx_hal_tim.o
LOAD build/stm32f4xx_hal_tim_ex.o
LOAD build/stm32f4xx_hal_uart.o
LOAD build/stm32f4xx_hal_pcd.o
LOAD build/stm32f4xx_hal_pcd_ex.o
LOAD build/stm32f4xx_ll_usb.o
LOAD build/sysmem.o
LOAD build/syscalls.o
LOAD build/typec_stm32.o
LOAD build/dcd_stm32_fsdev.o
LOAD build/dcd_dwc2.o
LOAD build/tusb_fifo.o
LOAD build/usbc.o
LOAD build/cdc_rndis_host.o
LOAD build/cdc_host.o
LOAD build/cdc_device.o
LOAD build/msc_host.o
LOAD build/msc_device.o
LOAD build/vendor_host.o
LOAD build/vendor_device.o
LOAD build/usbd_control.o
LOAD build/usbd.o
LOAD build/tusb.o
LOAD build/adc.o
LOAD build/rtc.o
LOAD build/tim.o
LOAD build/stm32f4xx_hal_adc.o
LOAD build/stm32f4xx_hal_adc_ex.o
LOAD build/stm32f4xx_ll_adc.o
LOAD build/stm32f4xx_hal_rtc.o
LOAD build/stm32f4xx_hal_rtc_ex.o
LOAD build/sdio.o
LOAD build/fatfs.o
LOAD build/stm32f4xx_ll_sdmmc.o
LOAD build/diskio.o
LOAD build/ff.o
LOAD build/ff_gen_drv.o
LOAD build/syscall.o
LOAD build/ccsbcs.o
LOAD build/stm32f4xx_hal_sd.o
LOAD build/dma.o
LOAD build/energymeter.o
LOAD build/energymeter_usb.o
LOAD build/energymeter_record.o
LOAD build/bsp_driver_sd.o
LOAD build/sd_diskio.o
LOAD build/startup_stm32f401xc.o
LOAD /home/runner/work/fsk-energymeter/fsk-energymeter/toolchain/arm-none-eabi/bin/../lib/gcc/arm-none-eabi/13.2.1/../../../../arm-none-eabi/lib/thumb/v7e-m+fp/hard/libc_nano.a
LOAD /home/runner/work/fsk-energymeter/fsk-energymeter/toolchain/arm-none-eabi/bin/../lib/gcc/arm-none-eabi/13.2.1/../../../../arm-none-eabi/lib/thumb/v7e-m+fp/hard/libm.a
LOAD /home/runner/work/fsk-energymeter/fsk-energymeter/toolchain/arm-none-eabi/bin/../lib/gcc/arm-none-eabi/13.2.1/../../../../arm-none-eabi/lib/thumb/v7e-m+fp/hard/libnosys.a
START GROUP
LOAD /home/runner/work/fsk-energymeter/fsk-energymeter/toolchain/arm-none-eabi/bin/../lib/gcc/arm-none-eabi/13.2.1/thumb/v7e-m+fp/hard/libgcc.a
LOAD /home/runner/work/fsk-energymeter/fsk-energymeter/toolchain/arm-none-eabi/bin/../lib/gcc/arm-none-eabi/13.2.1/../../../../arm-none-eabi/lib/thumb/v7e-m+fp/hard/libc_nano.a
END GROUP
START GROUP
LOAD /home/runner/work/fsk-energymeter/fsk-energymeter/toolchain/arm-none-eabi/bin/../lib/gcc/arm-none-eabi/13.2.1/thumb/v7e-m+fp/hard/libgcc.a
LOAD /home/runner/work/fsk-energymeter/fsk-energymeter/toolchain/arm-none-eabi/bin/../lib/gcc/arm-none-eabi/13.2.1/../../../../arm-none-eabi/lib/thumb/v7e-m+fp/hard/libc_nano.a
END GROUP
LOAD /home/runner/work/fsk-energymeter/fsk-energymeter/toolchain/arm-none-eabi/bin/../lib/gcc/arm-none-eabi/13.2.1/thumb/v7e-m+fp/hard/crtend.o
LOAD /home/runner/work/fsk-energymeter/fsk-energymeter/toolchain/arm-none-eabi/bin/../lib/gcc/arm-none-eabi/13.2.1/thumb/v7e-m+fp/hard/crtn.o
                0x20010000                        _estack = (ORIGIN (RAM) + LENGTH (RAM))
                0x00002000                        _Min_Heap_Size = 0x2000
                0x00001000                        _Min_Stack_Size = 0x1000

.isr_vector     0x08000000      0x194
                0x08000000                        . = ALIGN (0x4)
 *(.isr_vector)
 .isr_vector    0x08000000      0x194 build/startup_stm32f401xc.o
                0x08000000                g_pfnVectors
                0x08000194                        . = ALIGN (0x4)

.text           0x080001a0     0xa258
                0x080001a0                        . = ALIGN (0x4)
 *(.text)
 .text          0x080001a0       0x10 /home/runner/work/fsk-energymeter/fsk-energymeter/toolchain/arm-none-eabi/bin/../lib/gcc/arm-none-eabi/13.2.1/../../../../arm-none-eabi/lib/thumb/v7e-m+fp/hard/libc_nano.a(libc_a-strlen.o)
                0x080001a0                strlen
 .text          0x080001b0       0xa0 /home/runner/work/fsk-energymeter/fsk-energymeter/toolchain/arm-none-eabi/bin/../lib/gcc/arm-none-eabi/13.2.1/../../../../arm-none-eabi/lib/thumb/v7e-m+fp/hard/libc_nano.a(libc_a-memchr.o)
                0x080001b0                memchr
 .text          0x08000250       0x30 /home/runner/work/fsk-energymeter/fsk-energymeter/toolchain/arm-none-eabi/bin/../lib/gcc/arm-none-eabi/13.2.1/thumb/v7e-m+fp/hard/libgcc.a(_aeabi_uldivmod.o)
                0x08000250                __aeabi_uldivmod
 .text          0x08000280        0x4 /home/runner/work/fsk-energymeter/fsk-energymeter/toolchain/arm-none-eabi/bin/../lib/gcc/arm-none-eabi/13.2.1/thumb/v7e-m+fp/hard/libgcc.a(_dvmd_tls.o)
                0x08000280                __aeabi_ldiv0
                0x08000280                __aeabi_idiv0
 *(.text*)
 .text.deregister_tm_clones
                0x08000284       0x1c /home/runner/work/fsk-energymeter/fsk-energymeter/toolchain/arm-none-eabi/bin/../lib/gcc/arm-none-eabi/13.2.1/thumb/v7e-m+fp/hard/crtbegin.o
 .text.register_tm_clones
                0x080002a0       0x24 /home/runner/work/fsk-energymeter/fsk-energymeter/toolchain/arm-none-eabi/bin/../lib/gcc/arm-none-eabi/13.2.1/thumb/v7e-m+fp/hard/crtbegin.o
 .text.__do_global_dtors_aux
                0x080002c4       0x28 /home/runner/work/fsk-energymeter/fsk-energymeter/toolchain/arm-none-eabi/bin/../lib/gcc/arm-none-eabi/13.2.1/thumb/v7e-m+fp/hard/crtbegin.o
 .text.frame_dummy
                0x080002ec       0x24 /home/runner/work/fsk-energymeter/fsk-energymeter/toolchain/arm-none-eabi/bin/../lib/gcc/arm-none-eabi/13.2.1/thumb/v7e-m+fp/hard/crtbegin.o
 .text.Error_Handler
                0x08000310       0x28 build/main.o
                0x08000310                Error_Handler
 .text.SystemClock_Config
                0x08000338       0xa4 build/main.o
                0x08000338                SystemClock_Config
 .text.startup.main
                0x080003dc       0x30 build/main.o
                0x080003dc                main
 .text.MX_GPIO_Init
                0x0800040c       0xa8 build/gpio.o
                0x0800040c                MX_GPIO_Init
 .text.MX_USART1_UART_Init
                0x080004b4       0x38 build/usart.o
                0x080004b4                MX_USART1_UART_Init
 *fill*         0x080004ec        0x4 
 .text.HAL_UART_MspInit
                0x080004f0       0x78 build/usart.o
                0x080004f0                HAL_UART_MspInit
 .text.NMI_Handler
                0x08000568        0x4 build/stm32f4xx_it.o
                0x08000568                NMI_Handler
 .text.HardFault_Handler
                0x0800056c       0x14 build/stm32f4xx_it.o
                0x0800056c                HardFault_Handler
 .text.MemManage_Handler
                0x08000580        0x4 build/stm32f4xx_it.o
                0x08000580                MemManage_Handler
 .text.BusFault_Handler
                0x08000584        0x4 build/stm32f4xx_it.o
                0x08000584                BusFault_Handler
 .text.UsageFault_Handler
                0x08000588        0x4 build/stm32f4xx_it.o
                0x08000588                UsageFault_Handler
 .text.SVC_Handler
                0x0800058c        0x4 build/stm32f4xx_it.o
                0x0800058c                SVC_Handler
 .text.DebugMon_Handler
                0x08000590        0x4 build/stm32f4xx_it.o
                0x08000590                DebugMon_Handler
 .text.PendSV_Handler
                0x08000594        0x4 build/stm32f4xx_it.o
                0x08000594                PendSV_Handler
 .text.SysTick_Handler
                0x08000598        0x4 build/stm32f4xx_it.o
                0x08000598                SysTick_Handler
 .text.ADC_IRQHandler
                0x0800059c        0xc build/stm32f4xx_it.o
                0x0800059c                ADC_IRQHandler
 .text.SDIO_IRQHandler
                0x080005a8        0xc build/stm32f4xx_it.o
                0x080005a8                SDIO_IRQHandler
 .text.TIM5_IRQHandler
                0x080005b4        0xc build/stm32f4xx_it.o
                0x080005b4                TIM5_IRQHandler
 .text.DMA2_Stream0_IRQHandler
                0x080005c0        0xc build/stm32f4xx_it.o
                0x080005c0                DMA2_Stream0_IRQHandler
 .text.OTG_FS_IRQHandler
                0x080005cc        0x8 build/stm32f4xx_it.o
                0x080005cc                OTG_FS_IRQHandler
 .text.HAL_MspInit
                0x080005d4       0x38 build/stm32f4xx_hal_msp.o
                0x080005d4                HAL_MspInit
 .text.SystemInit
                0x0800060c       0x14 build/system_stm32f4xx.o
                0x0800060c                SystemInit
 .text.HAL_RCC_OscConfig
                0x08000620      0x3c4 build/stm32f4xx_hal_rcc.o
                0x08000620                HAL_RCC_OscConfig
 .text.HAL_RCC_GetSysClockFreq
                0x080009e4       0x68 build/stm32f4xx_hal_rcc.o
                0x080009e4                HAL_RCC_GetSysClockFreq
 .text.HAL_RCC_ClockConfig
                0x08000a4c      0x13c build/stm32f4xx_hal_rcc.o
                0x08000a4c                HAL_RCC_ClockConfig
 .text.HAL_RCC_GetPCLK1Freq
                0x08000b88       0x20 build/stm32f4xx_hal_rcc.o
                0x08000b88                HAL_RCC_GetPCLK1Freq
 .text.HAL_RCC_GetPCLK2Freq
                0x08000ba8       0x20 build/stm32f4xx_hal_rcc.o
                0x08000ba8                HAL_RCC_GetPCLK2Freq
 .text.HAL_RCCEx_PeriphCLKConfig
                0x08000bc8      0x150 build/stm32f4xx_hal_rcc_ex.o
                0x08000bc8                HAL_RCCEx_PeriphCLKConfig
 .text.HAL_GPIO_Init
                0x08000d18      0x1e0 build/stm32f4xx_hal_gpio.o
                0x08000d18                HAL_GPIO_Init
 .text.HAL_GPIO_WritePin
                0x08000ef8        0x8 build/stm32f4xx_hal_gpio.o
                0x08000ef8                HAL_GPIO_WritePin
 .text.HAL_GPIO_TogglePin
                0x08000f00       0x14 build/stm32f4xx_hal_gpio.o
                0x08000f00                HAL_GPIO_TogglePin
 .text.HAL_DMA_Init
                0x08000f14      0x128 build/stm32f4xx_hal_dma.o
                0x08000f14                HAL_DMA_Init
 .text.HAL_DMA_Start_IT
                0x0800103c       0x78 build/stm32f4xx_hal_dma.o
                0x0800103c                HAL_DMA_Start_IT
 .text.HAL_DMA_Abort_IT
                0x080010b4       0x24 build/stm32f4xx_hal_dma.o
                0x080010b4                HAL_DMA_Abort_IT
 .text.HAL_DMA_IRQHandler
                0x080010d8      0x1ac build/stm32f4xx_hal_dma.o
                0x080010d8                HAL_DMA_IRQHandler
 .text.HAL_NVIC_SetPriorityGrouping
                0x08001284       0x24 build/stm32f4xx_hal_cortex.o
                0x08001284                HAL_NVIC_SetPriorityGrouping
 .text.HAL_NVIC_SetPriority
                0x080012a8       0x78 build/stm32f4xx_hal_cortex.o
                0x080012a8                HAL_NVIC_SetPriority
 .text.HAL_NVIC_EnableIRQ
                0x08001320       0x1c build/stm32f4xx_hal_cortex.o
                0x08001320                HAL_NVIC_EnableIRQ
 .text.HAL_SYSTICK_Config
                0x0800133c       0x34 build/stm32f4xx_hal_cortex.o
                0x0800133c                HAL_SYSTICK_Config
 .text.HAL_InitTick
                0x08001370       0x48 build/stm32f4xx_hal.o
                0x08001370                HAL_InitTick
 .text.HAL_Init
                0x080013b8       0x34 build/stm32f4xx_hal.o
                0x080013b8                HAL_Init
 .text.HAL_IncTick
                0x080013ec       0x18 build/stm32f4xx_hal.o
                0x080013ec                HAL_IncTick
 .text.HAL_GetTick
                0x08001404        0xc build/stm32f4xx_hal.o
                0x08001404                HAL_GetTick
 .text.HAL_Delay
                0x08001410       0x24 build/stm32f4xx_hal.o
                0x08001410                HAL_Delay
 .text.HAL_GetUIDw0
                0x08001434        0xc build/stm32f4xx_hal.o
                0x08001434                HAL_GetUIDw0
 .text.HAL_GetUIDw1
                0x08001440        0xc build/stm32f4xx_hal.o
                0x08001440                HAL_GetUIDw1
 .text.HAL_GetUIDw2
                0x0800144c        0xc build/stm32f4xx_hal.o
                0x0800144c                HAL_GetUIDw2
 .text.HAL_TIM_Base_Start_IT
                0x08001458       0x64 build/stm32f4xx_hal_tim.o
                0x08001458                HAL_TIM_Base_Start_IT
 .text.HAL_TIM_ConfigClockSource
                0x080014bc      0x154 build/stm32f4xx_hal_tim.o
                0x080014bc                HAL_TIM_ConfigClockSource
 .text.HAL_TIM_OC_DelayElapsedCallback
                0x08001610        0x4 build/stm32f4xx_hal_tim.o
                0x08001610                HAL_TIM_OC_DelayElapsedCallback
 .text.HAL_TIM_IC_CaptureCallback
                0x08001614        0x4 build/stm32f4xx_hal_tim.o
                0x08001614                HAL_TIM_IC_CaptureCallback
 .text.HAL_TIM_PWM_PulseFinishedCallback
                0x08001618        0x4 build/stm32f4xx_hal_tim.o
                0x08001618                HAL_TIM_PWM_PulseFinishedCallback
 .text.HAL_TIM_TriggerCallback
                0x0800161c        0x4 build/stm32f4xx_hal_tim.o
                0x0800161c                HAL_TIM_TriggerCallback
 .text.HAL_TIM_IRQHandler
                0x08001620      0x138 build/stm32f4xx_hal_tim.o
                0x08001620                HAL_TIM_IRQHandler
 .text.TIM_Base_SetConfig
                0x08001758       0xe0 build/stm32f4xx_hal_tim.o
                0x08001758                TIM_Base_SetConfig
 .text.HAL_TIM_Base_Init
                0x08001838       0x5c build/stm32f4xx_hal_tim.o
                0x08001838                HAL_TIM_Base_Init
 .text.HAL_TIMEx_MasterConfigSynchronization
                0x08001894       0x70 build/stm32f4xx_hal_tim_ex.o
                0x08001894                HAL_TIMEx_MasterConfigSynchronization
 .text.HAL_TIMEx_CommutCallback
                0x08001904        0x4 build/stm32f4xx_hal_tim_ex.o
                0x08001904                HAL_TIMEx_CommutCallback
 .text.HAL_TIMEx_BreakCallback
                0x08001908        0x4 build/stm32f4xx_hal_tim_ex.o
                0x08001908                HAL_TIMEx_BreakCallback
 .text.UART_SetConfig
                0x0800190c       0xcc build/stm32f4xx_hal_uart.o
 .text.HAL_UART_Init
                0x080019d8       0x64 build/stm32f4xx_hal_uart.o
                0x080019d8                HAL_UART_Init
 .text._sbrk    0x08001a3c       0x44 build/sysmem.o
                0x08001a3c                _sbrk
 .text.fifo_alloc
                0x08001a80       0x94 build/dcd_dwc2.o
 .text.edpt_activate
                0x08001b14       0x7c build/dcd_dwc2.o
 .text.edpt_disable
                0x08001b90       0xd8 build/dcd_dwc2.o
 .text.edpt_schedule_packets
                0x08001c68      0x104 build/dcd_dwc2.o
 .text.dcd_init
                0x08001d6c      0x1b4 build/dcd_dwc2.o
                0x08001d6c                dcd_init
 .text.dcd_int_enable
                0x08001f20       0x2c build/dcd_dwc2.o
                0x08001f20                dcd_int_enable
 .text.dcd_int_disable
                0x08001f4c       0x34 build/dcd_dwc2.o
                0x08001f4c                dcd_int_disable
 .text.dcd_set_address
                0x08001f80       0x54 build/dcd_dwc2.o
                0x08001f80                dcd_set_address
 .text.dcd_sof_enable
                0x08001fd4       0x2c build/dcd_dwc2.o
                0x08001fd4                dcd_sof_enable
 .text.dcd_edpt_open
                0x08002000       0x34 build/dcd_dwc2.o
                0x08002000                dcd_edpt_open
 .text.dcd_edpt_close_all
                0x08002034       0x9c build/dcd_dwc2.o
                0x08002034                dcd_edpt_close_all
 .text.dcd_edpt_xfer
                0x080020d0       0x78 build/dcd_dwc2.o
                0x080020d0                dcd_edpt_xfer
 .text.dcd_edpt_stall
                0x08002148        0x8 build/dcd_dwc2.o
                0x08002148                dcd_edpt_stall
 .text.dcd_edpt_clear_stall
                0x08002150       0x4c build/dcd_dwc2.o
                0x08002150                dcd_edpt_clear_stall
 .text.dcd_int_handler
                0x0800219c      0x60c build/dcd_dwc2.o
                0x0800219c                dcd_int_handler
 .text._tu_fifo_peek_n
                0x080027a8      0x198 build/tusb_fifo.o
 .text._tu_fifo_write_n.part.0
                0x08002940      0x23c build/tusb_fifo.o
 .text.tu_fifo_config
                0x08002b7c       0x2c build/tusb_fifo.o
                0x08002b7c                tu_fifo_config
 .text.tu_fifo_count
                0x08002ba8       0x20 build/tusb_fifo.o
                0x08002ba8                tu_fifo_count
 .text.tu_fifo_empty
                0x08002bc8       0x14 build/tusb_fifo.o
                0x08002bc8                tu_fifo_empty
 .text.tu_fifo_remaining
                0x08002bdc       0x24 build/tusb_fifo.o
                0x08002bdc                tu_fifo_remaining
 .text.tu_fifo_read
                0x08002c00       0x8c build/tusb_fifo.o
                0x08002c00                tu_fifo_read
 .text.tu_fifo_read_n
                0x08002c8c       0x3c build/tusb_fifo.o
                0x08002c8c                tu_fifo_read_n
 .text.tu_fifo_read_n_const_addr_full_words
                0x08002cc8       0x44 build/tusb_fifo.o
                0x08002cc8                tu_fifo_read_n_const_addr_full_words
 .text.tu_fifo_write
                0x08002d0c       0x84 build/tusb_fifo.o
                0x08002d0c                tu_fifo_write
 .text.tu_fifo_write_n
                0x08002d90        0xc build/tusb_fifo.o
                0x08002d90                tu_fifo_write_n
 .text.tu_fifo_write_n_const_addr_full_words
                0x08002d9c        0xc build/tusb_fifo.o
                0x08002d9c                tu_fifo_write_n_const_addr_full_words
 .text.tu_fifo_clear
                0x08002da8        0xc build/tusb_fifo.o
                0x08002da8                tu_fifo_clear
 .text.tu_fifo_set_overwritable
                0x08002db4       0x10 build/tusb_fifo.o
                0x08002db4                tu_fifo_set_overwritable
 .text._prep_out_transaction.isra.0
                0x08002dc4       0x5c build/cdc_device.o
 .text.tud_cdc_n_available
                0x08002e20       0x18 build/cdc_device.o
                0x08002e20                tud_cdc_n_available
 .text.tud_cdc_n_read
                0x08002e38       0x34 build/cdc_device.o
                0x08002e38                tud_cdc_n_read
 .text.tud_cdc_n_read_flush
                0x08002e6c       0x24 build/cdc_device.o
                0x08002e6c                tud_cdc_n_read_flush
 .text.tud_cdc_n_write_flush
                0x08002e90       0x88 build/cdc_device.o
                0x08002e90                tud_cdc_n_write_flush
 .text.tud_cdc_n_write
                0x08002f18       0x40 build/cdc_device.o
                0x08002f18                tud_cdc_n_write
 .text.cdcd_init
                0x08002f58       0x58 build/cdc_device.o
                0x08002f58                cdcd_init
 .text.cdcd_deinit
                0x08002fb0        0x4 build/cdc_device.o
                0x08002fb0                cdcd_deinit
 .text.cdcd_reset
                0x08002fb4       0x4c build/cdc_device.o
                0x08002fb4                cdcd_reset
 .text.cdcd_open
                0x08003000       0xb4 build/cdc_device.o
                0x08003000                cdcd_open
 .text.cdcd_control_xfer_cb
                0x080030b4       0xc8 build/cdc_device.o
                0x080030b4                cdcd_control_xfer_cb
 .text.cdcd_xfer_cb
                0x0800317c       0xf8 build/cdc_device.o
                0x0800317c                cdcd_xfer_cb
 .text.fail_scsi_op.constprop.0
                0x08003274       0x54 build/msc_device.o
 .text.proc_write10_cmd.constprop.0
                0x080032c8       0x68 build/msc_device.o
 .text.proc_read10_cmd.constprop.0
                0x08003330       0xb0 build/msc_device.o
 .text.rdwr10_validate_cmd
                0x080033e0       0x40 build/msc_device.o
                0x080033e0                rdwr10_validate_cmd
 .text.tud_msc_set_sense
                0x08003420       0x18 build/msc_device.o
                0x08003420                tud_msc_set_sense
 .text.mscd_init
                0x08003438       0x10 build/msc_device.o
                0x08003438                mscd_init
 .text.mscd_reset
                0x08003448       0x10 build/msc_device.o
                0x08003448                mscd_reset
 .text.mscd_open
                0x08003458       0x94 build/msc_device.o
                0x08003458                mscd_open
 .text.mscd_control_xfer_cb
                0x080034ec      0x13c build/msc_device.o
                0x080034ec                mscd_control_xfer_cb
 .text.mscd_xfer_cb
                0x08003628      0x588 build/msc_device.o
                0x08003628                mscd_xfer_cb
 .text._data_stage_xact
                0x08003bb0       0x78 build/usbd_control.o
 .text.dcd_edpt0_status_complete
                0x08003c28        0x4 build/usbd_control.o
                0x08003c28                dcd_edpt0_status_complete
 .text.tud_control_status
                0x08003c2c       0x30 build/usbd_control.o
                0x08003c2c                tud_control_status
 .text.tud_control_xfer
                0x08003c5c       0x64 build/usbd_control.o
                0x08003c5c                tud_control_xfer
 .text.usbd_control_reset
                0x08003cc0       0x14 build/usbd_control.o
                0x08003cc0                usbd_control_reset
 .text.usbd_control_set_complete_callback
                0x08003cd4        0xc build/usbd_control.o
                0x08003cd4                usbd_control_set_complete_callback
 .text.usbd_control_set_request
                0x08003ce0       0x18 build/usbd_control.o
                0x08003ce0                usbd_control_set_request
 .text.usbd_control_xfer_cb
                0x08003cf8       0xb8 build/usbd_control.o
                0x08003cf8                usbd_control_xfer_cb
 .text.tud_vendor_control_xfer_cb
                0x08003db0        0x4 build/usbd.o
                0x08003db0                tud_vendor_control_xfer_cb
 .text.configuration_reset
                0x08003db4       0x84 build/usbd.o
 .text.usbd_int_set
                0x08003e38       0x18 build/usbd.o
                0x08003e38                usbd_int_set
 .text.tud_event_hook_cb
                0x08003e50        0x4 build/usbd.o
                0x08003e50                tud_event_hook_cb
 .text.tud_sof_cb
                0x08003e54        0x4 build/usbd.o
                0x08003e54                tud_sof_cb
 .text.tud_descriptor_bos_cb
                0x08003e58        0x4 build/usbd.o
                0x08003e58                tud_descriptor_bos_cb
 .text.tud_descriptor_device_qualifier_cb
                0x08003e5c        0x4 build/usbd.o
                0x08003e5c                tud_descriptor_device_qualifier_cb
 .text.tud_descriptor_other_speed_configuration_cb
                0x08003e60        0x4 build/usbd.o
                0x08003e60                tud_descriptor_other_speed_configuration_cb
 .text.tud_mounted
                0x08003e64       0x10 build/usbd.o
                0x08003e64                tud_mounted
 .text.tud_suspended
                0x08003e74       0x10 build/usbd.o
                0x08003e74                tud_suspended
 .text.tud_init
                0x08003e84       0xcc build/usbd.o
                0x08003e84                tud_init
 .text.tud_task_ext
                0x08003f50      0x764 build/usbd.o
                0x08003f50                tud_task_ext
 .text.dcd_event_handler
                0x080046b4      0x210 build/usbd.o
                0x080046b4                dcd_event_handler
 .text.usbd_edpt_open
                0x080048c4       0x48 build/usbd.o
                0x080048c4                usbd_edpt_open
 .text.usbd_open_edpt_pair
                0x0800490c       0x68 build/usbd.o
                0x0800490c                usbd_open_edpt_pair
 .text.usbd_edpt_claim
                0x08004974       0x1c build/usbd.o
                0x08004974                usbd_edpt_claim
 .text.usbd_edpt_release
                0x08004990       0x1c build/usbd.o
                0x08004990                usbd_edpt_release
 .text.usbd_edpt_xfer
                0x080049ac       0x74 build/usbd.o
                0x080049ac                usbd_edpt_xfer
 .text.usbd_edpt_busy
                0x08004a20       0x1c build/usbd.o
                0x08004a20                usbd_edpt_busy
 .text.usbd_edpt_stall
                0x08004a3c       0x3c build/usbd.o
                0x08004a3c                usbd_edpt_stall
 .text.usbd_edpt_stalled
                0x08004a78       0x1c build/usbd.o
                0x08004a78                usbd_edpt_stalled
 .text.tusb_init
                0x08004a94       0x1c build/tusb.o
                0x08004a94                tusb_init
 .text.tu_edpt_claim
                0x08004ab0       0x38 build/tusb.o
                0x08004ab0                tu_edpt_claim
 .text.tu_edpt_release
                0x08004ae8       0x24 build/tusb.o
                0x08004ae8                tu_edpt_release
 .text.tu_edpt_validate
                0x08004b0c       0x64 build/tusb.o
                0x08004b0c                tu_edpt_validate
 .text.tu_edpt_bind_driver
                0x08004b70       0x58 build/tusb.o
                0x08004b70                tu_edpt_bind_driver
 .text.MX_ADC1_Init
                0x08004bc8       0xfc build/adc.o
                0x08004bc8                MX_ADC1_Init
 .text.HAL_ADC_MspInit
                0x08004cc4       0xb8 build/adc.o
                0x08004cc4                HAL_ADC_MspInit
 .text.MX_RTC_Init
                0x08004d7c       0x9c build/rtc.o
                0x08004d7c                MX_RTC_Init
 .text.HAL_RTC_MspInit
                0x08004e18       0x48 build/rtc.o
                0x08004e18                HAL_RTC_MspInit
 .text.MX_TIM5_Init
                0x08004e60       0x74 build/tim.o
                0x08004e60                MX_TIM5_Init
 .text.HAL_TIM_Base_MspInit
                0x08004ed4       0x40 build/tim.o
                0x08004ed4                HAL_TIM_Base_MspInit
 .text.HAL_ADC_Init
                0x08004f14      0x158 build/stm32f4xx_hal_adc.o
                0x08004f14                HAL_ADC_Init
 .text.HAL_ADC_Start_DMA
                0x0800506c      0x12c build/stm32f4xx_hal_adc.o
                0x0800506c                HAL_ADC_Start_DMA
 .text.HAL_ADC_ConvHalfCpltCallback
                0x08005198        0x4 build/stm32f4xx_hal_adc.o
                0x08005198                HAL_ADC_ConvHalfCpltCallback
 .text.ADC_DMAHalfConvCplt
                0x0800519c        0xc build/stm32f4xx_hal_adc.o
 .text.HAL_ADC_LevelOutOfWindowCallback
                0x080051a8        0x4 build/stm32f4xx_hal_adc.o
                0x080051a8                HAL_ADC_LevelOutOfWindowCallback
 .text.HAL_ADC_ErrorCallback
                0x080051ac        0x4 build/stm32f4xx_hal_adc.o
                0x080051ac                HAL_ADC_ErrorCallback
 .text.HAL_ADC_IRQHandler
                0x080051b0      0x120 build/stm32f4xx_hal_adc.o
                0x080051b0                HAL_ADC_IRQHandler
 .text.ADC_DMAError
                0x080052d0       0x18 build/stm32f4xx_hal_adc.o
 .text.ADC_DMAConvCplt
                0x080052e8       0x6c build/stm32f4xx_hal_adc.o
 .text.HAL_ADC_ConfigChannel
                0x08005354      0x150 build/stm32f4xx_hal_adc.o
                0x08005354                HAL_ADC_ConfigChannel
 .text.HAL_ADCEx_InjectedConvCpltCallback
                0x080054a4        0x4 build/stm32f4xx_hal_adc_ex.o
                0x080054a4                HAL_ADCEx_InjectedConvCpltCallback
 .text.HAL_RTC_GetTime
                0x080054a8       0x78 build/stm32f4xx_hal_rtc.o
                0x080054a8                HAL_RTC_GetTime
 .text.HAL_RTC_GetDate
                0x08005520       0x6c build/stm32f4xx_hal_rtc.o
                0x08005520                HAL_RTC_GetDate
 .text.RTC_EnterInitMode
                0x0800558c       0x40 build/stm32f4xx_hal_rtc.o
                0x0800558c                RTC_EnterInitMode
 .text.RTC_ExitInitMode
                0x080055cc       0x44 build/stm32f4xx_hal_rtc.o
                0x080055cc                RTC_ExitInitMode
 .text.HAL_RTC_Init
                0x08005610       0x94 build/stm32f4xx_hal_rtc.o
                0x08005610                HAL_RTC_Init
 .text.HAL_RTC_SetTime
                0x080056a4       0xfc build/stm32f4xx_hal_rtc.o
                0x080056a4                HAL_RTC_SetTime
 .text.HAL_RTC_SetDate
                0x080057a0       0xec build/stm32f4xx_hal_rtc.o
                0x080057a0                HAL_RTC_SetDate
 .text.HAL_RTCEx_BKUPWrite
                0x0800588c        0xc build/stm32f4xx_hal_rtc_ex.o
                0x0800588c                HAL_RTCEx_BKUPWrite
 .text.HAL_RTCEx_BKUPRead
                0x08005898        0xc build/stm32f4xx_hal_rtc_ex.o
                0x08005898                HAL_RTCEx_BKUPRead
 .text.MX_SDIO_SD_Init
                0x080058a4       0x2c build/sdio.o
                0x080058a4                MX_SDIO_SD_Init
 .text.HAL_SD_MspInit
                0x080058d0       0xcc build/sdio.o
                0x080058d0                HAL_SD_MspInit
 .text.MX_FATFS_Init
                0x0800599c       0x1c build/fatfs.o
                0x0800599c                MX_FATFS_Init
 .text.get_fattime
                0x080059b8       0x54 build/fatfs.o
                0x080059b8                get_fattime
 .text.SDIO_Init
                0x08005a0c       0x38 build/stm32f4xx_ll_sdmmc.o
                0x08005a0c                SDIO_Init
 .text.SDIO_ReadFIFO
                0x08005a44        0x8 build/stm32f4xx_ll_sdmmc.o
                0x08005a44                SDIO_ReadFIFO
 .text.SDIO_WriteFIFO
                0x08005a4c        0xc build/stm32f4xx_ll_sdmmc.o
                0x08005a4c                SDIO_WriteFIFO
 .text.SDIO_PowerState_ON
                0x08005a58        0x8 build/stm32f4xx_ll_sdmmc.o
                0x08005a58                SDIO_PowerState_ON
 .text.SDIO_GetPowerState
                0x08005a60        0x8 build/stm32f4xx_ll_sdmmc.o
                0x08005a60                SDIO_GetPowerState
 .text.SDIO_GetResponse
                0x08005a68        0x8 build/stm32f4xx_ll_sdmmc.o
                0x08005a68                SDIO_GetResponse
 .text.SDIO_ConfigData
                0x08005a70       0x2c build/stm32f4xx_ll_sdmmc.o
                0x08005a70                SDIO_ConfigData
 .text.SDMMC_CmdGoIdleState
                0x08005a9c       0x48 build/stm32f4xx_ll_sdmmc.o
                0x08005a9c                SDMMC_CmdGoIdleState
 .text.SDMMC_CmdAppOperCommand
                0x08005ae4       0x6c build/stm32f4xx_ll_sdmmc.o
                0x08005ae4                SDMMC_CmdAppOperCommand
 .text.SDMMC_GetCmdResp1
                0x08005b50      0x12c build/stm32f4xx_ll_sdmmc.o
                0x08005b50                SDMMC_GetCmdResp1
 .text.SDMMC_CmdBlockLength
                0x08005c7c       0x18 build/stm32f4xx_ll_sdmmc.o
                0x08005c7c                SDMMC_CmdBlockLength
 .text.SDMMC_CmdReadSingleBlock
                0x08005c94       0x1c build/stm32f4xx_ll_sdmmc.o
                0x08005c94                SDMMC_CmdReadSingleBlock
 .text.SDMMC_CmdReadMultiBlock
                0x08005cb0       0x1c build/stm32f4xx_ll_sdmmc.o
                0x08005cb0                SDMMC_CmdReadMultiBlock
 .text.SDMMC_CmdWriteSingleBlock
                0x08005ccc       0x18 build/stm32f4xx_ll_sdmmc.o
                0x08005ccc                SDMMC_CmdWriteSingleBlock
 .text.SDMMC_CmdWriteMultiBlock
                0x08005ce4       0x1c build/stm32f4xx_ll_sdmmc.o
                0x08005ce4                SDMMC_CmdWriteMultiBlock
 .text.SDMMC_CmdStopTransfer
                0x08005d00       0x20 build/stm32f4xx_ll_sdmmc.o
                0x08005d00                SDMMC_CmdStopTransfer
 .text.SDMMC_CmdSelDesel
                0x08005d20       0x1c build/stm32f4xx_ll_sdmmc.o
                0x08005d20                SDMMC_CmdSelDesel
 .text.SDMMC_CmdAppCommand
                0x08005d3c       0x1c build/stm32f4xx_ll_sdmmc.o
                0x08005d3c                SDMMC_CmdAppCommand
 .text.SDMMC_CmdSendStatus
                0x08005d58       0x1c build/stm32f4xx_ll_sdmmc.o
                0x08005d58                SDMMC_CmdSendStatus
 .text.SDMMC_GetCmdResp2
                0x08005d74       0x54 build/stm32f4xx_ll_sdmmc.o
                0x08005d74                SDMMC_GetCmdResp2
 .text.SDMMC_CmdSendCID
                0x08005dc8       0x18 build/stm32f4xx_ll_sdmmc.o
                0x08005dc8                SDMMC_CmdSendCID
 .text.SDMMC_CmdSendCSD
                0x08005de0       0x18 build/stm32f4xx_ll_sdmmc.o
                0x08005de0                SDMMC_CmdSendCSD
 .text.SDMMC_GetCmdResp6
                0x08005df8       0x8c build/stm32f4xx_ll_sdmmc.o
                0x08005df8                SDMMC_GetCmdResp6
 .text.SDMMC_CmdSetRelAdd
                0x08005e84       0x1c build/stm32f4xx_ll_sdmmc.o
                0x08005e84                SDMMC_CmdSetRelAdd
 .text.SDMMC_GetCmdResp7
                0x08005ea0       0x5c build/stm32f4xx_ll_sdmmc.o
                0x08005ea0                SDMMC_GetCmdResp7
 .text.SDMMC_CmdOperCond
                0x08005efc       0x18 build/stm32f4xx_ll_sdmmc.o
                0x08005efc                SDMMC_CmdOperCond
 .text.disk_status
                0x08005f14       0x14 build/diskio.o
                0x08005f14                disk_status
 .text.disk_initialize
                0x08005f28       0x28 build/diskio.o
                0x08005f28                disk_initialize
 .text.disk_read
                0x08005f50       0x1c build/diskio.o
                0x08005f50                disk_read
 .text.disk_write
                0x08005f6c       0x1c build/diskio.o
                0x08005f6c                disk_write
 .text.disk_ioctl
                0x08005f88       0x18 build/diskio.o
                0x08005f88                disk_ioctl
 .text.chk_lock
                0x08005fa0       0xa0 build/ff.o
 .text.inc_lock
                0x08006040       0xac build/ff.o
 .text.get_ldnumber
                0x080060ec       0x3c build/ff.o
 .text.validate
                0x08006128       0x30 build/ff.o
 .text.sync_window
                0x08006158       0x50 build/ff.o
 .text.get_fileinfo
                0x080061a8      0x15c build/ff.o
 .text.move_window
                0x08006304       0x34 build/ff.o
 .text.sync_fs  0x08006338       0x78 build/ff.o
 .text.pattern_matching
                0x080063b0      0x108 build/ff.o
 .text.check_fs
                0x080064b8       0x84 build/ff.o
 .text.find_volume
                0x0800653c      0x24c build/ff.o
 .text.put_fat.part.0
                0x08006788      0x184 build/ff.o
 .text.get_fat.isra.0
                0x0800690c      0x124 build/ff.o
 .text.remove_chain
                0x08006a30       0x84 build/ff.o
 .text.create_chain
                0x08006ab4       0xd4 build/ff.o
 .text.dir_next
                0x08006b88      0x138 build/ff.o
 .text.dir_read
                0x08006cc0      0x150 build/ff.o
 .text.dir_sdi  0x08006e10       0xa0 build/ff.o
 .text.dir_alloc
                0x08006eb0       0x80 build/ff.o
 .text.dir_remove
                0x08006f30       0x84 build/ff.o
 .text.dir_find
                0x08006fb4      0x1c0 build/ff.o
 .text.follow_path
                0x08007174      0x2c8 build/ff.o
 .text.dir_register
                0x0800743c      0x2f8 build/ff.o
 .text.f_mount  0x08007734       0x70 build/ff.o
                0x08007734                f_mount
 .text.f_open   0x080077a4      0x294 build/ff.o
                0x080077a4                f_open
 .text.f_write  0x08007a38      0x218 build/ff.o
                0x08007a38                f_write
 .text.f_sync   0x08007c50       0xd0 build/ff.o
                0x08007c50                f_sync
 .text.f_opendir
                0x08007d20       0x90 build/ff.o
                0x08007d20                f_opendir
 .text.f_readdir
                0x08007db0       0x60 build/ff.o
                0x08007db0                f_readdir
 .text.f_findnext
                0x08007e10       0x38 build/ff.o
                0x08007e10                f_findnext
 .text.f_findfirst
                0x08007e48       0x20 build/ff.o
                0x08007e48                f_findfirst
 .text.f_unlink
                0x08007e68       0xa4 build/ff.o
                0x08007e68                f_unlink
 .text.f_setlabel
                0x08007f0c      0x178 build/ff.o
                0x08007f0c                f_setlabel
 .text.FATFS_LinkDriver
                0x08008084       0x48 build/ff_gen_drv.o
                0x08008084                FATFS_LinkDriver
 .text.ff_convert
                0x080080cc       0x34 build/ccsbcs.o
                0x080080cc                ff_convert
 .text.ff_wtoupper
                0x08008100       0x9c build/ccsbcs.o
                0x08008100                ff_wtoupper
 .text.HAL_SD_ReadBlocks
                0x0800819c      0x200 build/stm32f4xx_hal_sd.o
                0x0800819c                HAL_SD_ReadBlocks
 .text.HAL_SD_WriteBlocks
                0x0800839c      0x1bc build/stm32f4xx_hal_sd.o
                0x0800839c                HAL_SD_WriteBlocks
 .text.HAL_SD_ErrorCallback
                0x08008558        0x4 build/stm32f4xx_hal_sd.o
                0x08008558                HAL_SD_ErrorCallback
 .text.HAL_SD_GetCardCSD
                0x0800855c      0x178 build/stm32f4xx_hal_sd.o
                0x0800855c                HAL_SD_GetCardCSD
 .text.HAL_SD_InitCard
                0x080086d4      0x230 build/stm32f4xx_hal_sd.o
                0x080086d4                HAL_SD_InitCard
 .text.HAL_SD_Init
                0x08008904       0x3c build/stm32f4xx_hal_sd.o
                0x08008904                HAL_SD_Init
 .text.HAL_SD_GetCardInfo
                0x08008940       0x28 build/stm32f4xx_hal_sd.o
                0x08008940                HAL_SD_GetCardInfo
 .text.HAL_SD_GetCardState
                0x08008968       0x28 build/stm32f4xx_hal_sd.o
                0x08008968                HAL_SD_GetCardState
 .text.SD_DMATxAbort
                0x08008990       0x44 build/stm32f4xx_hal_sd.o
 .text.HAL_SD_IRQHandler
                0x080089d4      0x250 build/stm32f4xx_hal_sd.o
                0x080089d4                HAL_SD_IRQHandler
 .text.SD_DMARxAbort
                0x08008c24        0x4 build/stm32f4xx_hal_sd.o
 .text.MX_DMA_Init
                0x08008c28       0x34 build/dma.o
                0x08008c28                MX_DMA_Init
 .text.energymeter_init
                0x08008c5c       0xc8 build/energymeter.o
                0x08008c5c                energymeter_init
 .text.cdc_task.part.0
                0x08008d24      0x178 build/energymeter_usb.o
 .text.energymeter_usb
                0x08008e9c      0x114 build/energymeter_usb.o
                0x08008e9c                energymeter_usb
 .text.tud_descriptor_device_cb
                0x08008fb0        0x8 build/energymeter_usb.o
                0x08008fb0                tud_descriptor_device_cb
 .text.tud_descriptor_configuration_cb
                0x08008fb8        0x8 build/energymeter_usb.o
                0x08008fb8                tud_descriptor_configuration_cb
 .text.tud_descriptor_string_cb
                0x08008fc0      0x100 build/energymeter_usb.o
                0x08008fc0                tud_descriptor_string_cb
 .text.tud_mount_cb
                0x080090c0        0x4 build/energymeter_usb.o
                0x080090c0                tud_mount_cb
 .text.tud_umount_cb
                0x080090c4        0x4 build/energymeter_usb.o
                0x080090c4                tud_umount_cb
 .text.tud_suspend_cb
                0x080090c8        0x4 build/energymeter_usb.o
                0x080090c8                tud_suspend_cb
 .text.tud_resume_cb
                0x080090cc        0x4 build/energymeter_usb.o
                0x080090cc                tud_resume_cb
 .text.tud_cdc_line_state_cb
                0x080090d0        0x4 build/energymeter_usb.o
                0x080090d0                tud_cdc_line_state_cb
 .text.tud_cdc_rx_cb
                0x080090d4        0x4 build/energymeter_usb.o
                0x080090d4                tud_cdc_rx_cb
 .text.tud_msc_inquiry_cb
                0x080090d8       0x74 build/energymeter_usb.o
                0x080090d8                tud_msc_inquiry_cb
 .text.tud_msc_test_unit_ready_cb
                0x0800914c       0x20 build/energymeter_usb.o
                0x0800914c                tud_msc_test_unit_ready_cb
 .text.tud_msc_capacity_cb
                0x0800916c       0x1c build/energymeter_usb.o
                0x0800916c                tud_msc_capacity_cb
 .text.tud_msc_start_stop_cb
                0x08009188       0x18 build/energymeter_usb.o
                0x08009188                tud_msc_start_stop_cb
 .text.tud_msc_read10_cb
                0x080091a0       0x3c build/energymeter_usb.o
                0x080091a0                tud_msc_read10_cb
 .text.tud_msc_is_writable_cb
                0x080091dc        0x4 build/energymeter_usb.o
                0x080091dc                tud_msc_is_writable_cb
 .text.tud_msc_write10_cb
                0x080091e0        0x8 build/energymeter_usb.o
                0x080091e0                tud_msc_write10_cb
 .text.tud_msc_scsi_cb
                0x080091e8       0x14 build/energymeter_usb.o
                0x080091e8                tud_msc_scsi_cb
 .text.energymeter_record
                0x080091fc      0x198 build/energymeter_record.o
                0x080091fc                energymeter_record
 .text.energymeter_calibrate
                0x08009394       0xc4 build/energymeter_record.o
                0x08009394                energymeter_calibrate
 .text.HAL_TIM_PeriodElapsedCallback
                0x08009458       0x28 build/energymeter_record.o
                0x08009458                HAL_TIM_PeriodElapsedCallback
 .text.HAL_ADC_ConvCpltCallback
                0x08009480      0x15c build/energymeter_record.o
                0x08009480                HAL_ADC_ConvCpltCallback
 .text.BSP_SD_ReadBlocks
                0x080095dc       0x24 build/bsp_driver_sd.o
                0x080095dc                BSP_SD_ReadBlocks
 .text.BSP_SD_WriteBlocks
                0x08009600       0x24 build/bsp_driver_sd.o
                0x08009600                BSP_SD_WriteBlocks
 .text.BSP_SD_GetCardState
                0x08009624       0x14 build/bsp_driver_sd.o
                0x08009624                BSP_SD_GetCardState
 .text.BSP_SD_GetCardInfo
                0x08009638        0xc build/bsp_driver_sd.o
                0x08009638                BSP_SD_GetCardInfo
 .text.BSP_SD_AbortCallback
                0x08009644        0x4 build/bsp_driver_sd.o
                0x08009644                BSP_SD_AbortCallback
 .text.HAL_SD_AbortCallback
                0x08009648        0x8 build/bsp_driver_sd.o
                0x08009648                HAL_SD_AbortCallback
 .text.BSP_SD_WriteCpltCallback
                0x08009650        0x4 build/bsp_driver_sd.o
                0x08009650                BSP_SD_WriteCpltCallback
 .text.HAL_SD_TxCpltCallback
                0x08009654        0x8 build/bsp_driver_sd.o
                0x08009654                HAL_SD_TxCpltCallback
 .text.BSP_SD_ReadCpltCallback
                0x0800965c        0x4 build/bsp_driver_sd.o
                0x0800965c                BSP_SD_ReadCpltCallback
 .text.HAL_SD_RxCpltCallback
                0x08009660        0x8 build/bsp_driver_sd.o
                0x08009660                HAL_SD_RxCpltCallback
 .text.BSP_SD_IsDetected
                0x08009668       0x10 build/bsp_driver_sd.o
                0x08009668                BSP_SD_IsDetected
 .text.BSP_SD_Init
                0x08009678       0x1c build/bsp_driver_sd.o
                0x08009678                BSP_SD_Init
 .text.SD_ioctl
                0x08009694       0x60 build/sd_diskio.o
                0x08009694                SD_ioctl
 .text.SD_read  0x080096f4       0x28 build/sd_diskio.o
                0x080096f4                SD_read
 .text.SD_initialize
                0x0800971c       0x30 build/sd_diskio.o
                0x0800971c                SD_initialize
 .text.SD_write
                0x0800974c       0x28 build/sd_diskio.o
                0x0800974c                SD_write
 .text.SD_status
                0x08009774       0x20 build/sd_diskio.o
                0x08009774                SD_status
 .text.Reset_Handler
                0x08009794       0x50 build/startup_stm32f401xc.o
                0x08009794                Reset_Handler
 .text.Default_Handler
                0x080097e4        0x2 build/startup_stm32f401xc.o
                0x080097e4                RTC_Alarm_IRQHandler
                0x080097e4                EXTI2_IRQHandler
                0x080097e4                SPI4_IRQHandler
                0x080097e4                TIM1_CC_IRQHandler
                0x080097e4                DMA2_Stream5_IRQHandler
                0x080097e4                DMA1_Stream5_IRQHandler
                0x080097e4                PVD_IRQHandler
                0x080097e4                TAMP_STAMP_IRQHandler
                0x080097e4                EXTI3_IRQHandler
                0x080097e4                TIM1_UP_TIM10_IRQHandler
                0x080097e4                I2C3_ER_IRQHandler
                0x080097e4                EXTI0_IRQHandler
                0x080097e4                I2C2_EV_IRQHandler
                0x080097e4                DMA1_Stream2_IRQHandler
                0x080097e4                FPU_IRQHandler
                0x080097e4                DMA2_Stream2_IRQHandler
                0x080097e4                SPI1_IRQHandler
                0x080097e4                TIM1_BRK_TIM9_IRQHandler
                0x080097e4                DMA2_Stream3_IRQHandler
                0x080097e4                USART6_IRQHandler
                0x080097e4                TIM4_IRQHandler
                0x080097e4                I2C1_EV_IRQHandler
                0x080097e4                DMA1_Stream6_IRQHandler
                0x080097e4                DMA1_Stream1_IRQHandler
                0x080097e4                TIM3_IRQHandler
                0x080097e4                RCC_IRQHandler
                0x080097e4                Default_Handler
                0x080097e4                EXTI15_10_IRQHandler
                0x080097e4                DMA1_Stream7_IRQHandler
                0x080097e4                DMA2_Stream7_IRQHandler
                0x080097e4                I2C3_EV_IRQHandler
                0x080097e4                EXTI9_5_IRQHandler
                0x080097e4                RTC_WKUP_IRQHandler
                0x080097e4                SPI2_IRQHandler
                0x080097e4                DMA1_Stream0_IRQHandler
                0x080097e4                EXTI4_IRQHandler
                0x080097e4                WWDG_IRQHandler
                0x080097e4                TIM2_IRQHandler
                0x080097e4                OTG_FS_WKUP_IRQHandler
                0x080097e4                TIM1_TRG_COM_TIM11_IRQHandler
                0x080097e4                EXTI1_IRQHandler
                0x080097e4                USART2_IRQHandler
                0x080097e4                I2C2_ER_IRQHandler
                0x080097e4                DMA2_Stream1_IRQHandler
                0x080097e4                FLASH_IRQHandler
                0x080097e4                DMA2_Stream4_IRQHandler
                0x080097e4                USART1_IRQHandler
                0x080097e4                SPI3_IRQHandler
                0x080097e4                DMA1_Stream4_IRQHandler
                0x080097e4                I2C1_ER_IRQHandler
                0x080097e4                DMA2_Stream6_IRQHandler
                0x080097e4                DMA1_Stream3_IRQHandler
 *fill*         0x080097e6        0x2 
 .text.__libc_init_array
                0x080097e8       0x48 /home/runner/work/fsk-energymeter/fsk-energymeter/toolchain/arm-none-eabi/bin/../lib/gcc/arm-none-eabi/13.2.1/../../../../arm-none-eabi/lib/thumb/v7e-m+fp/hard/libc_nano.a(libc_a-init.o)
                0x080097e8                __libc_init_array
 .text.memcpy   0x08009830       0x1c /home/runner/work/fsk-energymeter/fsk-energymeter/toolchain/arm-none-eabi/bin/../lib/gcc/arm-none-eabi/13.2.1/../../../../arm-none-eabi/lib/thumb/v7e-m+fp/hard/libc_nano.a(libc_a-memcpy-stub.o)
                0x08009830                memcpy
 .text.sprintf  0x0800984c       0x40 /home/runner/work/fsk-energymeter/fsk-energymeter/toolchain/arm-none-eabi/bin/../lib/gcc/arm-none-eabi/13.2.1/../../../../arm-none-eabi/lib/thumb/v7e-m+fp/hard/libc_nano.a(libc_a-sprintf.o)
                0x0800984c                sprintf
                0x0800984c                siprintf
 .text.__errno  0x0800988c        0xc /home/runner/work/fsk-energymeter/fsk-energymeter/toolchain/arm-none-eabi/bin/../lib/gcc/arm-none-eabi/13.2.1/../../../../arm-none-eabi/lib/thumb/v7e-m+fp/hard/libc_nano.a(libc_a-errno.o)
                0x0800988c                __errno
 .text.memmove  0x08009898       0x34 /home/runner/work/fsk-energymeter/fsk-energymeter/toolchain/arm-none-eabi/bin/../lib/gcc/arm-none-eabi/13.2.1/../../../../arm-none-eabi/lib/thumb/v7e-m+fp/hard/libc_nano.a(libc_a-memmove.o)
                0x08009898                memmove
 .text.memset   0x080098cc       0x10 /home/runner/work/fsk-energymeter/fsk-energymeter/toolchain/arm-none-eabi/bin/../lib/gcc/arm-none-eabi/13.2.1/../../../../arm-none-eabi/lib/thumb/v7e-m+fp/hard/libc_nano.a(libc_a-memset.o)
                0x080098cc                memset
 .text.__retarget_lock_acquire_recursive
                0x080098dc        0x2 /home/runner/work/fsk-energymeter/fsk-energymeter/toolchain/arm-none-eabi/bin/../lib/gcc/arm-none-eabi/13.2.1/../../../../arm-none-eabi/lib/thumb/v7e-m+fp/hard/libc_nano.a(libc_a-lock.o)
                0x080098dc                __retarget_lock_acquire_recursive
 .text.__retarget_lock_release_recursive
                0x080098de        0x2 /home/runner/work/fsk-energymeter/fsk-energymeter/toolchain/arm-none-eabi/bin/../lib/gcc/arm-none-eabi/13.2.1/../../../../arm-none-eabi/lib/thumb/v7e-m+fp/hard/libc_nano.a(libc_a-lock.o)
                0x080098de                __retarget_lock_release_recursive
 .text.__ssputs_r
                0x080098e0       0xb6 /home/runner/work/fsk-energymeter/fsk-energymeter/toolchain/arm-none-eabi/bin/../lib/gcc/arm-none-eabi/13.2.1/../../../../arm-none-eabi/lib/thumb/v7e-m+fp/hard/libc_nano.a(libc_a-nano-svfprintf.o)
                0x080098e0                __ssputs_r
 *fill*         0x08009996        0x2 
 .text._svfprintf_r
                0x08009998      0x1f8 /home/runner/work/fsk-energymeter/fsk-energymeter/toolchain/arm-none-eabi/bin/../lib/gcc/arm-none-eabi/13.2.1/../../../../arm-none-eabi/lib/thumb/v7e-m+fp/hard/libc_nano.a(libc_a-nano-svfprintf.o)
                0x08009998                _svfprintf_r
                0x08009998                _svfiprintf_r
 .text._printf_common
                0x08009b90       0xda /home/runner/work/fsk-energymeter/fsk-energymeter/toolchain/arm-none-eabi/bin/../lib/gcc/arm-none-eabi/13.2.1/../../../../arm-none-eabi/lib/thumb/v7e-m+fp/hard/libc_nano.a(libc_a-nano-vfprintf_i.o)
                0x08009b90                _printf_common
 *fill*         0x08009c6a        0x2 
 .text._printf_i
                0x08009c6c      0x23c /home/runner/work/fsk-energymeter/fsk-energymeter/toolchain/arm-none-eabi/bin/../lib/gcc/arm-none-eabi/13.2.1/../../../../arm-none-eabi/lib/thumb/v7e-m+fp/hard/libc_nano.a(libc_a-nano-vfprintf_i.o)
                0x08009c6c                _printf_i
 .text.sbrk_aligned
                0x08009ea8       0x44 /home/runner/work/fsk-energymeter/fsk-energymeter/toolchain/arm-none-eabi/bin/../lib/gcc/arm-none-eabi/13.2.1/../../../../arm-none-eabi/lib/thumb/v7e-m+fp/hard/libc_nano.a(libc_a-mallocr.o)
 .text._malloc_r
                0x08009eec      0x100 /home/runner/work/fsk-energymeter/fsk-energymeter/toolchain/arm-none-eabi/bin/../lib/gcc/arm-none-eabi/13.2.1/../../../../arm-none-eabi/lib/thumb/v7e-m+fp/hard/libc_nano.a(libc_a-mallocr.o)
                0x08009eec                _malloc_r
 .text.__malloc_lock
                0x08009fec        0xc /home/runner/work/fsk-energymeter/fsk-energymeter/toolchain/arm-none-eabi/bin/../lib/gcc/arm-none-eabi/13.2.1/../../../../arm-none-eabi/lib/thumb/v7e-m+fp/hard/libc_nano.a(libc_a-mlock.o)
                0x08009fec                __malloc_lock
 .text.__malloc_unlock
                0x08009ff8        0xc /home/runner/work/fsk-energymeter/fsk-energymeter/toolchain/arm-none-eabi/bin/../lib/gcc/arm-none-eabi/13.2.1/../../../../arm-none-eabi/lib/thumb/v7e-m+fp/hard/libc_nano.a(libc_a-mlock.o)
                0x08009ff8                __malloc_unlock
 .text._sbrk_r  0x0800a004       0x20 /home/runner/work/fsk-energymeter/fsk-energymeter/toolchain/arm-none-eabi/bin/../lib/gcc/arm-none-eabi/13.2.1/../../../../arm-none-eabi/lib/thumb/v7e-m+fp/hard/libc_nano.a(libc_a-sbrkr.o)
                0x0800a004                _sbrk_r
 .text._realloc_r
                0x0800a024       0x5c /home/runner/work/fsk-energymeter/fsk-energymeter/toolchain/arm-none-eabi/bin/../lib/gcc/arm-none-eabi/13.2.1/../../../../arm-none-eabi/lib/thumb/v7e-m+fp/hard/libc_nano.a(libc_a-reallocr.o)
                0x0800a024                _realloc_r
 .text._free_r  0x0800a080       0x94 /home/runner/work/fsk-energymeter/fsk-energymeter/toolchain/arm-none-eabi/bin/../lib/gcc/arm-none-eabi/13.2.1/../../../../arm-none-eabi/lib/thumb/v7e-m+fp/hard/libc_nano.a(libc_a-freer.o)
                0x0800a080                _free_r
 .text._malloc_usable_size_r
                0x0800a114       0x10 /home/runner/work/fsk-energymeter/fsk-energymeter/toolchain/arm-none-eabi/bin/../lib/gcc/arm-none-eabi/13.2.1/../../../../arm-none-eabi/lib/thumb/v7e-m+fp/hard/libc_nano.a(libc_a-msizer.o)
                0x0800a114                _malloc_usable_size_r
 .text.__udivmoddi4
                0x0800a124      0x2bc /home/runner/work/fsk-energymeter/fsk-energymeter/toolchain/arm-none-eabi/bin/../lib/gcc/arm-none-eabi/13.2.1/thumb/v7e-m+fp/hard/libgcc.a(_udivmoddi4.o)
                0x0800a124                __udivmoddi4
 *(.glue_7)
 .glue_7        0x0800a3e0        0x0 linker stubs
 *(.glue_7t)
 .glue_7t       0x0800a3e0        0x0 linker stubs
 *(.eh_frame)
 .eh_frame      0x0800a3e0        0x0 /home/runner/work/fsk-energymeter/fsk-energymeter/toolchain/arm-none-eabi/bin/../lib/gcc/arm-none-eabi/13.2.1/thumb/v7e-m+fp/hard/crtbegin.o
 *(.init)
 .init          0x0800a3e0        0x4 /home/runner/work/fsk-energymeter/fsk-energymeter/toolchain/arm-none-eabi/bin/../lib/gcc/arm-none-eabi/13.2.1/thumb/v7e-m+fp/hard/crti.o
                0x0800a3e0                _init
 .init          0x0800a3e4        0x8 /home/runner/work/fsk-energymeter/fsk-energymeter/toolchain/arm-none-eabi/bin/../lib/gcc/arm-none-eabi/13.2.1/thumb/v7e-m+fp/hard/crtn.o
 *(.fini)
 .fini          0x0800a3ec        0x4 /home/runner/work/fsk-energymeter/fsk-energymeter/toolchain/arm-none-eabi/bin/../lib/gcc/arm-none-eabi/13.2.1/thumb/v7e-m+fp/hard/crti.o
                0x0800a3ec                _fini
 .fini          0x0800a3f0        0x8 /home/runner/work/fsk-energymeter/fsk-energymeter/toolchain/arm-none-eabi/bin/../lib/gcc/arm-none-eabi/13.2.1/thumb/v7e-m+fp/hard/crtn.o
                0x0800a3f8                        . = ALIGN (0x4)
                0x0800a3f8                        _etext = .

.vfp11_veneer   0x0800a3f8        0x0
 .vfp11_veneer  0x0800a3f8        0x0 linker stubs

.v4_bx          0x0800a3f8        0x0
 .v4_bx         0x0800a3f8        0x0 linker stubs

.iplt           0x0800a3f8        0x0
 .iplt          0x0800a3f8        0x0 /home/runner/work/fsk-energymeter/fsk-energymeter/toolchain/arm-none-eabi/bin/../lib/gcc/arm-none-eabi/13.2.1/thumb/v7e-m+fp/hard/crtbegin.o

.rodata         0x0800a3f8      0x62c
                0x0800a3f8                        . = ALIGN (0x4)
 *(.rodata)
 *(.rodata*)
 .rodata.APBPrescTable
                0x0800a3f8        0x8 build/system_stm32f4xx.o
                0x0800a3f8                APBPrescTable
 .rodata.AHBPrescTable
                0x0800a400       0x10 build/system_stm32f4xx.o
                0x0800a400                AHBPrescTable
 .rodata.flagBitshiftOffset.0
                0x0800a410        0x8 build/stm32f4xx_hal_dma.o
 .rodata._dwc2_controller
                0x0800a418       0x10 build/dcd_dwc2.o
 .rodata._usbd_driver
                0x0800a428       0x40 build/usbd.o
 .rodata.follow_path.str1.4
                0x0800a468       0xa7 build/ff.o
                                 0x13 (size before relaxing)
 *fill*         0x0800a50f        0x1 
 .rodata.badchr.2
                0x0800a510       0x10 build/ff.o
 .rodata.LfnOfs
                0x0800a520        0xd build/ff.o
 *fill*         0x0800a52d        0x3 
 .rodata.ExCvt  0x0800a530       0x80 build/ff.o
 .rodata.cvt2.0
                0x0800a5b0       0xbc build/ccsbcs.o
 .rodata.cvt1.1
                0x0800a66c      0x1f2 build/ccsbcs.o
 *fill*         0x0800a85e        0x2 
 .rodata.Tbl    0x0800a860      0x100 build/ccsbcs.o
 .rodata.cdc_task.part.0.str1.4
                0x0800a960        0x9 build/energymeter_usb.o
 .rodata.energymeter_usb.str1.4
                0x0800a960        0x8 build/energymeter_usb.o
 .rodata.tud_descriptor_string_cb.str1.4
                0x0800a960       0x11 build/energymeter_usb.o
 .rodata.tud_msc_inquiry_cb.str1.4
                0x0800a960        0xf build/energymeter_usb.o
 .rodata.str1.4
                0x0800a960       0x24 build/energymeter_usb.o
 .rodata.__compound_literal.0
                0x0800a960        0x2 build/energymeter_usb.o
 *fill*         0x0800a962        0x2 
 .rodata.desc_fs_configuration
                0x0800a964       0x62 build/energymeter_usb.o
                0x0800a964                desc_fs_configuration
 *fill*         0x0800a9c6        0x2 
 .rodata.desc_device
                0x0800a9c8       0x12 build/energymeter_usb.o
                0x0800a9c8                desc_device
 .rodata.energymeter_record.str1.4
                0x0800a9da       0x3f build/energymeter_record.o
 *fill*         0x0800a9da        0x2 
 .rodata.SD_Driver
                0x0800a9dc       0x14 build/sd_diskio.o
                0x0800a9dc                SD_Driver
 .rodata._svfprintf_r.str1.1
                0x0800a9f0       0x33 /home/runner/work/fsk-energymeter/fsk-energymeter/toolchain/arm-none-eabi/bin/../lib/gcc/arm-none-eabi/13.2.1/../../../../arm-none-eabi/lib/thumb/v7e-m+fp/hard/libc_nano.a(libc_a-nano-svfprintf.o)
                                 0x11 (size before relaxing)
 .rodata._printf_i.str1.1
                0x0800aa23       0x22 /home/runner/work/fsk-energymeter/fsk-energymeter/toolchain/arm-none-eabi/bin/../lib/gcc/arm-none-eabi/13.2.1/../../../../arm-none-eabi/lib/thumb/v7e-m+fp/hard/libc_nano.a(libc_a-nano-vfprintf_i.o)
                0x0800aa48                        . = ALIGN (0x4)
 *fill*         0x0800aa23        0x1 

.ARM.extab
 *(.ARM.extab* .gnu.linkonce.armextab.*)

.ARM            0x0800aa24        0x8
                0x0800aa24                        __exidx_start = .
 *(.ARM.exidx*)
 .ARM.exidx     0x0800aa24        0x8 /home/runner/work/fsk-energymeter/fsk-energymeter/toolchain/arm-none-eabi/bin/../lib/gcc/arm-none-eabi/13.2.1/../../../../arm-none-eabi/lib/thumb/v7e-m+fp/hard/libc_nano.a(libc_a-strlen.o)
 .ARM.exidx     0x0800aa2c        0x0 /home/runner/work/fsk-energymeter/fsk-energymeter/toolchain/arm-none-eabi/bin/../lib/gcc/arm-none-eabi/13.2.1/../../../../arm-none-eabi/lib/thumb/v7e-m+fp/hard/libc_nano.a(libc_a-memchr.o)
                                  0x8 (size before relaxing)
 .ARM.exidx.text.__udivmoddi4
                0x0800aa2c        0x0 /home/runner/work/fsk-energymeter/fsk-energymeter/toolchain/arm-none-eabi/bin/../lib/gcc/arm-none-eabi/13.2.1/thumb/v7e-m+fp/hard/libgcc.a(_udivmoddi4.o)
                                  0x8 (size before relaxing)
                0x0800aa2c                        __exidx_end = .

.preinit_array  0x0800aa2c        0x0
                0x0800aa2c                        PROVIDE (__preinit_array_start = .)
 *(.preinit_array*)
                0x0800aa2c                        PROVIDE (__preinit_array_end = .)

.init_array     0x0800aa2c        0x4
                0x0800aa2c                        PROVIDE (__init_array_start = .)
 *(SORT_BY_NAME(.init_array.*))
 *(.init_array*)
 .init_array    0x0800aa2c        0x4 /home/runner/work/fsk-energymeter/fsk-energymeter/toolchain/arm-none-eabi/bin/../lib/gcc/arm-none-eabi/13.2.1/thumb/v7e-m+fp/hard/crtbegin.o
                0x0800aa30                        PROVIDE (__init_array_end = .)

.fini_array     0x0800aa30        0x4
                [!provide]                        PROVIDE (__fini_array_start = .)
 *(SORT_BY_NAME(.fini_array.*))
 *(.fini_array*)
 .fini_array    0x0800aa30        0x4 /home/runner/work/fsk-energymeter/fsk-energymeter/toolchain/arm-none-eabi/bin/../lib/gcc/arm-none-eabi/13.2.1/thumb/v7e-m+fp/hard/crtbegin.o
                [!provide]                        PROVIDE (__fini_array_end = .)
                0x0800aa34                        _sidata = LOADADDR (.data)

.rel.dyn        0x0800aa34        0x0
 .rel.iplt      0x0800aa34        0x0 /home/runner/work/fsk-energymeter/fsk-energymeter/toolchain/arm-none-eabi/bin/../lib/gcc/arm-none-eabi/13.2.1/thumb/v7e-m+fp/hard/crtbegin.o

.data           0x20000000       0x8c load address 0x0800aa34
                0x20000000                        . = ALIGN (0x4)
                0x20000000                        _sdata = .
 *(.data)
 *(.data*)
 .data.SystemCoreClock
                0x20000000        0x4 build/system_stm32f4xx.o
                0x20000000                SystemCoreClock
 .data.uwTickFreq
                0x20000004        0x1 build/stm32f4xx_hal.o
                0x20000004                uwTickFreq
 *fill*         0x20000005        0x3 
 .data.uwTickPrio
                0x20000008        0x4 build/stm32f4xx_hal.o
                0x20000008                uwTickPrio
 .data._usbd_qdef
                0x2000000c       0x10 build/usbd.o
                0x2000000c                _usbd_qdef
 .data._usbd_rhport
                0x2000001c        0x1 build/usbd.o
 *fill*         0x2000001d        0x3 
 .data.string_desc_arr
                0x20000020       0x18 build/energymeter_usb.o
                0x20000020                string_desc_arr
 .data.Stat     0x20000038        0x1 build/sd_diskio.o
 *fill*         0x20000039        0x3 
 .data._impure_ptr
                0x2000003c        0x4 /home/runner/work/fsk-energymeter/fsk-energymeter/toolchain/arm-none-eabi/bin/../lib/gcc/arm-none-eabi/13.2.1/../../../../arm-none-eabi/lib/thumb/v7e-m+fp/hard/libc_nano.a(libc_a-impure.o)
                0x2000003c                _impure_ptr
 .data._impure_data
                0x20000040       0x4c /home/runner/work/fsk-energymeter/fsk-energymeter/toolchain/arm-none-eabi/bin/../lib/gcc/arm-none-eabi/13.2.1/../../../../arm-none-eabi/lib/thumb/v7e-m+fp/hard/libc_nano.a(libc_a-impure.o)
                0x20000040                _impure_data
                0x2000008c                        . = ALIGN (0x4)
                0x2000008c                        _edata = .

.tm_clone_table
                0x2000008c        0x0 load address 0x0800aac0
 .tm_clone_table
                0x2000008c        0x0 /home/runner/work/fsk-energymeter/fsk-energymeter/toolchain/arm-none-eabi/bin/../lib/gcc/arm-none-eabi/13.2.1/thumb/v7e-m+fp/hard/crtbegin.o
 .tm_clone_table
                0x2000008c        0x0 /home/runner/work/fsk-energymeter/fsk-energymeter/toolchain/arm-none-eabi/bin/../lib/gcc/arm-none-eabi/13.2.1/thumb/v7e-m+fp/hard/crtend.o

.igot.plt       0x2000008c        0x0 load address 0x0800aac0
 .igot.plt      0x2000008c        0x0 /home/runner/work/fsk-energymeter/fsk-energymeter/toolchain/arm-none-eabi/bin/../lib/gcc/arm-none-eabi/13.2.1/thumb/v7e-m+fp/hard/crtbegin.o
                0x2000008c                        . = ALIGN (0x4)

.bss            0x20000090     0x2994 load address 0x0800aac0
                0x20000090                        _sbss = .
                0x20000090                        __bss_start__ = _sbss
 *(.bss)
 *(.bss*)
 .bss.completed.1
                0x20000090        0x1 /home/runner/work/fsk-energymeter/fsk-energymeter/toolchain/arm-none-eabi/bin/../lib/gcc/arm-none-eabi/13.2.1/thumb/v7e-m+fp/hard/crtbegin.o
 *fill*         0x20000091        0x3 
 .bss.object.0  0x20000094       0x18 /home/runner/work/fsk-energymeter/fsk-energymeter/toolchain/arm-none-eabi/bin/../lib/gcc/arm-none-eabi/13.2.1/thumb/v7e-m+fp/hard/crtbegin.o
 .bss.error_status
                0x200000ac        0x4 build/main.o
                0x200000ac                error_status
 .bss.huart1    0x200000b0       0x48 build/usart.o
                0x200000b0                huart1
 .bss.uwTick    0x200000f8        0x4 build/stm32f4xx_hal.o
                0x200000f8                uwTick
 .bss.__sbrk_heap_end
                0x200000fc        0x4 build/sysmem.o
 .bss._sof_en   0x20000100        0x1 build/dcd_dwc2.o
 *fill*         0x20000101        0x1 
 .bss._allocated_fifo_words_tx
                0x20000102        0x2 build/dcd_dwc2.o
 .bss.ep0_pending
                0x20000104        0x4 build/dcd_dwc2.o
 .bss.xfer_status
                0x20000108       0x80 build/dcd_dwc2.o
 .bss._setup_packet
                0x20000188        0x8 build/dcd_dwc2.o
 .bss._cdcd_fifo_cfg
                0x20000190        0x1 build/cdc_device.o
 *fill*         0x20000191        0x3 
 .bss._cdcd_itf
                0x20000194      0x128 build/cdc_device.o
 .bss._mscd_buf
                0x200002bc     0x2000 build/msc_device.o
 .bss._mscd_itf
                0x200022bc       0x40 build/msc_device.o
 .bss._usbd_ctrl_buf
                0x200022fc       0x40 build/usbd_control.o
 .bss._ctrl_xfer
                0x2000233c       0x14 build/usbd_control.o
 .bss._usbd_q   0x20002350        0x4 build/usbd.o
 .bss._usbd_qdef_buf
                0x20002354       0xc0 build/usbd.o
                0x20002354                _usbd_qdef_buf
 .bss._app_driver_count
                0x20002414        0x1 build/usbd.o
 *fill*         0x20002415        0x3 
 .bss._app_driver
                0x20002418        0x4 build/usbd.o
 .bss._usbd_queued_setup
                0x2000241c        0x1 build/usbd.o
 *fill*         0x2000241d        0x3 
 .bss._usbd_dev
                0x20002420       0x2c build/usbd.o
 .bss.hdma_adc1
                0x2000244c       0x60 build/adc.o
                0x2000244c                hdma_adc1
 *fill*         0x200024ac        0x4 
 .bss.hadc1     0x200024b0       0x48 build/adc.o
                0x200024b0                hadc1
 .bss.hrtc      0x200024f8       0x20 build/rtc.o
                0x200024f8                hrtc
 .bss.htim5     0x20002518       0x48 build/tim.o
                0x20002518                htim5
 .bss.hsd       0x20002560       0x84 build/sdio.o
                0x20002560                hsd
 .bss.SDPath    0x200025e4        0x4 build/fatfs.o
                0x200025e4                SDPath
 .bss.retSD     0x200025e8        0x1 build/fatfs.o
                0x200025e8                retSD
 *fill*         0x200025e9        0x3 
 .bss.LfnBuf    0x200025ec      0x200 build/ff.o
 .bss.Files     0x200027ec       0x20 build/ff.o
 .bss.Fsid      0x2000280c        0x2 build/ff.o
 *fill*         0x2000280e        0x2 
 .bss.FatFs     0x20002810        0x4 build/ff.o
 .bss.disk      0x20002814        0xc build/ff_gen_drv.o
                0x20002814                disk
 .bss.header    0x20002820       0x20 build/energymeter.o
                0x20002820                header
 .bss.ejected   0x20002840        0x1 build/energymeter_usb.o
 *fill*         0x20002841        0x3 
 .bss._desc_str
                0x20002844       0x42 build/energymeter_usb.o
 *fill*         0x20002886        0x2 
 .bss.hv_current_cal
                0x20002888        0x4 build/energymeter_record.o
                0x20002888                hv_current_cal
 .bss.hv_voltage_cal
                0x2000288c        0x4 build/energymeter_record.o
                0x2000288c                hv_voltage_cal
 .bss.adc_mv    0x20002890       0x18 build/energymeter_record.o
                0x20002890                adc_mv
 .bss.adc_calc  0x200028a8        0xc build/energymeter_record.o
                0x200028a8                adc_calc
 .bss.adc       0x200028b4       0x18 build/energymeter_record.o
                0x200028b4                adc
 .bss.adc_flag  0x200028cc        0x4 build/energymeter_record.o
                0x200028cc                adc_flag
 .bss.tim_cnt   0x200028d0        0x4 build/energymeter_record.o
                0x200028d0                tim_cnt
 .bss.sync_flag
                0x200028d4        0x4 build/energymeter_record.o
                0x200028d4                sync_flag
 .bss.timer_flag
                0x200028d8        0x4 build/energymeter_record.o
                0x200028d8                timer_flag
 .bss.__sf      0x200028dc      0x138 /home/runner/work/fsk-energymeter/fsk-energymeter/toolchain/arm-none-eabi/bin/../lib/gcc/arm-none-eabi/13.2.1/../../../../arm-none-eabi/lib/thumb/v7e-m+fp/hard/libc_nano.a(libc_a-findfp.o)
                0x200028dc                __sf
 .bss.__lock___malloc_recursive_mutex
                0x20002a14        0x1 /home/runner/work/fsk-energymeter/fsk-energymeter/toolchain/arm-none-eabi/bin/../lib/gcc/arm-none-eabi/13.2.1/../../../../arm-none-eabi/lib/thumb/v7e-m+fp/hard/libc_nano.a(libc_a-lock.o)
                0x20002a14                __lock___malloc_recursive_mutex
 *fill*         0x20002a15        0x3 
 .bss.errno     0x20002a18        0x4 /home/runner/work/fsk-energymeter/fsk-energymeter/toolchain/arm-none-eabi/bin/../lib/gcc/arm-none-eabi/13.2.1/../../../../arm-none-eabi/lib/thumb/v7e-m+fp/hard/libc_nano.a(libc_a-reent.o)
                0x20002a18                errno
 .bss.__malloc_sbrk_start
                0x20002a1c        0x4 /home/runner/work/fsk-energymeter/fsk-energymeter/toolchain/arm-none-eabi/bin/../lib/gcc/arm-none-eabi/13.2.1/../../../../arm-none-eabi/lib/thumb/v7e-m+fp/hard/libc_nano.a(libc_a-mallocr.o)
                0x20002a1c                __malloc_sbrk_start
 .bss.__malloc_free_list
                0x20002a20        0x4 /home/runner/work/fsk-energymeter/fsk-energymeter/toolchain/arm-none-eabi/bin/../lib/gcc/arm-none-eabi/13.2.1/../../../../arm-none-eabi/lib/thumb/v7e-m+fp/hard/libc_nano.a(libc_a-mallocr.o)
                0x20002a20                __malloc_free_list
 *(COMMON)
                0x20002a24                        . = ALIGN (0x4)
                0x20002a24                        _ebss = .
                0x20002a24                        __bss_end__ = _ebss

._user_heap_stack
                0x20002a24     0x3004 load address 0x0800aac0
                0x20002a28                        . = ALIGN (0x8)
 *fill*         0x20002a24        0x4 
                [!provide]                        PROVIDE (end = .)
                0x20002a28                        PROVIDE (_end = .)
                0x20004a28                        . = (. + _Min_Heap_Size)
 *fill*         0x20002a28     0x2000 
                0x20005a28                        . = (. + _Min_Stack_Size)
 *fill*         0x20004a28     0x1000 
                0x20005a28                        . = ALIGN (0x8)

/DISCARD/
 libc.a(*)
 libm.a(*)
 libgcc.a(*)

.ARM.attributes
                0x00000000       0x30
 *(.ARM.attributes)
 .ARM.attributes
                0x00000000       0x22 /home/runner/work/fsk-energymeter/fsk-energymeter/toolchain/arm-none-eabi/bin/../lib/gcc/arm-none-eabi/13.2.1/thumb/v7e-m+fp/hard/crti.o
 .ARM.attributes
                0x00000022       0x34 /home/runner/work/fsk-energymeter/fsk-energymeter/toolchain/arm-none-eabi/bin/../lib/gcc/arm-none-eabi/13.2.1/thumb/v7e-m+fp/hard/crtbegin.o
 .ARM.attributes
                0x00000056       0x34 build/main.o
 .ARM.attributes
                0x0000008a       0x34 build/gpio.o
 .ARM.attributes
                0x000000be       0x34 build/usart.o
 .ARM.attributes
                0x000000f2       0x34 build/stm32f4xx_it.o
 .ARM.attributes
                0x00000126       0x34 build/stm32f4xx_hal_msp.o
 .ARM.attributes
                0x0000015a       0x34 build/system_stm32f4xx.o
 .ARM.attributes
                0x0000018e       0x34 build/stm32f4xx_hal_rcc.o
 .ARM.attributes
                0x000001c2       0x34 build/stm32f4xx_hal_rcc_ex.o
 .ARM.attributes
                0x000001f6       0x34 build/stm32f4xx_hal_gpio.o
 .ARM.attributes
                0x0000022a       0x34 build/stm32f4xx_hal_dma.o
 .ARM.attributes
                0x0000025e       0x34 build/stm32f4xx_hal_cortex.o
 .ARM.attributes
                0x00000292       0x34 build/stm32f4xx_hal.o
 .ARM.attributes
                0x000002c6       0x34 build/stm32f4xx_hal_tim.o
 .ARM.attributes
                0x000002fa       0x34 build/stm32f4xx_hal_tim_ex.o
 .ARM.attributes
                0x0000032e       0x34 build/stm32f4xx_hal_uart.o
 .ARM.attributes
                0x00000362       0x34 build/sysmem.o
 .ARM.attributes
                0x00000396       0x34 build/dcd_dwc2.o
 .ARM.attributes
                0x000003ca       0x34 build/tusb_fifo.o
 .ARM.attributes
                0x000003fe       0x34 build/cdc_device.o
 .ARM.attributes
                0x00000432       0x34 build/msc_device.o
 .ARM.attributes
                0x00000466       0x34 build/usbd_control.o
 .ARM.attributes
                0x0000049a       0x34 build/usbd.o
 .ARM.attributes
                0x000004ce       0x34 build/tusb.o
 .ARM.attributes
                0x00000502       0x34 build/adc.o
 .ARM.attributes
                0x00000536       0x34 build/rtc.o
 .ARM.attributes
                0x0000056a       0x34 build/tim.o
 .ARM.attributes
                0x0000059e       0x34 build/stm32f4xx_hal_adc.o
 .ARM.attributes
                0x000005d2       0x34 build/stm32f4xx_hal_adc_ex.o
 .ARM.attributes
                0x00000606       0x34 build/stm32f4xx_hal_rtc.o
 .ARM.attributes
                0x0000063a       0x34 build/stm32f4xx_hal_rtc_ex.o
 .ARM.attributes
                0x0000066e       0x34 build/sdio.o
 .ARM.attributes
                0x000006a2       0x34 build/fatfs.o
 .ARM.attributes
                0x000006d6       0x34 build/stm32f4xx_ll_sdmmc.o
 .ARM.attributes
                0x0000070a       0x34 build/diskio.o
 .ARM.attributes
                0x0000073e       0x34 build/ff.o
 .ARM.attributes
                0x00000772       0x34 build/ff_gen_drv.o
 .ARM.attributes
                0x000007a6       0x34 build/ccsbcs.o
 .ARM.attributes
                0x000007da       0x34 build/stm32f4xx_hal_sd.o
 .ARM.attributes
                0x0000080e       0x34 build/dma.o
 .ARM.attributes
                0x00000842       0x34 build/energymeter.o
 .ARM.attributes
                0x00000876       0x34 build/energymeter_usb.o
 .ARM.attributes
                0x000008aa       0x34 build/energymeter_record.o
 .ARM.attributes
                0x000008de       0x34 build/bsp_driver_sd.o
 .ARM.attributes
                0x00000912       0x34 build/sd_diskio.o
 .ARM.attributes
                0x00000946       0x21 build/startup_stm32f401xc.o
 .ARM.attributes
                0x00000967       0x34 /home/runner/work/fsk-energymeter/fsk-energymeter/toolchain/arm-none-eabi/bin/../lib/gcc/arm-none-eabi/13.2.1/../../../../arm-none-eabi/lib/thumb/v7e-m+fp/hard/libc_nano.a(libc_a-init.o)
 .ARM.attributes
                0x0000099b       0x34 /home/runner/work/fsk-energymeter/fsk-energymeter/toolchain/arm-none-eabi/bin/../lib/gcc/arm-none-eabi/13.2.1/../../../../arm-none-eabi/lib/thumb/v7e-m+fp/hard/libc_nano.a(libc_a-memcpy-stub.o)
 .ARM.attributes
                0x000009cf       0x34 /home/runner/work/fsk-energymeter/fsk-energymeter/toolchain/arm-none-eabi/bin/../lib/gcc/arm-none-eabi/13.2.1/../../../../arm-none-eabi/lib/thumb/v7e-m+fp/hard/libc_nano.a(libc_a-findfp.o)
 .ARM.attributes
                0x00000a03       0x17 /home/runner/work/fsk-energymeter/fsk-energymeter/toolchain/arm-none-eabi/bin/../lib/gcc/arm-none-eabi/13.2.1/../../../../arm-none-eabi/lib/thumb/v7e-m+fp/hard/libc_nano.a(libc_a-strlen.o)
 .ARM.attributes
                0x00000a1a       0x34 /home/runner/work/fsk-energymeter/fsk-energymeter/toolchain/arm-none-eabi/bin/../lib/gcc/arm-none-eabi/13.2.1/../../../../arm-none-eabi/lib/thumb/v7e-m+fp/hard/libc_nano.a(libc_a-sprintf.o)
 .ARM.attributes
                0x00000a4e       0x34 /home/runner/work/fsk-energymeter/fsk-energymeter/toolchain/arm-none-eabi/bin/../lib/gcc/arm-none-eabi/13.2.1/../../../../arm-none-eabi/lib/thumb/v7e-m+fp/hard/libc_nano.a(libc_a-errno.o)
 .ARM.attributes
                0x00000a82       0x34 /home/runner/work/fsk-energymeter/fsk-energymeter/toolchain/arm-none-eabi/bin/../lib/gcc/arm-none-eabi/13.2.1/../../../../arm-none-eabi/lib/thumb/v7e-m+fp/hard/libc_nano.a(libc_a-memmove.o)
 .ARM.attributes
                0x00000ab6       0x34 /home/runner/work/fsk-energymeter/fsk-energymeter/toolchain/arm-none-eabi/bin/../lib/gcc/arm-none-eabi/13.2.1/../../../../arm-none-eabi/lib/thumb/v7e-m+fp/hard/libc_nano.a(libc_a-memset.o)
 .ARM.attributes
                0x00000aea       0x34 /home/runner/work/fsk-energymeter/fsk-energymeter/toolchain/arm-none-eabi/bin/../lib/gcc/arm-none-eabi/13.2.1/../../../../arm-none-eabi/lib/thumb/v7e-m+fp/hard/libc_nano.a(libc_a-lock.o)
 .ARM.attributes
                0x00000b1e       0x34 /home/runner/work/fsk-energymeter/fsk-energymeter/toolchain/arm-none-eabi/bin/../lib/gcc/arm-none-eabi/13.2.1/../../../../arm-none-eabi/lib/thumb/v7e-m+fp/hard/libc_nano.a(libc_a-nano-svfprintf.o)
 .ARM.attributes
                0x00000b52       0x34 /home/runner/work/fsk-energymeter/fsk-energymeter/toolchain/arm-none-eabi/bin/../lib/gcc/arm-none-eabi/13.2.1/../../../../arm-none-eabi/lib/thumb/v7e-m+fp/hard/libc_nano.a(libc_a-nano-vfprintf_i.o)
 .ARM.attributes
                0x00000b86       0x34 /home/runner/work/fsk-energymeter/fsk-energymeter/toolchain/arm-none-eabi/bin/../lib/gcc/arm-none-eabi/13.2.1/../../../../arm-none-eabi/lib/thumb/v7e-m+fp/hard/libc_nano.a(libc_a-reent.o)
 .ARM.attributes
                0x00000bba       0x34 /home/runner/work/fsk-energymeter/fsk-energymeter/toolchain/arm-none-eabi/bin/../lib/gcc/arm-none-eabi/13.2.1/../../../../arm-none-eabi/lib/thumb/v7e-m+fp/hard/libc_nano.a(libc_a-impure.o)
 .ARM.attributes
                0x00000bee       0x1c /home/runner/work/fsk-energymeter/fsk-energymeter/toolchain/arm-none-eabi/bin/../lib/gcc/arm-none-eabi/13.2.1/../../../../arm-none-eabi/lib/thumb/v7e-m+fp/hard/libc_nano.a(libc_a-memchr.o)
 .ARM.attributes
                0x00000c0a       0x34 /home/runner/work/fsk-energymeter/fsk-energymeter/toolchain/arm-none-eabi/bin/../lib/gcc/arm-none-eabi/13.2.1/../../../../arm-none-eabi/lib/thumb/v7e-m+fp/hard/libc_nano.a(libc_a-mallocr.o)
 .ARM.attributes
                0x00000c3e       0x34 /home/runner/work/fsk-energymeter/fsk-energymeter/toolchain/arm-none-eabi/bin/../lib/gcc/arm-none-eabi/13.2.1/../../../../arm-none-eabi/lib/thumb/v7e-m+fp/hard/libc_nano.a(libc_a-mlock.o)
 .ARM.attributes
                0x00000c72       0x34 /home/runner/work/fsk-energymeter/fsk-energymeter/toolchain/arm-none-eabi/bin/../lib/gcc/arm-none-eabi/13.2.1/../../../../arm-none-eabi/lib/thumb/v7e-m+fp/hard/libc_nano.a(libc_a-sbrkr.o)
 .ARM.attributes
                0x00000ca6       0x34 /home/runner/work/fsk-energymeter/fsk-energymeter/toolchain/arm-none-eabi/bin/../lib/gcc/arm-none-eabi/13.2.1/../../../../arm-none-eabi/lib/thumb/v7e-m+fp/hard/libc_nano.a(libc_a-reallocr.o)
 .ARM.attributes
                0x00000cda       0x34 /home/runner/work/fsk-energymeter/fsk-energymeter/toolchain/arm-none-eabi/bin/../lib/gcc/arm-none-eabi/13.2.1/../../../../arm-none-eabi/lib/thumb/v7e-m+fp/hard/libc_nano.a(libc_a-freer.o)
 .ARM.attributes
                0x00000d0e       0x34 /home/runner/work/fsk-energymeter/fsk-energymeter/toolchain/arm-none-eabi/bin/../lib/gcc/arm-none-eabi/13.2.1/../../../../arm-none-eabi/lib/thumb/v7e-m+fp/hard/libc_nano.a(libc_a-msizer.o)
 .ARM.attributes
                0x00000d42       0x22 /home/runner/work/fsk-energymeter/fsk-energymeter/toolchain/arm-none-eabi/bin/../lib/gcc/arm-none-eabi/13.2.1/thumb/v7e-m+fp/hard/libgcc.a(_aeabi_uldivmod.o)
 .ARM.attributes
                0x00000d64       0x34 /home/runner/work/fsk-energymeter/fsk-energymeter/toolchain/arm-none-eabi/bin/../lib/gcc/arm-none-eabi/13.2.1/thumb/v7e-m+fp/hard/libgcc.a(_udivmoddi4.o)
 .ARM.attributes
                0x00000d98       0x22 /home/runner/work/fsk-energymeter/fsk-energymeter/toolchain/arm-none-eabi/bin/../lib/gcc/arm-none-eabi/13.2.1/thumb/v7e-m+fp/hard/libgcc.a(_dvmd_tls.o)
 .ARM.attributes
                0x00000dba       0x34 /home/runner/work/fsk-energymeter/fsk-energymeter/toolchain/arm-none-eabi/bin/../lib/gcc/arm-none-eabi/13.2.1/thumb/v7e-m+fp/hard/crtend.o
 .ARM.attributes
                0x00000dee       0x22 /home/runner/work/fsk-energymeter/fsk-energymeter/toolchain/arm-none-eabi/bin/../lib/gcc/arm-none-eabi/13.2.1/thumb/v7e-m+fp/hard/crtn.o
OUTPUT(build/firmware.elf elf32-littlearm)
LOAD linker stubs
LOAD /home/runner/work/fsk-energymeter/fsk-energymeter/toolchain/arm-none-eabi/bin/../lib/gcc/arm-none-eabi/13.2.1/../../../../arm-none-eabi/lib/thumb/v7e-m+fp/hard/libc.a
LOAD /home/runner/work/fsk-energymeter/fsk-energymeter/toolchain/arm-none-eabi/bin/../lib/gcc/arm-none-eabi/13.2.1/../../../../arm-none-eabi/lib/thumb/v7e-m+fp/hard/libm.a
LOAD /home/runner/work/fsk-energymeter/fsk-energymeter/toolchain/arm-none-eabi/bin/../lib/gcc/arm-none-eabi/13.2.1/thumb/v7e-m+fp/hard/libgcc.a

.debug_info     0x00000000    0x40a3a
 .debug_info    0x00000000      0xe19 build/main.o
 .debug_info    0x00000e19      0x557 build/gpio.o
 .debug_info    0x00001370      0xb3a build/usart.o
 .debug_info    0x00001eaa     0x1025 build/stm32f4xx_it.o
 .debug_info    0x00002ecf      0x319 build/stm32f4xx_hal_msp.o
 .debug_info    0x000031e8      0x5e5 build/system_stm32f4xx.o
 .debug_info    0x000037cd      0xc9f build/stm32f4xx_hal_rcc.o
 .debug_info    0x0000446c      0x73e build/stm32f4xx_hal_rcc_ex.o
 .debug_info    0x00004baa      0x874 build/stm32f4xx_hal_gpio.o
 .debug_info    0x0000541e      0xc17 build/stm32f4xx_hal_dma.o
 .debug_info    0x00006035     0x1185 build/stm32f4xx_hal_cortex.o
 .debug_info    0x000071ba      0xabc build/stm32f4xx_hal.o
 .debug_info    0x00007c76     0x4c79 build/stm32f4xx_hal_tim.o
 .debug_info    0x0000c8ef     0x1e13 build/stm32f4xx_hal_tim_ex.o
 .debug_info    0x0000e702     0x443f build/stm32f4xx_hal_uart.o
 .debug_info    0x00012b41      0x19c build/sysmem.o
 .debug_info    0x00012cdd     0x3b6c build/dcd_dwc2.o
 .debug_info    0x00016849     0x26e3 build/tusb_fifo.o
 .debug_info    0x00018f2c     0x1c5a build/cdc_device.o
 .debug_info    0x0001ab86     0x30a2 build/msc_device.o
 .debug_info    0x0001dc28      0xa90 build/usbd_control.o
 .debug_info    0x0001e6b8     0x436b build/usbd.o
 .debug_info    0x00022a23     0x1939 build/tusb.o
 .debug_info    0x0002435c      0xf3e build/adc.o
 .debug_info    0x0002529a      0x8a1 build/rtc.o
 .debug_info    0x00025b3b      0xda6 build/tim.o
 .debug_info    0x000268e1     0x1012 build/stm32f4xx_hal_adc.o
 .debug_info    0x000278f3      0xde7 build/stm32f4xx_hal_adc_ex.o
 .debug_info    0x000286da     0x15b6 build/stm32f4xx_hal_rtc.o
 .debug_info    0x00029c90     0x1366 build/stm32f4xx_hal_rtc_ex.o
 .debug_info    0x0002aff6      0xe92 build/sdio.o
 .debug_info    0x0002be88      0xb59 build/fatfs.o
 .debug_info    0x0002c9e1     0x22aa build/stm32f4xx_ll_sdmmc.o
 .debug_info    0x0002ec8b      0x4fb build/diskio.o
 .debug_info    0x0002f186     0x7cfa build/ff.o
 .debug_info    0x00036e80      0x60c build/ff_gen_drv.o
 .debug_info    0x0003748c      0x1f7 build/ccsbcs.o
 .debug_info    0x00037683     0x2a28 build/stm32f4xx_hal_sd.o
 .debug_info    0x0003a0ab      0x500 build/dma.o
 .debug_info    0x0003a5ab      0xe93 build/energymeter.o
 .debug_info    0x0003b43e     0x28e7 build/energymeter_usb.o
 .debug_info    0x0003dd25     0x17ab build/energymeter_record.o
 .debug_info    0x0003f4d0      0xdf5 build/bsp_driver_sd.o
 .debug_info    0x000402c5      0x745 build/sd_diskio.o
 .debug_info    0x00040a0a       0x30 build/startup_stm32f401xc.o

.debug_abbrev   0x00000000     0x86b4
 .debug_abbrev  0x00000000      0x25f build/main.o
 .debug_abbrev  0x0000025f      0x169 build/gpio.o
 .debug_abbrev  0x000003c8      0x245 build/usart.o
 .debug_abbrev  0x0000060d      0x264 build/stm32f4xx_it.o
 .debug_abbrev  0x00000871       0xd1 build/stm32f4xx_hal_msp.o
 .debug_abbrev  0x00000942      0x11b build/system_stm32f4xx.o
 .debug_abbrev  0x00000a5d      0x381 build/stm32f4xx_hal_rcc.o
 .debug_abbrev  0x00000dde      0x1da build/stm32f4xx_hal_rcc_ex.o
 .debug_abbrev  0x00000fb8      0x23d build/stm32f4xx_hal_gpio.o
 .debug_abbrev  0x000011f5      0x310 build/stm32f4xx_hal_dma.o
 .debug_abbrev  0x00001505      0x380 build/stm32f4xx_hal_cortex.o
 .debug_abbrev  0x00001885      0x2b9 build/stm32f4xx_hal.o
 .debug_abbrev  0x00001b3e      0x3b9 build/stm32f4xx_hal_tim.o
 .debug_abbrev  0x00001ef7      0x37c build/stm32f4xx_hal_tim_ex.o
 .debug_abbrev  0x00002273      0x48a build/stm32f4xx_hal_uart.o
 .debug_abbrev  0x000026fd       0xdc build/sysmem.o
 .debug_abbrev  0x000027d9      0x684 build/dcd_dwc2.o
 .debug_abbrev  0x00002e5d      0x4d4 build/tusb_fifo.o
 .debug_abbrev  0x00003331      0x54a build/cdc_device.o
 .debug_abbrev  0x0000387b      0x5e0 build/msc_device.o
 .debug_abbrev  0x00003e5b      0x3b6 build/usbd_control.o
 .debug_abbrev  0x00004211      0x777 build/usbd.o
 .debug_abbrev  0x00004988      0x47b build/tusb.o
 .debug_abbrev  0x00004e03      0x23a build/adc.o
 .debug_abbrev  0x0000503d      0x1db build/rtc.o
 .debug_abbrev  0x00005218      0x248 build/tim.o
 .debug_abbrev  0x00005460      0x2c6 build/stm32f4xx_hal_adc.o
 .debug_abbrev  0x00005726      0x2b5 build/stm32f4xx_hal_adc_ex.o
 .debug_abbrev  0x000059db      0x367 build/stm32f4xx_hal_rtc.o
 .debug_abbrev  0x00005d42      0x2b5 build/stm32f4xx_hal_rtc_ex.o
 .debug_abbrev  0x00005ff7      0x20f build/sdio.o
 .debug_abbrev  0x00006206      0x1ee build/fatfs.o
 .debug_abbrev  0x000063f4      0x327 build/stm32f4xx_ll_sdmmc.o
 .debug_abbrev  0x0000671b      0x1de build/diskio.o
 .debug_abbrev  0x000068f9      0x460 build/ff.o
 .debug_abbrev  0x00006d59      0x245 build/ff_gen_drv.o
 .debug_abbrev  0x00006f9e       0xe1 build/ccsbcs.o
 .debug_abbrev  0x0000707f      0x3d7 build/stm32f4xx_hal_sd.o
 .debug_abbrev  0x00007456      0x130 build/dma.o
 .debug_abbrev  0x00007586      0x220 build/energymeter.o
 .debug_abbrev  0x000077a6      0x606 build/energymeter_usb.o
 .debug_abbrev  0x00007dac      0x3c4 build/energymeter_record.o
 .debug_abbrev  0x00008170      0x2a3 build/bsp_driver_sd.o
 .debug_abbrev  0x00008413      0x284 build/sd_diskio.o
 .debug_abbrev  0x00008697       0x1d build/startup_stm32f401xc.o

.debug_loc      0x00000000    0x399c6
 .debug_loc     0x00000000      0x12b build/main.o
 .debug_loc     0x0000012b       0x38 build/gpio.o
 .debug_loc     0x00000163       0xd2 build/usart.o
 .debug_loc     0x00000235       0x20 build/stm32f4xx_it.o
 .debug_loc     0x00000255       0x2c build/stm32f4xx_hal_msp.o
 .debug_loc     0x00000281      0x167 build/system_stm32f4xx.o
 .debug_loc     0x000003e8      0x6ae build/stm32f4xx_hal_rcc.o
 .debug_loc     0x00000a96      0x484 build/stm32f4xx_hal_rcc_ex.o
 .debug_loc     0x00000f1a      0x605 build/stm32f4xx_hal_gpio.o
 .debug_loc     0x0000151f      0xba8 build/stm32f4xx_hal_dma.o
 .debug_loc     0x000020c7      0x97f build/stm32f4xx_hal_cortex.o
 .debug_loc     0x00002a46      0x21a build/stm32f4xx_hal.o
 .debug_loc     0x00002c60     0x6b7f build/stm32f4xx_hal_tim.o
 .debug_loc     0x000097df     0x1f62 build/stm32f4xx_hal_tim_ex.o
 .debug_loc     0x0000b741     0x4fa2 build/stm32f4xx_hal_uart.o
 .debug_loc     0x000106e3       0x9c build/sysmem.o
 .debug_loc     0x0001077f     0x2ae4 build/dcd_dwc2.o
 .debug_loc     0x00013263     0x3570 build/tusb_fifo.o
 .debug_loc     0x000167d3     0x11b5 build/cdc_device.o
 .debug_loc     0x00017988     0x26ce build/msc_device.o
 .debug_loc     0x0001a056      0x72d build/usbd_control.o
 .debug_loc     0x0001a783     0x35fb build/usbd.o
 .debug_loc     0x0001dd7e     0x1391 build/tusb.o
 .debug_loc     0x0001f10f      0x13e build/adc.o
 .debug_loc     0x0001f24d       0xe3 build/rtc.o
 .debug_loc     0x0001f330       0xf6 build/tim.o
 .debug_loc     0x0001f426      0xdc2 build/stm32f4xx_hal_adc.o
 .debug_loc     0x000201e8      0xcbc build/stm32f4xx_hal_adc_ex.o
 .debug_loc     0x00020ea4     0x17a3 build/stm32f4xx_hal_rtc.o
 .debug_loc     0x00022647     0x1470 build/stm32f4xx_hal_rtc_ex.o
 .debug_loc     0x00023ab7      0x100 build/sdio.o
 .debug_loc     0x00023bb7       0x58 build/fatfs.o
 .debug_loc     0x00023c0f     0x31c4 build/stm32f4xx_ll_sdmmc.o
 .debug_loc     0x00026dd3      0x2ff build/diskio.o
 .debug_loc     0x000270d2     0xd8fa build/ff.o
 .debug_loc     0x000349cc      0x78f build/ff_gen_drv.o
 .debug_loc     0x0003515b      0x381 build/ccsbcs.o
 .debug_loc     0x000354dc     0x2ac1 build/stm32f4xx_hal_sd.o
 .debug_loc     0x00037f9d       0x44 build/dma.o
 .debug_loc     0x00037fe1       0x50 build/energymeter.o
 .debug_loc     0x00038031      0xacf build/energymeter_usb.o
 .debug_loc     0x00038b00      0x2ec build/energymeter_record.o
 .debug_loc     0x00038dec      0x6b0 build/bsp_driver_sd.o
 .debug_loc     0x0003949c      0x52a build/sd_diskio.o

.debug_aranges  0x00000000     0x1c78
 .debug_aranges
                0x00000000       0x38 build/main.o
 .debug_aranges
                0x00000038       0x20 build/gpio.o
 .debug_aranges
                0x00000058       0x30 build/usart.o
 .debug_aranges
                0x00000088       0x88 build/stm32f4xx_it.o
 .debug_aranges
                0x00000110       0x20 build/stm32f4xx_hal_msp.o
 .debug_aranges
                0x00000130       0x28 build/system_stm32f4xx.o
 .debug_aranges
                0x00000158       0x88 build/stm32f4xx_hal_rcc.o
 .debug_aranges
                0x000001e0       0x48 build/stm32f4xx_hal_rcc_ex.o
 .debug_aranges
                0x00000228       0x58 build/stm32f4xx_hal_gpio.o
 .debug_aranges
                0x00000280       0x78 build/stm32f4xx_hal_dma.o
 .debug_aranges
                0x000002f8       0xc0 build/stm32f4xx_hal_cortex.o
 .debug_aranges
                0x000003b8       0xf0 build/stm32f4xx_hal.o
 .debug_aranges
                0x000004a8      0x3a0 build/stm32f4xx_hal_tim.o
 .debug_aranges
                0x00000848      0x160 build/stm32f4xx_hal_tim_ex.o
 .debug_aranges
                0x000009a8      0x1e8 build/stm32f4xx_hal_uart.o
 .debug_aranges
                0x00000b90       0x20 build/sysmem.o
 .debug_aranges
                0x00000bb0       0xc8 build/dcd_dwc2.o
 .debug_aranges
                0x00000c78       0xd0 build/tusb_fifo.o
 .debug_aranges
                0x00000d48       0xc0 build/cdc_device.o
 .debug_aranges
                0x00000e08       0x70 build/msc_device.o
 .debug_aranges
                0x00000e78       0x58 build/usbd_control.o
 .debug_aranges
                0x00000ed0      0x178 build/usbd.o
 .debug_aranges
                0x00001048       0xa8 build/tusb.o
 .debug_aranges
                0x000010f0       0x30 build/adc.o
 .debug_aranges
                0x00001120       0x30 build/rtc.o
 .debug_aranges
                0x00001150       0x30 build/tim.o
 .debug_aranges
                0x00001180       0xe0 build/stm32f4xx_hal_adc.o
 .debug_aranges
                0x00001260       0x90 build/stm32f4xx_hal_adc_ex.o
 .debug_aranges
                0x000012f0       0xe8 build/stm32f4xx_hal_rtc.o
 .debug_aranges
                0x000013d8      0x120 build/stm32f4xx_hal_rtc_ex.o
 .debug_aranges
                0x000014f8       0x30 build/sdio.o
 .debug_aranges
                0x00001528       0x28 build/fatfs.o
 .debug_aranges
                0x00001550      0x180 build/stm32f4xx_ll_sdmmc.o
 .debug_aranges
                0x000016d0       0x48 build/diskio.o
 .debug_aranges
                0x00001718      0x1a0 build/ff.o
 .debug_aranges
                0x000018b8       0x40 build/ff_gen_drv.o
 .debug_aranges
                0x000018f8       0x28 build/ccsbcs.o
 .debug_aranges
                0x00001920      0x120 build/stm32f4xx_hal_sd.o
 .debug_aranges
                0x00001a40       0x20 build/dma.o
 .debug_aranges
                0x00001a60       0x20 build/energymeter.o
 .debug_aranges
                0x00001a80       0xb8 build/energymeter_usb.o
 .debug_aranges
                0x00001b38       0x38 build/energymeter_record.o
 .debug_aranges
                0x00001b70       0xa0 build/bsp_driver_sd.o
 .debug_aranges